05-09 20:39:19.130  8468  8468 W Keyboard: Keyboard.getKeyboardViewHelper():607 null helper is returned: keyboardDef=oci{processedConditions={}, globalConditions={global_theme_key=theme,!gsf,!pgsans,!pgsf,!use_system_font,BORDER,FLAVOR_DPI=XXHDPI,IS_LIGHT,KEYBOARD_WIDTH_CATEGORY=NORMAL,KEY_BORDER_SHAPE=1,LIGHT_THEME=true,PHYSICAL_DIAGONAL=6.225089,POPUP,SCREEN_SHORTEST_WIDTH=427,SCREEN_SHORTEST_WIDTH_NO_SCALE=427,SW400DP,XXHDPI,bottom4dp,enable_popup_on_keypress=true,keyboard_redesign_google_sans=true,non_linear_scale,noshadow,overlay_builtin_dynamic_color_light_base.binarypb:gm3-light-fffaf8fe-ff4c5e8b-4fb1adea13304a190d4abf12326cf60c,silkpopup, global_locale=en_US, global_density_dpi=480, global_orientation=1}, className=.latin.keyboard.AccessoryKeyboard, resourceIds=[#0x7f17004d], initialStates=0, keyboardViewDefs=[ocy{direction=null, id=#0x7f0b0229, isScalable=false, layoutId=#0x7f0e0030, type=FLOATING_CANDIDATES, touchable=true, defaultShow=false}], persistentStates=0, persistentStatesPrefKey=null, popupBubbleLayoutId=#0x7f0e0611, recentKeyLayoutId=#0x0, recentKeyPopupLayoutId=#0x0, recentKeyType=null, rememberRecentKey=NONE, sessionStates=0}, type=BODY, helpersCreated={FLOATING_CANDIDATES=nnb@79f9b62}, context.getResources().getConfiguration(): {1.0 310mcc260mnc [en_US] ldltr sw427dp w427dp h952dp 480dpi nrml long compactNeeded port finger qwerty/v/v dpad/v winConfig={ mBounds=Rect(0, 0 - 1280, 2856) mAppBounds=Rect(0, 0 - 1280, 2856) mMaxBounds=Rect(0, 0 - 1280, 2856) mDisplayRotation=ROTATION_0 mWindowingMode=fullscreen mActivityType=undefined mAlwaysOnTop=undefined mRotation=ROTATION_0} as.3 s.52 fontWeightAdjustment=0}
05-09 20:39:19.130  8468  8468 I ProactiveSuggestionsHolder: ProactiveSuggestionsHolder.maybeShowPendingSuggestions():352 has pending suggestions to show: [CLIPBOARD]
05-09 20:39:19.136  8468  8468 I AndroidIME: InputBundleManager.startInput():372 startInput() with ocu[keyboardType=accessory, payload=null]
05-09 20:39:19.136  8468  8468 W ExtensionWrapper: ExtensionWrapper.setAllowUpdateNavigationBarStyle():887 class kwe is not activate
05-09 20:39:19.141  8468  8468 I KeyboardViewController: KeyboardViewController.hide():988 Requesting to hide sub view with id 2131436909 #0x7f0b256d which doesn't exist in current keyboard view
05-09 20:39:19.141  8468  8468 W ExtensionWrapper: ExtensionWrapper.setAllowUpdateNavigationBarStyle():887 class kwe is not activate
05-09 20:39:19.141  8468  8468 W SupplementaryKeyboardsWrapper: SupplementaryKeyboardsWrapper.deactivateKeyboard():162 keyboard composing_text_consumer is not activated before!
05-09 20:39:19.141  8468  8468 I GlobeKeyExtension: GlobeKeyExtension.onDeactivate():154
05-09 20:39:19.142  8468  8504 I Delight5Decoder: Delight5DecoderWrapper.setKeyboardLayout():551 setKeyboardLayout()
05-09 20:39:19.144  8468  8468 I VoiceInputManagerWrapper: VoiceInputManagerWrapper.shutdown():131 shutdown()
05-09 20:39:19.145  8468  8468 W AutoPasteSuggestionHelper: AutoPasteSuggestionHelper.setMaxWidthOfChipTextView():1079 Failed to get the width of the proactive suggestion view holder in HEADER.
05-09 20:39:19.146  8468  8468 W AutoPasteSuggestionHelper: AutoPasteSuggestionHelper.setMaxWidthOfChipTextView():1079 Failed to get the width of the proactive suggestion view holder in HEADER.
05-09 20:39:19.147  8468  8468 W AutoPasteSuggestionHelper: AutoPasteSuggestionHelper.setMaxWidthOfChipTextView():1079 Failed to get the width of the proactive suggestion view holder in WIDGET.
05-09 20:39:19.147  8468  8468 I ProactiveSuggestionsHolderManager: ProactiveSuggestionsHolderManager$displaySuggestionsListener$1.display():238 Requesting to show proactive suggestions: CLIPBOARD PREEMPTIVE_WITH_SUPPRESSION in HEADER
05-09 20:39:19.147  8468  8468 I ProactiveSuggestionsHolderManager: ProactiveSuggestionsHolderManager$displaySuggestionsListener$1.display():259 suggestions CLIPBOARD are pending to show on HEADER
05-09 20:39:19.147  8468  8468 I ProactiveSuggestionsHolderManager: ProactiveSuggestionsHolderManager$displaySuggestionsListener$1.display():238 Requesting to show proactive suggestions: CLIPBOARD PREEMPTIVE_WITH_SUPPRESSION in FLOATING_CANDIDATES
05-09 20:39:19.147  8468  8468 I ProactiveSuggestionsHolderManager: ProactiveSuggestionsHolderManager$displaySuggestionsListener$1.display():238 Requesting to show proactive suggestions: CLIPBOARD PREEMPTIVE_WITH_SUPPRESSION in WIDGET
05-09 20:39:19.147  8468  8468 I ProactiveSuggestionsHolderManager: ProactiveSuggestionsHolderManager$displaySuggestionsListener$1.display():259 suggestions CLIPBOARD are pending to show on WIDGET
05-09 20:39:19.147  8468  8468 I PkModeUpdater: PkModeUpdater.onActivate():76 onActivate false true
05-09 20:39:19.147  8468  8468 I AccessoryInputModeManager: AccessoryInputModeManager.onModeStarted():346 Accessory input mode started: STYLUS
05-09 20:39:19.147  8468  8468 W ExtensionWrapper: ExtensionWrapper.setAllowUpdateNavigationBarStyle():887 class kwe is not activate
05-09 20:39:19.147  8468  8468 I WidgetViewShowingController: WidgetViewShowingController.showWidgetKeyboardInternal():532 Show companion widget
05-09 20:39:19.147  8468  8468 W StatusViewController: StatusViewController.updateKeyboardView():46 Failed to inflate voice header view [UD]
05-09 20:39:19.149  8468  8468 W ExtensionWrapper: ExtensionWrapper.setAllowUpdateNavigationBarStyle():887 class kwe is not activate
05-09 20:39:19.149  8468  8468 I WidgetViewShowingPositionHandler: WidgetViewShowingPositionHandler.updateAvailableArea():199 update available area Rect(24, 180 - 1256, 2778)
05-09 20:39:19.149  8468  8468 W SupplementaryKeyboardsWrapper: SupplementaryKeyboardsWrapper.deactivateKeyboard():162 keyboard composing_text_consumer is not activated before!
05-09 20:39:19.149  8468  8468 I GlobeKeyExtension: GlobeKeyExtension.onActivate():130
05-09 20:39:19.149  8468  8468 I BaseKeyboardSizeHelper: BaseKeyboardSizeHelper.calculateMaxKeyboardBodyHeight():73 leave 321 height for app when ime window height:2628, header height:132 and isFullscreenMode:false, so the max keyboard body height is:2175
05-09 20:39:19.149  8468  8468 I BaseKeyboardSizeHelper: BaseKeyboardSizeHelper.calculateMaxKeyboardBodyHeight():73 leave 321 height for app when ime window height:2628, header height:132 and isFullscreenMode:false, so the max keyboard body height is:2175
05-09 20:39:19.149  8468  8468 W ExtensionWrapper: ExtensionWrapper.setExtensionViewVisibility():878 interface nqy is not activate
05-09 20:39:19.149  8468  8468 I VoiceInputManagerWrapper: VoiceInputManagerWrapper.cancelShutdown():109 cancelShutdown()
05-09 20:39:19.149  8468  8468 I VoiceInputManagerWrapper: VoiceInputManagerWrapper.syncLanguagePacks():121 syncLanguagePacks()
05-09 20:39:19.149  8468  8468 I VoiceInputManager: VoiceInputManager.onKeyboardActivated():1204 onKeyboardActivated() [UD]
05-09 20:39:19.150  8468 10614 I SpeechFactory: SpeechRecognitionFactory.maybeScheduleAutoPackDownloadForFallback():221 maybeScheduleAutoPackDownloadForFallback()
05-09 20:39:19.150  8468 10614 I FallbackOnDeviceRecognitionProvider: FallbackOnDeviceRecognitionProvider.maybeScheduleAutoPackDownload():213 maybeScheduleAutoPackDownload() for language tag en-US
05-09 20:39:19.152  8468  8468 I Module  : DeviceLockedStatusModuleProvider$Module.updateDeviceLockedStatus():103 repeatCheckTimes = 1, locked = false
05-09 20:39:19.152  8468  8468 I NoticeManager: NoticeManager.post():160 Posting notice [import_user_contacts] to default priority queue
05-09 20:39:19.152  8468  8468 I VoiceImeExtension: VoiceImeExtension.shouldStartVoiceInputAutomaticallyInCurrentInputBox():384 No private IME option set to start voice input.
05-09 20:39:19.153  8468   994 I SystemHapticSettings: SystemHapticSettings.updateSystemVibrationState():63 update vibration state: true
05-09 20:39:19.153  8468  8468 I StylusModule: StylusModule.onUpdateToolType():774 Update tool type = 2
05-09 20:39:19.154  8468  8493 I ScribeHandwritingRecognizerWrapper: ScribeHandwritingRecognizerWrapper.setupRecognizer():111 model paths
05-09 20:39:19.154  8468  8493 I ScribeHandwritingRecognizerWrapper: gesture recospec=null
05-09 20:39:19.154  8468  8493 I ScribeHandwritingRecognizerWrapper: gesture lstm=null
05-09 20:39:19.154  8468  8493 I ScribeHandwritingRecognizerWrapper: writing recospec=null
05-09 20:39:19.154  8468  8493 I ScribeHandwritingRecognizerWrapper: confidence model=null
05-09 20:39:19.154  8468  8493 I ScribeHandwritingRecognizerWrapper: writing segmentor=null
05-09 20:39:19.154  8468  8493 I ScribeHandwritingRecognizerWrapper: writinglstm=null
05-09 20:39:19.154  8468  8493 I ScribeHandwritingRecognizerWrapper: writingfst=null
05-09 20:39:19.154  8468  8493 I ScribeHandwritingRecognizerWrapper:
05-09 20:39:19.183  8468  8468 I GoogleInputMethodService: GoogleInputMethodService$1.onKeyboardViewShown():344 onKeyboardViewShown: keyboardType=accessory, keyboardViewType=HEADER keyboardView=null
05-09 20:39:19.183  8468  8468 W Keyboard: Keyboard.getKeyboardViewHelper():607 null helper is returned: keyboardDef=oci{processedConditions={}, globalConditions={}, className=com.google.android.libraries.inputmethod.keyboard.impl.Keyboard, resourceIds=[#0x7f17004e], initialStates=0, keyboardViewDefs=[], persistentStates=0, persistentStatesPrefKey=null, popupBubbleLayoutId=#0x0, recentKeyLayoutId=#0x0, recentKeyPopupLayoutId=#0x0, recentKeyType=null, rememberRecentKey=NONE, sessionStates=0}, type=BODY, helpersCreated={}, context.getResources().getConfiguration(): {1.0 310mcc260mnc [en_US] ldltr sw427dp w427dp h952dp 480dpi nrml long compactNeeded port finger qwerty/v/v dpad/v winConfig={ mBounds=Rect(0, 0 - 1280, 2856) mAppBounds=Rect(0, 0 - 1280, 2856) mMaxBounds=Rect(0, 0 - 1280, 2856) mDisplayRotation=ROTATION_0 mWindowingMode=fullscreen mActivityType=undefined mAlwaysOnTop=undefined mRotation=ROTATION_0} as.3 s.52 fontWeightAdjustment=0}
05-09 20:39:19.184  8468  8468 I GoogleInputMethodService: GoogleInputMethodService$1.onKeyboardViewShown():344 onKeyboardViewShown: keyboardType=accessory, keyboardViewType=BODY keyboardView=null
05-09 20:39:19.184  8468  8468 W Keyboard: Keyboard.getKeyboardViewHelper():607 null helper is returned: keyboardDef=oci{processedConditions={}, globalConditions={}, className=com.google.android.libraries.inputmethod.keyboard.impl.Keyboard, resourceIds=[#0x7f17004e], initialStates=0, keyboardViewDefs=[], persistentStates=0, persistentStatesPrefKey=null, popupBubbleLayoutId=#0x0, recentKeyLayoutId=#0x0, recentKeyPopupLayoutId=#0x0, recentKeyType=null, rememberRecentKey=NONE, sessionStates=0}, type=BODY, helpersCreated={}, context.getResources().getConfiguration(): {1.0 310mcc260mnc [en_US] ldltr sw427dp w427dp h952dp 480dpi nrml long compactNeeded port finger qwerty/v/v dpad/v winConfig={ mBounds=Rect(0, 0 - 1280, 2856) mAppBounds=Rect(0, 0 - 1280, 2856) mMaxBounds=Rect(0, 0 - 1280, 2856) mDisplayRotation=ROTATION_0 mWindowingMode=fullscreen mActivityType=undefined mAlwaysOnTop=undefined mRotation=ROTATION_0} as.3 s.52 fontWeightAdjustment=0}
05-09 20:39:19.188  8468  8476 W SP      : File ref is being finalized but wasn't closed, file: pack_mapping_v1_lstm_20260206[483]
05-09 20:39:19.194  8468  8476 W SP      : File ref is being finalized but wasn't closed, file: pack_mapping_v1_lstm_20260206[483]
05-09 20:39:19.194  8468  8476 W SP      : File ref is being finalized but wasn't closed, file: pack_mapping_v1_lstm_20260206[483]
05-09 20:39:19.194  8468  8476 W SP      : File ref is being finalized but wasn't closed, file: pack_mapping_v1_lstm_20260206[483]
05-09 20:39:19.216 19992 19992 D BoundBrokerSvc: onUnbind: Intent { act=com.google.android.gms.feedback.internal.IFeedbackService dat=chimera-action:/... xflg=0x4 cmp=com.google.android.gms/.chimera.GmsBoundBrokerService }
05-09 20:39:19.222  8468  8476 W SP      : File ref is being finalized but wasn't closed, file: pack_mapping_v1_lstm_20260206[483]
05-09 20:39:19.223  8468  8476 W SP      : File ref is being finalized but wasn't closed, file: pack_mapping_v1_lstm_20260206[483]
05-09 20:39:19.223  8468  8476 W SP      : File ref is being finalized but wasn't closed, file: pack_mapping_v1_lstm_20260206[483]
05-09 20:39:19.223  8468  8476 W SP      : File ref is being finalized but wasn't closed, file: pack_mapping_v1_lstm_20260206[483]
05-09 20:39:19.241   499   602 W skia    : AGTM parsing failed flags.readFromStream(s) at 159
05-09 20:39:19.241   499   602 W skia    : AGTM parsing failed flags.readFromStream(s) at 159
05-09 20:39:19.301  2573  2672 D NetworkPerf: [/prizes] --> INICIO
05-09 20:39:19.303  2573  2672 I okhttp.OkHttpClient: --> POST https://backvynils-543995823892.us-central1.run.app/prizes (128-byte body)
05-09 20:39:19.357  8468  8468 I LatinIme: LatinIme.resetInputContext():2284 resetInputContext(): reason=5, externalEditsInfo=ExternalEditsInfo{action=0, offset=-1, text=null, originalText=null, edits=null}
05-09 20:39:19.376  8468  8468 W TooltipLifecycleManager: TooltipLifecycleManager.dismissTooltips():153 Tooltip with id spell_check_add_to_dictionary not found in tooltipManager.
05-09 20:39:19.377  8468  8468 I UndoStack: UndoStack.offer$mayClearStack():165 InputContext OTHER_TEXT_CHANGE with content updates to clear undo
05-09 20:39:19.429   501   501 I adbd    : adbd service requested 'shell,v2,raw:dumpsys package com.google.android.gms'
05-09 20:39:19.444  2573  2672 I okhttp.OkHttpClient: <-- 200 https://backvynils-543995823892.us-central1.run.app/prizes (140ms, 136-byte body)
05-09 20:39:19.507   499   602 W skia    : AGTM parsing failed flags.readFromStream(s) at 159
05-09 20:39:19.507   499   602 W skia    : AGTM parsing failed flags.readFromStream(s) at 159
05-09 20:39:19.539  3713  3726 I artd    : GetBestInfo: odex next to the dex file (/data/app/~~mhgDiNMgaDWl5PolxioL9w==/com.google.android.gms-xnyh92E0gCB97NnydWtj9g==/oat/arm64/base.odex) is kOatUpToDate with filter 'speed-profile' executable 'false'
05-09 20:39:19.553  3713  3726 I artd    : GetBestInfo: dm (/data/app/~~mhgDiNMgaDWl5PolxioL9w==/com.google.android.gms-xnyh92E0gCB97NnydWtj9g==/split_AdsDynamite_installtime.dm) is kOatUpToDate with filter 'verify' executable 'false'
05-09 20:39:19.560  3713  3726 I artd    : GetBestInfo: dm (/data/app/~~mhgDiNMgaDWl5PolxioL9w==/com.google.android.gms-xnyh92E0gCB97NnydWtj9g==/split_CronetDynamite_installtime.dm) is kOatUpToDate with filter 'verify' executable 'false'
05-09 20:39:19.565  3713  3726 I artd    : GetBestInfo: dm (/data/app/~~mhgDiNMgaDWl5PolxioL9w==/com.google.android.gms-xnyh92E0gCB97NnydWtj9g==/split_DynamiteLoader_installtime.dm) is kOatUpToDate with filter 'verify' executable 'false'
05-09 20:39:19.566  3713  3726 I artd    : GetBestInfo: dm (/data/app/~~mhgDiNMgaDWl5PolxioL9w==/com.google.android.gms-xnyh92E0gCB97NnydWtj9g==/split_DynamiteModulesA_installtime.dm) is kOatUpToDate with filter 'verify' executable 'false'
05-09 20:39:19.567  3713  3726 I artd    : GetBestInfo: dm (/data/app/~~mhgDiNMgaDWl5PolxioL9w==/com.google.android.gms-xnyh92E0gCB97NnydWtj9g==/split_DynamiteModulesC_installtime.dm) is kOatUpToDate with filter 'verify' executable 'false'
05-09 20:39:19.574   499   602 W skia    : AGTM parsing failed flags.readFromStream(s) at 159
05-09 20:39:19.574   499   602 W skia    : AGTM parsing failed flags.readFromStream(s) at 159
05-09 20:39:19.575  3713  3726 I artd    : GetBestInfo: dm (/data/app/~~mhgDiNMgaDWl5PolxioL9w==/com.google.android.gms-xnyh92E0gCB97NnydWtj9g==/split_GoogleCertificates_installtime.dm) is kOatUpToDate with filter 'verify' executable 'false'
05-09 20:39:19.578  3713  3726 I artd    : GetBestInfo: dm (/data/app/~~mhgDiNMgaDWl5PolxioL9w==/com.google.android.gms-xnyh92E0gCB97NnydWtj9g==/split_MapsDynamite_installtime.dm) is kOatUpToDate with filter 'verify' executable 'false'
05-09 20:39:19.579  3713  3726 I artd    : GetBestInfo: dm (/data/app/~~mhgDiNMgaDWl5PolxioL9w==/com.google.android.gms-xnyh92E0gCB97NnydWtj9g==/split_MeasurementDynamite_installtime.dm) is kOatUpToDate with filter 'verify' executable 'false'
05-09 20:39:19.580  3713  3726 I artd    : GetBestInfo: dm (/data/app/~~mhgDiNMgaDWl5PolxioL9w==/com.google.android.gms-xnyh92E0gCB97NnydWtj9g==/split_all_locale_splits.dm) is kOatUpToDate with filter 'verify' executable 'false'
05-09 20:39:19.580  3713  4256 I artd    : GetBestInfo: /data/user_de/0/com.google.android.gms/app_chimera/m/00000001/CronetDynamite.apk has no usable artifacts
05-09 20:39:19.580  3713  3726 I artd    : GetBestInfo: /data/user_de/0/com.google.android.gms/app_chimera/m/00000002/DynamiteLoader.apk has no usable artifacts
05-09 20:39:19.592  3713  3713 I artd    : GetBestInfo: /data/user_de/0/com.google.android.gms/app_chimera/m/00000005/GoogleCertificates.apk has no usable artifacts
05-09 20:39:19.593  3713  3713 I artd    : GetBestInfo: /data/user_de/0/com.google.android.gms/app_chimera/m/00000013/dl-MlkitBarcodeUi.optional_261332100400.apk has no usable artifacts
05-09 20:39:19.595  3713  3713 I artd    : GetBestInfo: /data/user_de/0/com.google.android.gms/app_chimera/m/00000015/dl-MlkitOcrCommon.optional_261332100400.apk has no usable artifacts
05-09 20:39:19.597  3713  3713 I artd    : GetBestInfo: /data/user_de/0/com.google.android.gms/app_chimera/m/0000000d/dl-Appsearch.optional_261136100400.apk has no usable artifacts
05-09 20:39:19.597  3713  4256 I artd    : GetBestInfo: /data/user_de/0/com.google.android.gms/app_chimera/m/00000012/dl-PlayCloudSearch.optional_261332100000.apk has no usable artifacts
05-09 20:39:19.598  3713  3713 I artd    : GetBestInfo: /data/user_de/0/com.google.android.gms/app_chimera/m/0000000a/dl-MlkitOcrCommon.optional_261136100400.apk has no usable artifacts
05-09 20:39:19.599  3713  3713 I artd    : GetBestInfo: /data/user_de/0/com.google.android.gms/app_chimera/m/00000008/dl-TfliteDynamiteDynamite.integ_252130102100400.apk has no usable artifacts
05-09 20:39:19.600  3713  4256 I artd    : GetBestInfo: vdex next to the dex file (/data/user/0/com.google.android.gms/app_dg_cache/87E7746227FF4E457A2EB56043B95E41006DE49F/oat/arm64/the.vdex) is kOatUpToDate with filter 'verify' executable 'false'
05-09 20:39:19.601  3713  3713 I artd    : GetBestInfo: /data/user_de/0/com.google.android.gms/app_chimera/m/00000009/dl-VisionOcr.optional_261136100000.apk has no usable artifacts
05-09 20:39:19.602  3713  3713 I artd    : GetBestInfo: /data/user_de/0/com.google.android.gms/app_chimera/m/00000010/dl-VisionOcr.optional_261332100000.apk has no usable artifacts
05-09 20:39:19.602  3713  4256 I artd    : GetBestInfo: vdex next to the dex file (/data/user/0/com.google.android.gms/app_dg_cache/21A90BF1C1C388089206DCE215FB60D7882BFA18/oat/arm64/the.vdex) is kOatUpToDate with filter 'verify' executable 'false'
05-09 20:39:19.603  3713  4256 I artd    : GetBestInfo: /data/user_de/0/com.google.android.gms/app_chimera/m/0000001d/dl-IdentityCredentialsPlacebo.optional_261332100400.apk has no usable artifacts
05-09 20:39:19.603  3713  3713 I artd    : GetBestInfo: /data/user_de/0/com.google.android.gms/app_chimera/m/0000000e/dl-MlkitBarcodeUi.optional_261136100400.apk has no usable artifacts
05-09 20:39:19.604  3713  4256 I artd    : GetBestInfo: /data/user/0/com.google.android.gms/app_dg_cache/707FFD883BF2A7896692338F9625CA52336E933B/the.apk has no usable artifacts
05-09 20:39:19.604  3713  3713 I artd    : GetBestInfo: /data/user_de/0/com.google.android.gms/app_chimera/m/00000007/MeasurementDynamite.apk has no usable artifacts
05-09 20:39:19.604  3713  3726 I artd    : GetBestInfo: /data/user_de/0/com.google.android.gms/app_chimera/m/0000000b/dl-PlayCloudSearch.optional_261136100000.apk has no usable artifacts
05-09 20:39:19.605  3713  4256 I artd    : GetBestInfo: /data/user_de/0/com.google.android.gms/app_chimera/m/00000011/dl-Appsearch.optional_261332100400.apk has no usable artifacts
05-09 20:39:19.670   499   602 W skia    : AGTM parsing failed flags.readFromStream(s) at 159
05-09 20:39:19.671   499   602 W skia    : AGTM parsing failed flags.readFromStream(s) at 159
05-09 20:39:19.771   499   602 W skia    : AGTM parsing failed flags.readFromStream(s) at 159
05-09 20:39:19.771   499   602 W skia    : AGTM parsing failed flags.readFromStream(s) at 159
05-09 20:39:19.816  2573  2573 D WindowOnBackDispatcher: setTopOnBackInvokedCallback (unwrapped): androidx.activity.OnBackPressedDispatcher$Api34Impl$createOnBackAnimationCallback$1@dca6645
05-09 20:39:19.822  8468  8468 I StylusModule: StylusModule.onUpdateToolType():774 Update tool type = 2
05-09 20:39:19.823  8468  8493 I ScribeHandwritingRecognizerWrapper: ScribeHandwritingRecognizerWrapper.setupRecognizer():111 model paths
05-09 20:39:19.823  8468  8493 I ScribeHandwritingRecognizerWrapper: gesture recospec=null
05-09 20:39:19.823  8468  8493 I ScribeHandwritingRecognizerWrapper: gesture lstm=null
05-09 20:39:19.823  8468  8493 I ScribeHandwritingRecognizerWrapper: writing recospec=null
05-09 20:39:19.823  8468  8493 I ScribeHandwritingRecognizerWrapper: confidence model=null
05-09 20:39:19.823  8468  8493 I ScribeHandwritingRecognizerWrapper: writing segmentor=null
05-09 20:39:19.823  8468  8493 I ScribeHandwritingRecognizerWrapper: writinglstm=null
05-09 20:39:19.823  8468  8493 I ScribeHandwritingRecognizerWrapper: writingfst=null
05-09 20:39:19.823  8468  8493 I ScribeHandwritingRecognizerWrapper:
05-09 20:39:19.825   663   787 W InputChannel-JNI: Channel already disposed.
05-09 20:39:19.826  8468  8468 I GoogleInputMethodService: GoogleInputMethodService.onStartInput():1446 onStartInput(EditorInfo{EditorInfo{packageName=com.team4.vinilosapp, inputType=0, inputTypeString=NULL, enableLearning=false, autoCorrection=false, autoComplete=false, imeOptions=0, privateImeOptions=null, actionName=UNSPECIFIED, actionLabel=null, initialSelStart=-1, initialSelEnd=-1, initialCapsMode=0, label=null, fieldId=0, fieldName=null, extras=null, hintText=null, hintLocales=[]}}, true)
05-09 20:39:19.826  8468  8468 W SessionManager: SessionManager.beginSession():72 Try to begin an already begun session [INPUT_SESSION], end it first
05-09 20:39:19.826  8468  8468 W SessionManager: SessionManager.endSession():119 Child session [INPUT_VIEW_SESSION] is not ended while ending session [{INPUT_VIEW_SESSION=1778377159119, INPUT_SESSION=1778377159110, IME_SESSION=1778377159123, TRAINING_CACHE_SESSION=1778377159123}], ending it now.
05-09 20:39:19.826  8468  8468 W SessionManager: SessionManager.endSession():119 Child session [IME_SESSION] is not ended while ending session [{INPUT_VIEW_SESSION=1778377159119, INPUT_SESSION=1778377159110, IME_SESSION=1778377159123, TRAINING_CACHE_SESSION=1778377159123}], ending it now.
05-09 20:39:19.827  8468  8468 I AndroidIME: LatinIMEBase.updateInputViewCoverNavigation():322 Update input view padding, isNavbarOverInputWindow=true, bottom inset=72
05-09 20:39:19.846  8468  8468 I Module  : DeviceLockedStatusModuleProvider$Module.updateDeviceLockedStatus():103 repeatCheckTimes = 1, locked = false
05-09 20:39:19.847  8468  8468 I GoogleInputMethodService: GoogleInputMethodService.onStartInputView():1532 onStartInputView(EditorInfo{EditorInfo{packageName=com.team4.vinilosapp, inputType=0, inputTypeString=NULL, enableLearning=false, autoCorrection=false, autoComplete=false, imeOptions=0, privateImeOptions=null, actionName=UNSPECIFIED, actionLabel=null, initialSelStart=-1, initialSelEnd=-1, initialCapsMode=0, label=null, fieldId=0, fieldName=null, extras=null, hintText=null, hintLocales=[]}}, true)
05-09 20:39:19.848  8468  8468 I InputBundle: InputBundle.consumeEvent():1051 Skip consuming an event as keyboard status is INACTIVE
05-09 20:39:19.848  8468  8468 I AndroidIME: AbstractIme.onDeactivate():213 LatinIme.onDeactivate()
05-09 20:39:19.848  8468  8468 W SessionManager: SessionManager.endSession():111 Try to end a not begun session [IME_SESSION].
05-09 20:39:19.848  8468  8468 I KeyboardHeightUtil: KeyboardHeightUtil.getOemKeyboardHeightRatio():81 systemKeyboardHeightRatio:1.000000.
05-09 20:39:19.849  8468  8494 W ModuleManager: ModuleManager.loadModule():634 Module pyg is not available
05-09 20:39:19.849  8468  8494 I NebulaeTrainingCacheMetricsProcessor: NebulaeTrainingCacheMetricsProcessor.processEndSession():616 End training cache session: com.team4.vinilosapp_-1/
05-09 20:39:19.850  8468  8494 W ModuleManager: ModuleManager.loadModule():634 Module pyg is not available
05-09 20:39:19.853  8468  8468 I InputContextChangeTracker: InputContextChangeTracker.fixLyingSelectionRangeFromSurroundingText():1678 fixLyingSelectionRangeFromSurroundingText(): [-1, -1]([-1, -1]) -> [0, 0]([0, 0])
05-09 20:39:19.853  8468  8468 I ProactiveSuggestionsHolderManager: ProactiveSuggestionsHolderManager$displaySuggestionsListener$1.display():238 Requesting to show proactive suggestions: CLIPBOARD PREEMPTIVE_WITH_SUPPRESSION in HEADER
05-09 20:39:19.853  8468  8468 I ProactiveSuggestionsHolderManager: ProactiveSuggestionsHolderManager$displaySuggestionsListener$1.display():259 suggestions CLIPBOARD are pending to show on HEADER
05-09 20:39:19.853  8468  8468 I ProactiveSuggestionsHolderManager: ProactiveSuggestionsHolderManager$displaySuggestionsListener$1.display():238 Requesting to show proactive suggestions: CLIPBOARD PREEMPTIVE_WITH_SUPPRESSION in FLOATING_CANDIDATES
05-09 20:39:19.853  8468  8468 I ProactiveSuggestionsHolderManager: ProactiveSuggestionsHolderManager$displaySuggestionsListener$1.display():259 suggestions CLIPBOARD are pending to show on FLOATING_CANDIDATES
05-09 20:39:19.853  8468  8468 I ProactiveSuggestionsHolderManager: ProactiveSuggestionsHolderManager$displaySuggestionsListener$1.display():238 Requesting to show proactive suggestions: CLIPBOARD PREEMPTIVE_WITH_SUPPRESSION in WIDGET
05-09 20:39:19.853  8468  8468 I ProactiveSuggestionsHolderManager: ProactiveSuggestionsHolderManager$displaySuggestionsListener$1.display():259 suggestions CLIPBOARD are pending to show on WIDGET
05-09 20:39:19.853  8468  8468 I AndroidIME: InputBundleManager.startInput():357 startInput2 restarting=true
05-09 20:39:19.853  8468  8468 I AndroidIME: InputBundleManager.loadActiveInputBundleId():542 loadActiveInputBundleId: und-Latn-x-password, password
05-09 20:39:19.853  8468  8468 I InputBundle: InputBundle.activateIme():597 activateIme: INACTIVE, keyboardType=accessory
05-09 20:39:19.854  8468  8468 I AndroidIME: AbstractIme.onActivate():95 PasswordIme.onActivate() : EditorInfo = EditorInfo{packageName=com.team4.vinilosapp, inputType=0, inputTypeString=NULL, enableLearning=false, autoCorrection=false, autoComplete=false, imeOptions=0, privateImeOptions=null, actionName=UNSPECIFIED, actionLabel=null, initialSelStart=-1, initialSelEnd=-1, initialCapsMode=0, label=null, fieldId=0, fieldName=null, extras=null, hintText=null, hintLocales=[]}, IncognitoMode = false, DeviceLocked = false
05-09 20:39:19.854  8468  8494 I OnDeviceWmrCalculator: OnDeviceWmrCalculator.calculateWmr():94 WMR: -1.0000 (0 / 0)
05-09 20:39:19.854  8468  8468 I InputBundle: InputBundle.activateKeyboard():652 activateKeyboard: ACTIVE, type=ocu[keyboardType=accessory, payload=null]
05-09 20:39:19.854  8468  8468 I KeyboardWrapper: KeyboardWrapper.activateKeyboard():592 activateKeyboard(): type=accessory, status=INACTIVE, imeDef=obp{stringId=password, language=und-Latn-x-password, languageTag=und-Latn-x-password, processedConditions={writing_helper_enable_by_word_revert=false, variant=qwerty, true=true, language=en-US, enable_number_row=true, device=phone, enable_number_row_in_password=true, enable_pk_simulator=false}, className=com.google.android.libraries.inputmethod.ime.password.PasswordIme, label=2132019351, keyEventInterpreter=null, inlineComposing=true, autoCapital=true, announceAutoSelectedCandidate=true, statusIcon=0, indicatorIcon=0, indicatorLabel=null, displayAppCompletions=false, extraValues=obi{}, processors=odh@e67bcdb, unacceptableMetaKeys=4098, languageSpecificSettings=0, asciiCapable=false, alwaysShowSuggestions=false, useAsciiPasswordKeyboard=false, keyboardGroupDef=ocq@a185378, phenotypeFlagId=0, localizationLanguageTag=null, supportsInlineSuggestion=false}
05-09 20:39:19.854  8468  8468 I KeyboardManager: KeyboardManager.requestKeyboard():249 Creating keyboard accessory, imeId=password, cacheKey=theme,!gsf,!pgsans,!pgsf,!use_system_font,BORDER,FLAVOR_DPI=XXHDPI,IS_LIGHT,KEYBOARD_WIDTH_CATEGORY=NORMAL,KEY_BORDER_SHAPE=1,LIGHT_THEME=true,PHYSICAL_DIAGONAL=6.225089,POPUP,SCREEN_SHORTEST_WIDTH=427,SCREEN_SHORTEST_WIDTH_NO_SCALE=427,SW400DP,XXHDPI,bottom4dp,enable_popup_on_keypress=true,keyboard_redesign_google_sans=true,non_linear_scale,noshadow,overlay_builtin_dynamic_color_light_base.binarypb:gm3-light-fffaf8fe-ff4c5e8b-4fb1adea13304a190d4abf12326cf60c,silkpopup
05-09 20:39:19.854  8468  8468 I KeyboardWrapper: KeyboardWrapper.onKeyboardReady():226 onKeyboardReady(): type=accessory(accessory), kb=com.google.android.libraries.inputmethod.keyboard.impl.Keyboard@fa384b0
05-09 20:39:19.854  8468  8468 I KeyboardWrapper: KeyboardWrapper.doActivateKeyboard():624 doActivateKeyboard(): accessory
05-09 20:39:19.854  8468  8468 W Keyboard: Keyboard.getKeyboardViewHelper():607 null helper is returned: keyboardDef=oci{processedConditions={}, globalConditions={}, className=com.google.android.libraries.inputmethod.keyboard.impl.Keyboard, resourceIds=[#0x7f17004e], initialStates=0, keyboardViewDefs=[], persistentStates=0, persistentStatesPrefKey=null, popupBubbleLayoutId=#0x0, recentKeyLayoutId=#0x0, recentKeyPopupLayoutId=#0x0, recentKeyType=null, rememberRecentKey=NONE, sessionStates=0}, type=HEADER, helpersCreated={}, context.getResources().getConfiguration(): {1.0 310mcc260mnc [en_US] ldltr sw427dp w427dp h952dp 480dpi nrml long compactNeeded port finger qwerty/v/v dpad/v winConfig={ mBounds=Rect(0, 0 - 1280, 2856) mAppBounds=Rect(0, 0 - 1280, 2856) mMaxBounds=Rect(0, 0 - 1280, 2856) mDisplayRotation=ROTATION_0 mWindowingMode=fullscreen mActivityType=undefined mAlwaysOnTop=undefined mRotation=ROTATION_0} as.3 s.52 fontWeightAdjustment=0}
05-09 20:39:19.854  8468  8468 W Keyboard: Keyboard.getKeyboardViewHelper():607 null helper is returned: keyboardDef=oci{processedConditions={}, globalConditions={}, className=com.google.android.libraries.inputmethod.keyboard.impl.Keyboard, resourceIds=[#0x7f17004e], initialStates=0, keyboardViewDefs=[], persistentStates=0, persistentStatesPrefKey=null, popupBubbleLayoutId=#0x0, recentKeyLayoutId=#0x0, recentKeyPopupLayoutId=#0x0, recentKeyType=null, rememberRecentKey=NONE, sessionStates=0}, type=BODY, helpersCreated={}, context.getResources().getConfiguration(): {1.0 310mcc260mnc [en_US] ldltr sw427dp w427dp h952dp 480dpi nrml long compactNeeded port finger qwerty/v/v dpad/v winConfig={ mBounds=Rect(0, 0 - 1280, 2856) mAppBounds=Rect(0, 0 - 1280, 2856) mMaxBounds=Rect(0, 0 - 1280, 2856) mDisplayRotation=ROTATION_0 mWindowingMode=fullscreen mActivityType=undefined mAlwaysOnTop=undefined mRotation=ROTATION_0} as.3 s.52 fontWeightAdjustment=0}
05-09 20:39:19.854  8468  8468 I GlobeKeyExtension: GlobeKeyExtension.getKeyboardInitialStates():186
05-09 20:39:19.856  8468  8468 W Keyboard: Keyboard.getKeyboardViewHelper():607 null helper is returned: keyboardDef=oci{processedConditions={}, globalConditions={}, className=com.google.android.libraries.inputmethod.keyboard.impl.Keyboard, resourceIds=[#0x7f17004e], initialStates=0, keyboardViewDefs=[], persistentStates=0, persistentStatesPrefKey=null, popupBubbleLayoutId=#0x0, recentKeyLayoutId=#0x0, recentKeyPopupLayoutId=#0x0, recentKeyType=null, rememberRecentKey=NONE, sessionStates=0}, type=HEADER, helpersCreated={}, context.getResources().getConfiguration(): {1.0 310mcc260mnc [en_US] ldltr sw427dp w427dp h952dp 480dpi nrml long compactNeeded port finger qwerty/v/v dpad/v winConfig={ mBounds=Rect(0, 0 - 1280, 2856) mAppBounds=Rect(0, 0 - 1280, 2856) mMaxBounds=Rect(0, 0 - 1280, 2856) mDisplayRotation=ROTATION_0 mWindowingMode=fullscreen mActivityType=undefined mAlwaysOnTop=undefined mRotation=ROTATION_0} as.3 s.52 fontWeightAdjustment=0}
05-09 20:39:19.856  8468  8468 W Keyboard: Keyboard.getKeyboardViewHelper():607 null helper is returned: keyboardDef=oci{processedConditions={}, globalConditions={}, className=com.google.android.libraries.inputmethod.keyboard.impl.Keyboard, resourceIds=[#0x7f17004e], initialStates=0, keyboardViewDefs=[], persistentStates=0, persistentStatesPrefKey=null, popupBubbleLayoutId=#0x0, recentKeyLayoutId=#0x0, recentKeyPopupLayoutId=#0x0, recentKeyType=null, rememberRecentKey=NONE, sessionStates=0}, type=BODY, helpersCreated={}, context.getResources().getConfiguration(): {1.0 310mcc260mnc [en_US] ldltr sw427dp w427dp h952dp 480dpi nrml long compactNeeded port finger qwerty/v/v dpad/v winConfig={ mBounds=Rect(0, 0 - 1280, 2856) mAppBounds=Rect(0, 0 - 1280, 2856) mMaxBounds=Rect(0, 0 - 1280, 2856) mDisplayRotation=ROTATION_0 mWindowingMode=fullscreen mActivityType=undefined mAlwaysOnTop=undefined mRotation=ROTATION_0} as.3 s.52 fontWeightAdjustment=0}
05-09 20:39:19.856  8468  8468 W Keyboard: Keyboard.getKeyboardViewHelper():607 null helper is returned: keyboardDef=oci{processedConditions={}, globalConditions={}, className=com.google.android.libraries.inputmethod.keyboard.impl.Keyboard, resourceIds=[#0x7f17004e], initialStates=0, keyboardViewDefs=[], persistentStates=0, persistentStatesPrefKey=null, popupBubbleLayoutId=#0x0, recentKeyLayoutId=#0x0, recentKeyPopupLayoutId=#0x0, recentKeyType=null, rememberRecentKey=NONE, sessionStates=0}, type=FLOATING_CANDIDATES, helpersCreated={}, context.getResources().getConfiguration(): {1.0 310mcc260mnc [en_US] ldltr sw427dp w427dp h952dp 480dpi nrml long compactNeeded port finger qwerty/v/v dpad/v winConfig={ mBounds=Rect(0, 0 - 1280, 2856) mAppBounds=Rect(0, 0 - 1280, 2856) mMaxBounds=Rect(0, 0 - 1280, 2856) mDisplayRotation=ROTATION_0 mWindowingMode=fullscreen mActivityType=undefined mAlwaysOnTop=undefined mRotation=ROTATION_0} as.3 s.52 fontWeightAdjustment=0}
05-09 20:39:19.856  8468  8468 W Keyboard: Keyboard.getKeyboardViewHelper():607 null helper is returned: keyboardDef=oci{processedConditions={}, globalConditions={}, className=com.google.android.libraries.inputmethod.keyboard.impl.Keyboard, resourceIds=[#0x7f17004e], initialStates=0, keyboardViewDefs=[], persistentStates=0, persistentStatesPrefKey=null, popupBubbleLayoutId=#0x0, recentKeyLayoutId=#0x0, recentKeyPopupLayoutId=#0x0, recentKeyType=null, rememberRecentKey=NONE, sessionStates=0}, type=WIDGET, helpersCreated={}, context.getResources().getConfiguration(): {1.0 310mcc260mnc [en_US] ldltr sw427dp w427dp h952dp 480dpi nrml long compactNeeded port finger qwerty/v/v dpad/v winConfig={ mBounds=Rect(0, 0 - 1280, 2856) mAppBounds=Rect(0, 0 - 1280, 2856) mMaxBounds=Rect(0, 0 - 1280, 2856) mDisplayRotation=ROTATION_0 mWindowingMode=fullscreen mActivityType=undefined mAlwaysOnTop=undefined mRotation=ROTATION_0} as.3 s.52 fontWeightAdjustment=0}
05-09 20:39:19.856  8468  8468 I KeyboardManager: KeyboardManager.requestKeyboard():249 Creating keyboard accessory_candidates_consumer, imeId=password, cacheKey=theme,!gsf,!pgsans,!pgsf,!use_system_font,BORDER,FLAVOR_DPI=XXHDPI,IS_LIGHT,KEYBOARD_WIDTH_CATEGORY=NORMAL,KEY_BORDER_SHAPE=1,LIGHT_THEME=true,PHYSICAL_DIAGONAL=6.225089,POPUP,SCREEN_SHORTEST_WIDTH=427,SCREEN_SHORTEST_WIDTH_NO_SCALE=427,SW400DP,XXHDPI,bottom4dp,enable_popup_on_keypress=true,keyboard_redesign_google_sans=true,non_linear_scale,noshadow,overlay_builtin_dynamic_color_light_base.binarypb:gm3-light-fffaf8fe-ff4c5e8b-4fb1adea13304a190d4abf12326cf60c,silkpopup
05-09 20:39:19.856  8468  8468 I KeyboardDefManager: KeyboardDefManager.requestKeyboardDef():181 requestKeyboardDef(): type=accessory_candidates_consumer, info=ocn{defIds=[#0x7f17004d], defIdsCacheKey=[2132213837]}
05-09 20:39:19.856  8468  8468 I KeyboardDefManager: KeyboardDefManager.requestKeyboardDef():243 requestKeyboardDef(): getOrCreate from cache, info=ocn{defIds=[#0x7f17004d], defIdsCacheKey=[2132213837]}
05-09 20:39:19.856  8468  8468 I KeyboardDefManager: KeyboardDefManager$1.onSuccess():277 requestKeyboardDef onSuccess(): info=ocn{defIds=[#0x7f17004d], defIdsCacheKey=[2132213837]}
05-09 20:39:19.856  8468  8468 I GlobeKeyExtension: GlobeKeyExtension.getKeyboardInitialStates():186
05-09 20:39:19.856  8468  8468 W Keyboard: Keyboard.getKeyboardViewHelper():607 null helper is returned: keyboardDef=oci{processedConditions={}, globalConditions={global_theme_key=theme,!gsf,!pgsans,!pgsf,!use_system_font,BORDER,FLAVOR_DPI=XXHDPI,IS_LIGHT,KEYBOARD_WIDTH_CATEGORY=NORMAL,KEY_BORDER_SHAPE=1,LIGHT_THEME=true,PHYSICAL_DIAGONAL=6.225089,POPUP,SCREEN_SHORTEST_WIDTH=427,SCREEN_SHORTEST_WIDTH_NO_SCALE=427,SW400DP,XXHDPI,bottom4dp,enable_popup_on_keypress=true,keyboard_redesign_google_sans=true,non_linear_scale,noshadow,overlay_builtin_dynamic_color_light_base.binarypb:gm3-light-fffaf8fe-ff4c5e8b-4fb1adea13304a190d4abf12326cf60c,silkpopup, global_locale=en_US, global_density_dpi=480, global_orientation=1}, className=.latin.keyboard.AccessoryKeyboard, resourceIds=[#0x7f17004d], initialStates=0, keyboardViewDefs=[ocy{direction=null, id=#0x7f0b0229, isScalable=false, layoutId=#0x7f0e0030, type=FLOATING_CANDIDATES, touchable=true, defaultShow=false}], persistentStates=0, persistentStatesPrefKey=null, popupBubbleLayoutId=#0x7f0e0611, recentKeyLayoutId=#0x0, recentKeyPopupLayoutId=#0x0, recentKeyType=null, rememberRecentKey=NONE, sessionStates=0}, type=HEADER, helpersCreated={FLOATING_CANDIDATES=nnb@5c0c746}, context.getResources().getConfiguration(): {1.0 310mcc260mnc [en_US] ldltr sw427dp w427dp h952dp 480dpi nrml long compactNeeded port finger qwerty/v/v dpad/v winConfig={ mBounds=Rect(0, 0 - 1280, 2856) mAppBounds=Rect(0, 0 - 1280, 2856) mMaxBounds=Rect(0, 0 - 1280, 2856) mDisplayRotation=ROTATION_0 mWindowingMode=fullscreen mActivityType=undefined mAlwaysOnTop=undefined mRotation=ROTATION_0} as.3 s.52 fontWeightAdjustment=0}
05-09 20:39:19.856  8468  8468 W Keyboard: Keyboard.getKeyboardViewHelper():607 null helper is returned: keyboardDef=oci{processedConditions={}, globalConditions={global_theme_key=theme,!gsf,!pgsans,!pgsf,!use_system_font,BORDER,FLAVOR_DPI=XXHDPI,IS_LIGHT,KEYBOARD_WIDTH_CATEGORY=NORMAL,KEY_BORDER_SHAPE=1,LIGHT_THEME=true,PHYSICAL_DIAGONAL=6.225089,POPUP,SCREEN_SHORTEST_WIDTH=427,SCREEN_SHORTEST_WIDTH_NO_SCALE=427,SW400DP,XXHDPI,bottom4dp,enable_popup_on_keypress=true,keyboard_redesign_google_sans=true,non_linear_scale,noshadow,overlay_builtin_dynamic_color_light_base.binarypb:gm3-light-fffaf8fe-ff4c5e8b-4fb1adea13304a190d4abf12326cf60c,silkpopup, global_locale=en_US, global_density_dpi=480, global_orientation=1}, className=.latin.keyboard.AccessoryKeyboard, resourceIds=[#0x7f17004d], initialStates=0, keyboardViewDefs=[ocy{direction=null, id=#0x7f0b0229, isScalable=false, layoutId=#0x7f0e0030, type=FLOATING_CANDIDATES, touchable=true, defaultShow=false}], persistentStates=0, persistentStatesPrefKey=null, popupBubbleLayoutId=#0x7f0e0611, recentKeyLayoutId=#0x0, recentKeyPopupLayoutId=#0x0, recentKeyType=null, rememberRecentKey=NONE, sessionStates=0}, type=BODY, helpersCreated={FLOATING_CANDIDATES=nnb@5c0c746}, context.getResources().getConfiguration(): {1.0 310mcc260mnc [en_US] ldltr sw427dp w427dp h952dp 480dpi nrml long compactNeeded port finger qwerty/v/v dpad/v winConfig={ mBounds=Rect(0, 0 - 1280, 2856) mAppBounds=Rect(0, 0 - 1280, 2856) mMaxBounds=Rect(0, 0 - 1280, 2856) mDisplayRotation=ROTATION_0 mWindowingMode=fullscreen mActivityType=undefined mAlwaysOnTop=undefined mRotation=ROTATION_0} as.3 s.52 fontWeightAdjustment=0}
05-09 20:39:19.857  8468  8468 I ProactiveSuggestionsHolder: ProactiveSuggestionsHolder.maybeShowPendingSuggestions():352 has pending suggestions to show: [CLIPBOARD]
05-09 20:39:19.860  8468  8468 I AndroidIME: InputBundleManager.startInput():372 startInput() with ocu[keyboardType=accessory, payload=null]
05-09 20:39:19.860  8468  8468 W ExtensionWrapper: ExtensionWrapper.setAllowUpdateNavigationBarStyle():887 class kwe is not activate
05-09 20:39:19.860  8468  8468 I KeyboardViewController: KeyboardViewController.hide():988 Requesting to hide sub view with id 2131436909 #0x7f0b256d which doesn't exist in current keyboard view
05-09 20:39:19.860  8468  8468 W ExtensionWrapper: ExtensionWrapper.setAllowUpdateNavigationBarStyle():887 class kwe is not activate
05-09 20:39:19.860  8468  8468 W SupplementaryKeyboardsWrapper: SupplementaryKeyboardsWrapper.deactivateKeyboard():162 keyboard composing_text_consumer is not activated before!
05-09 20:39:19.860  8468  8468 I GlobeKeyExtension: GlobeKeyExtension.onDeactivate():154
05-09 20:39:19.860  8468  8468 I VoiceInputManagerWrapper: VoiceInputManagerWrapper.shutdown():131 shutdown()
05-09 20:39:19.860  8468  8468 I AutoPasteSuggestionHelper: AutoPasteSuggestionHelper.createProactiveSuggestions():523 Failed to create item chips.
05-09 20:39:19.861  8468  8468 I PkModeUpdater: PkModeUpdater.onActivate():76 onActivate false true
05-09 20:39:19.861  8468  8468 I AccessoryInputModeManager: AccessoryInputModeManager.onModeStarted():346 Accessory input mode started: STYLUS
05-09 20:39:19.862  8468  8468 W ExtensionWrapper: ExtensionWrapper.setAllowUpdateNavigationBarStyle():887 class kwe is not activate
05-09 20:39:19.862  8468  8468 I WidgetViewShowingController: WidgetViewShowingController.showWidgetKeyboardInternal():532 Show companion widget
05-09 20:39:19.862  8468  8468 W StatusViewController: StatusViewController.updateKeyboardView():46 Failed to inflate voice header view [UD]
05-09 20:39:19.863  8468  8468 W ExtensionWrapper: ExtensionWrapper.setAllowUpdateNavigationBarStyle():887 class kwe is not activate
05-09 20:39:19.863  8468  8468 I WidgetViewShowingPositionHandler: WidgetViewShowingPositionHandler.updateAvailableArea():199 update available area Rect(24, 180 - 1256, 2778)
05-09 20:39:19.863  8468  8468 W SupplementaryKeyboardsWrapper: SupplementaryKeyboardsWrapper.deactivateKeyboard():162 keyboard composing_text_consumer is not activated before!
05-09 20:39:19.863  8468  8468 I GlobeKeyExtension: GlobeKeyExtension.onActivate():130
05-09 20:39:19.863  8468  8468 I BaseKeyboardSizeHelper: BaseKeyboardSizeHelper.calculateMaxKeyboardBodyHeight():73 leave 321 height for app when ime window height:2628, header height:132 and isFullscreenMode:false, so the max keyboard body height is:2175
05-09 20:39:19.863  8468  8468 I BaseKeyboardSizeHelper: BaseKeyboardSizeHelper.calculateMaxKeyboardBodyHeight():73 leave 321 height for app when ime window height:2628, header height:132 and isFullscreenMode:false, so the max keyboard body height is:2175
05-09 20:39:19.864  8468  8468 W ExtensionWrapper: ExtensionWrapper.setExtensionViewVisibility():878 interface nqy is not activate
05-09 20:39:19.864  8468  8468 I NewLanguagePromptExtension: NewLanguagePromptExtension.onActivate():189 Not activated NewLanguagePromptExtension: not a normal text input box.
05-09 20:39:19.864  8468  8468 I VoiceInputManagerWrapper: VoiceInputManagerWrapper.cancelShutdown():109 cancelShutdown()
05-09 20:39:19.864  8468  8468 I VoiceInputManagerWrapper: VoiceInputManagerWrapper.syncLanguagePacks():121 syncLanguagePacks()
05-09 20:39:19.864  8468  8468 I VoiceInputManager: VoiceInputManager.onKeyboardActivated():1204 onKeyboardActivated() [UD]
05-09 20:39:19.864  8468  8468 I HardKeyTracker: HardKeyTracker.unregisterKeySequence():259 Unregister key sequence pbd{labelResId=2132020490, callback=fdy@ffe41cf, lastModifier=2, keyCodes=[56], actions=[0]}
05-09 20:39:19.864  8468  8468 I HardKeyTracker: HardKeyTracker.unregisterKeySequence():259 Unregister key sequence pbd{labelResId=2132020490, callback=fdy@c69475c, lastModifier=0, keyCodes=[317], actions=[0]}
05-09 20:39:19.864  8468  8468 I HardKeyTracker: HardKeyTracker.registerKeySequence():201 Register key sequence pbd{labelResId=2132020490, callback=fdy@2a5140c, lastModifier=2, keyCodes=[56], actions=[0]}
05-09 20:39:19.864  8468  8468 I HardKeyTracker: HardKeyTracker.registerKeySequence():201 Register key sequence pbd{labelResId=2132020490, callback=fdy@9ad6155, lastModifier=0, keyCodes=[317], actions=[0]}
05-09 20:39:19.864  8468 10614 I SpeechFactory: SpeechRecognitionFactory.maybeScheduleAutoPackDownloadForFallback():221 maybeScheduleAutoPackDownloadForFallback()
05-09 20:39:19.864  8468 10614 I FallbackOnDeviceRecognitionProvider: FallbackOnDeviceRecognitionProvider.maybeScheduleAutoPackDownload():213 maybeScheduleAutoPackDownload() for language tag en-US
05-09 20:39:19.864  8468  8468 W AccessPointsManager: AccessPointsManager.addAccessPoint():1097 The holder controller #0x7f0b248b is not registered
05-09 20:39:19.864  8468  8468 I ContactNoticeModule: ContactNoticeModule.shouldPostContactPermissionNotice():142 Not post contact permission notice: not a normal text input box.
05-09 20:39:19.864  8468  8468 I Module  : DeviceLockedStatusModuleProvider$Module.updateDeviceLockedStatus():103 repeatCheckTimes = 1, locked = false
05-09 20:39:19.864  8468  8468 I HardKeyTracker: HardKeyTracker.unregisterKeySequence():259 Unregister key sequence pbd{labelResId=2132020490, callback=fdy@553a3bc, lastModifier=2, keyCodes=[56], actions=[0]}
05-09 20:39:19.864  8468  8468 I HardKeyTracker: HardKeyTracker.unregisterKeySequence():259 Unregister key sequence pbd{labelResId=2132020490, callback=fdy@fe82f45, lastModifier=0, keyCodes=[317], actions=[0]}
05-09 20:39:19.864  8468  8468 I HardKeyTracker: HardKeyTracker.registerKeySequence():201 Register key sequence pbd{labelResId=2132020490, callback=fdy@ccfb036, lastModifier=2, keyCodes=[56], actions=[0]}
05-09 20:39:19.864  8468  8468 I HardKeyTracker: HardKeyTracker.registerKeySequence():201 Register key sequence pbd{labelResId=2132020490, callback=fdy@be2ab37, lastModifier=0, keyCodes=[317], actions=[0]}
05-09 20:39:19.864  8468  8468 I VoiceImeExtension: VoiceImeExtension.shouldStartVoiceInputAutomaticallyInCurrentInputBox():384 No private IME option set to start voice input.
05-09 20:39:19.864  8468   991 I SystemHapticSettings: SystemHapticSettings.updateSystemVibrationState():63 update vibration state: true
05-09 20:39:19.890   499   602 W skia    : AGTM parsing failed flags.readFromStream(s) at 159
05-09 20:39:19.890   499   602 W skia    : AGTM parsing failed flags.readFromStream(s) at 159
05-09 20:39:19.891  8468  8468 I GoogleInputMethodService: GoogleInputMethodService$1.onKeyboardViewShown():344 onKeyboardViewShown: keyboardType=accessory, keyboardViewType=HEADER keyboardView=null
05-09 20:39:19.891  8468  8468 W Keyboard: Keyboard.getKeyboardViewHelper():607 null helper is returned: keyboardDef=oci{processedConditions={}, globalConditions={}, className=com.google.android.libraries.inputmethod.keyboard.impl.Keyboard, resourceIds=[#0x7f17004e], initialStates=0, keyboardViewDefs=[], persistentStates=0, persistentStatesPrefKey=null, popupBubbleLayoutId=#0x0, recentKeyLayoutId=#0x0, recentKeyPopupLayoutId=#0x0, recentKeyType=null, rememberRecentKey=NONE, sessionStates=0}, type=BODY, helpersCreated={}, context.getResources().getConfiguration(): {1.0 310mcc260mnc [en_US] ldltr sw427dp w427dp h952dp 480dpi nrml long compactNeeded port finger qwerty/v/v dpad/v winConfig={ mBounds=Rect(0, 0 - 1280, 2856) mAppBounds=Rect(0, 0 - 1280, 2856) mMaxBounds=Rect(0, 0 - 1280, 2856) mDisplayRotation=ROTATION_0 mWindowingMode=fullscreen mActivityType=undefined mAlwaysOnTop=undefined mRotation=ROTATION_0} as.3 s.52 fontWeightAdjustment=0}
05-09 20:39:19.891  8468  8468 I GoogleInputMethodService: GoogleInputMethodService$1.onKeyboardViewShown():344 onKeyboardViewShown: keyboardType=accessory, keyboardViewType=BODY keyboardView=null
05-09 20:39:19.891  8468  8468 W Keyboard: Keyboard.getKeyboardViewHelper():607 null helper is returned: keyboardDef=oci{processedConditions={}, globalConditions={}, className=com.google.android.libraries.inputmethod.keyboard.impl.Keyboard, resourceIds=[#0x7f17004e], initialStates=0, keyboardViewDefs=[], persistentStates=0, persistentStatesPrefKey=null, popupBubbleLayoutId=#0x0, recentKeyLayoutId=#0x0, recentKeyPopupLayoutId=#0x0, recentKeyType=null, rememberRecentKey=NONE, sessionStates=0}, type=BODY, helpersCreated={}, context.getResources().getConfiguration(): {1.0 310mcc260mnc [en_US] ldltr sw427dp w427dp h952dp 480dpi nrml long compactNeeded port finger qwerty/v/v dpad/v winConfig={ mBounds=Rect(0, 0 - 1280, 2856) mAppBounds=Rect(0, 0 - 1280, 2856) mMaxBounds=Rect(0, 0 - 1280, 2856) mDisplayRotation=ROTATION_0 mWindowingMode=fullscreen mActivityType=undefined mAlwaysOnTop=undefined mRotation=ROTATION_0} as.3 s.52 fontWeightAdjustment=0}
05-09 20:39:20.037   499   602 W skia    : AGTM parsing failed flags.readFromStream(s) at 159
05-09 20:39:20.037   499   602 W skia    : AGTM parsing failed flags.readFromStream(s) at 159
05-09 20:39:20.121   663   680 V GrammaticalInflectionUtils: AttributionSource: android.content.AttributionSource@594b861e does not have READ_SYSTEM_GRAMMATICAL_GENDER permission.
05-09 20:39:20.122  1076  1076 D RecentsView: onTaskDisplayChanged: 680, new displayId = 0
05-09 20:39:20.135   499   637 I libbinder.BpBinder: onLastStrongRef automatically unlinking death recipients for binder (0xb4007670bc0449d0) with descriptor: '(not cached)'
05-09 20:39:20.137   547  2771 W libbinder.IPCThreadState: Sending oneway calls to frozen process.
05-09 20:39:20.138  1076  1076 D RecentTasksList: invalidateLoadedTasks - previous requestLoadId: -1
05-09 20:39:20.139  1076  1076 D RecentTasksList: invalidateLoadedTasks - previous requestLoadId: -1
05-09 20:39:20.139   934  1009 W DisconnectHandler: No disconnect change found in the transition, not handling request.
05-09 20:39:20.139   663  1904 W InputChannel-JNI: Channel already disposed.
05-09 20:39:20.141  8468  8468 I GoogleInputMethodService: GoogleInputMethodService.onFinishInputView():1661 onFinishInputView(false)
