05-09 20:39:29.258  1076  1076 V BaseDepthController: Applying blur: 0 to Surface(name=VRI-com.google.android.apps.nexuslauncher/com.google.android.apps.nexuslauncher.NexusLauncherActivity#12704)/@0x1dd2a08 applyImmediately: false
05-09 20:39:29.258  1076  1076 D BaseDepthController: shouldBlurWorkspace: false targetState: Normal currentStableState: Normal mCurrentBlur: 0 mLauncher.getDepthBlurTargets(): [com.android.launcher3.Workspace{c8eda3 V.ED..... ......ID 0,0-1280,2856 #7f0a0486 app:id/workspace}, com.android.launcher3.Hotseat{d0708a0 V.ED..... ......ID 0,2289-1280,2856 #7f0a01f6 app:id/hotseat}]
05-09 20:39:29.265  1076  1076 V BaseDepthController: Applying blur: 0 to Surface(name=VRI-com.google.android.apps.nexuslauncher/com.google.android.apps.nexuslauncher.NexusLauncherActivity#12704)/@0x1dd2a08 applyImmediately: false
05-09 20:39:29.265  1076  1076 D BaseDepthController: shouldBlurWorkspace: false targetState: Normal currentStableState: Normal mCurrentBlur: 0 mLauncher.getDepthBlurTargets(): [com.android.launcher3.Workspace{c8eda3 V.ED..... ......ID 0,0-1280,2856 #7f0a0486 app:id/workspace}, com.android.launcher3.Hotseat{d0708a0 V.ED..... ......ID 0,2289-1280,2856 #7f0a01f6 app:id/hotseat}]
05-09 20:39:29.267  1076  1076 D SsBaseTemplateCard: Passed-in item info is null
05-09 20:39:29.267  1076  1076 D SsBaseTemplateCard: Passed-in item info is null
05-09 20:39:29.267  1076  1076 D SsBaseTemplateCard: Passed-in item info is null
05-09 20:39:29.267  1076  1076 D SsBaseTemplateCard: Passed-in item info is null
05-09 20:39:29.267  1076  1076 I SsBaseTemplateCard: Secondary card pane is null
05-09 20:39:29.276  1076  1076 D BaseActivity: Launcher flags updated: [state_started|state_resumed|state_deferred_resumed|state_window_focused|state_user_active] +[state_window_focused]
05-09 20:39:29.278  1076  1076 V BaseDepthController: Applying blur: 0 to Surface(name=VRI-com.google.android.apps.nexuslauncher/com.google.android.apps.nexuslauncher.NexusLauncherActivity#12704)/@0x1dd2a08 applyImmediately: false
05-09 20:39:29.278  1076  1076 D BaseDepthController: shouldBlurWorkspace: false targetState: Normal currentStableState: Normal mCurrentBlur: 0 mLauncher.getDepthBlurTargets(): [com.android.launcher3.Workspace{c8eda3 V.ED..... ........ 0,0-1280,2856 #7f0a0486 app:id/workspace}, com.android.launcher3.Hotseat{d0708a0 V.ED..... .......D 0,2289-1280,2856 #7f0a01f6 app:id/hotseat}]
05-09 20:39:29.279   663   787 W InputChannel-JNI: Channel already disposed.
05-09 20:39:29.280  8468  8468 I GoogleInputMethodService: GoogleInputMethodService.onFinishInput():2259
05-09 20:39:29.280  8468  8468 I Module  : DeviceLockedStatusModuleProvider$Module.updateDeviceLockedStatus():103 repeatCheckTimes = 0, locked = false
05-09 20:39:29.282  1076  1076 D RecentTasksList: invalidateLoadedTasks - previous requestLoadId: -1
05-09 20:39:29.285  8468  8468 I GoogleInputMethodService: GoogleInputMethodService.onStartInput():1446 onStartInput(EditorInfo{EditorInfo{packageName=com.google.android.apps.nexuslauncher, inputType=0, inputTypeString=NULL, enableLearning=false, autoCorrection=false, autoComplete=false, imeOptions=0, privateImeOptions=null, actionName=UNSPECIFIED, actionLabel=null, initialSelStart=-1, initialSelEnd=-1, initialCapsMode=0, label=null, fieldId=0, fieldName=null, extras=null, hintText=null, hintLocales=[]}}, false)
05-09 20:39:29.285  8468  8468 I AndroidIME: LatinIMEBase.updateInputViewCoverNavigation():322 Update input view padding, isNavbarOverInputWindow=true, bottom inset=72
05-09 20:39:29.285  8468  8468 I Module  : DeviceLockedStatusModuleProvider$Module.updateDeviceLockedStatus():103 repeatCheckTimes = 1, locked = false
05-09 20:39:29.298  1076  1076 V BaseDepthController: Applying blur: 0 to Surface(name=VRI-com.google.android.apps.nexuslauncher/com.google.android.apps.nexuslauncher.NexusLauncherActivity#12704)/@0x1dd2a08 applyImmediately: false
05-09 20:39:29.298  1076  1076 D BaseDepthController: shouldBlurWorkspace: false targetState: Normal currentStableState: Normal mCurrentBlur: 0 mLauncher.getDepthBlurTargets(): [com.android.launcher3.Workspace{c8eda3 V.ED..... ........ 0,0-1280,2856 #7f0a0486 app:id/workspace}, com.android.launcher3.Hotseat{d0708a0 V.ED..... .......D 0,2289-1280,2856 #7f0a01f6 app:id/hotseat}]
05-09 20:39:29.319  1076  1135 D PreloadThumbnailUseCase: Preloading thumbnails for task ids: [[id=32 windowingMode=0 user=0 lastActiveTime=16921] null, [id=683 windowingMode=1 user=0 lastActiveTime=17614518] null, [id=684 windowingMode=1 user=0 lastActiveTime=17614571] null]
05-09 20:39:29.332   463   612 I RanchuHwc: logCompositionFallbackIfChanged: layer 2247 CompositionType fallback from 2 to 1
05-09 20:39:29.332   463   612 I RanchuHwc: logCompositionFallbackIfChanged: layer 2248 CompositionType fallback from 2 to 1
05-09 20:39:29.341   499   602 W skia    : AGTM parsing failed flags.readFromStream(s) at 159
05-09 20:39:29.341   499   602 W skia    : AGTM parsing failed flags.readFromStream(s) at 159
05-09 20:39:29.341   499   602 W skia    : AGTM parsing failed flags.readFromStream(s) at 159
05-09 20:39:29.341   499   602 W skia    : AGTM parsing failed flags.readFromStream(s) at 159
05-09 20:39:29.341   499   602 W skia    : AGTM parsing failed flags.readFromStream(s) at 159
05-09 20:39:29.341   499   602 W skia    : AGTM parsing failed flags.readFromStream(s) at 159
05-09 20:39:29.341   499   602 W skia    : AGTM parsing failed flags.readFromStream(s) at 159
05-09 20:39:29.348  1076  1087 W System  : A resource failed to call release.
05-09 20:39:29.348  1076  1087 W System  : A resource failed to call release.
05-09 20:39:29.348  1076  1087 W System  : A resource failed to call release.
05-09 20:39:29.387   499   602 W skia    : AGTM parsing failed flags.readFromStream(s) at 159
05-09 20:39:29.387   499   602 W skia    : AGTM parsing failed flags.readFromStream(s) at 159
05-09 20:39:29.387   499   602 W skia    : AGTM parsing failed flags.readFromStream(s) at 159
05-09 20:39:29.387   499   602 W skia    : AGTM parsing failed flags.readFromStream(s) at 159
05-09 20:39:29.387   499   602 W skia    : AGTM parsing failed flags.readFromStream(s) at 159
05-09 20:39:29.387   499   602 W skia    : AGTM parsing failed flags.readFromStream(s) at 159
05-09 20:39:29.387   499   602 W skia    : AGTM parsing failed flags.readFromStream(s) at 159
05-09 20:39:29.388  1076  1076 D RecentTasksList: invalidateLoadedTasks - previous requestLoadId: -1
05-09 20:39:29.389  1076  1076 D BaseActivity: Launcher flags updated: [state_started|state_resumed|state_deferred_resumed|state_window_focused|state_user_active]
05-09 20:39:29.390   663   787 W InputChannel-JNI: Channel already disposed.
05-09 20:39:29.404  1076  1076 V BaseDepthController: Applying blur: 0 to Surface(name=VRI-com.google.android.apps.nexuslauncher/com.google.android.apps.nexuslauncher.NexusLauncherActivity#12704)/@0x1dd2a08 applyImmediately: false
05-09 20:39:29.404  1076  1076 D BaseDepthController: shouldBlurWorkspace: false targetState: Normal currentStableState: Normal mCurrentBlur: 0 mLauncher.getDepthBlurTargets(): [com.android.launcher3.Workspace{c8eda3 V.ED..... ........ 0,0-1280,2856 #7f0a0486 app:id/workspace}, com.android.launcher3.Hotseat{d0708a0 V.ED..... ........ 0,2289-1280,2856 #7f0a01f6 app:id/hotseat}]
05-09 20:39:29.408  8468  8468 I GoogleInputMethodService: GoogleInputMethodService.onFinishInput():2259
05-09 20:39:29.408  8468  8468 I Module  : DeviceLockedStatusModuleProvider$Module.updateDeviceLockedStatus():103 repeatCheckTimes = 0, locked = false
05-09 20:39:29.408  8468  8468 I GoogleInputMethodService: GoogleInputMethodService.onStartInput():1446 onStartInput(EditorInfo{EditorInfo{packageName=com.google.android.apps.nexuslauncher, inputType=0, inputTypeString=NULL, enableLearning=false, autoCorrection=false, autoComplete=false, imeOptions=0, privateImeOptions=null, actionName=UNSPECIFIED, actionLabel=null, initialSelStart=-1, initialSelEnd=-1, initialCapsMode=0, label=null, fieldId=0, fieldName=null, extras=null, hintText=null, hintLocales=[]}}, false)
05-09 20:39:29.408  8468  8468 I AndroidIME: LatinIMEBase.updateInputViewCoverNavigation():322 Update input view padding, isNavbarOverInputWindow=true, bottom inset=72
05-09 20:39:29.408  8468  8468 I Module  : DeviceLockedStatusModuleProvider$Module.updateDeviceLockedStatus():103 repeatCheckTimes = 1, locked = false
05-09 20:39:29.413   499   602 W skia    : AGTM parsing failed flags.readFromStream(s) at 159
05-09 20:39:29.413   499   602 W skia    : AGTM parsing failed flags.readFromStream(s) at 159
05-09 20:39:29.413   499   602 W skia    : AGTM parsing failed flags.readFromStream(s) at 159
05-09 20:39:29.413   499   602 W skia    : AGTM parsing failed flags.readFromStream(s) at 159
05-09 20:39:29.413   499   602 W skia    : AGTM parsing failed flags.readFromStream(s) at 159
05-09 20:39:29.414   499   602 W skia    : AGTM parsing failed flags.readFromStream(s) at 159
05-09 20:39:29.414   499   602 W skia    : AGTM parsing failed flags.readFromStream(s) at 159
05-09 20:39:29.421   501   501 I adbd    : adbd service requested 'shell,v2,raw:dumpsys package com.google.android.gms'
05-09 20:39:29.460   499   602 W skia    : AGTM parsing failed flags.readFromStream(s) at 159
05-09 20:39:29.460   499   602 W skia    : AGTM parsing failed flags.readFromStream(s) at 159
05-09 20:39:29.460   499   602 W skia    : AGTM parsing failed flags.readFromStream(s) at 159
05-09 20:39:29.460   499   602 W skia    : AGTM parsing failed flags.readFromStream(s) at 159
05-09 20:39:29.460   499   602 W skia    : AGTM parsing failed flags.readFromStream(s) at 159
05-09 20:39:29.460   499   602 W skia    : AGTM parsing failed flags.readFromStream(s) at 159
05-09 20:39:29.460   499   602 W skia    : AGTM parsing failed flags.readFromStream(s) at 159
05-09 20:39:29.477  1076  1076 V BaseDepthController: Applying blur: 0 to Surface(name=VRI-com.google.android.apps.nexuslauncher/com.google.android.apps.nexuslauncher.NexusLauncherActivity#12704)/@0x1dd2a08 applyImmediately: false
05-09 20:39:29.477  1076  1076 D BaseDepthController: setEarlyWakeup: true
05-09 20:39:29.478  1076  1076 D BaseDepthController: shouldBlurWorkspace: false targetState: Normal currentStableState: Normal mCurrentBlur: 0 mLauncher.getDepthBlurTargets(): [com.android.launcher3.Workspace{c8eda3 V.ED..... ........ 0,0-1280,2856 #7f0a0486 app:id/workspace}, com.android.launcher3.Hotseat{d0708a0 V.ED..... ........ 0,2289-1280,2856 #7f0a01f6 app:id/hotseat}]
05-09 20:39:29.523   499   602 W skia    : AGTM parsing failed flags.readFromStream(s) at 159
05-09 20:39:29.523   499   602 W skia    : AGTM parsing failed flags.readFromStream(s) at 159
05-09 20:39:29.523   499   602 W skia    : AGTM parsing failed flags.readFromStream(s) at 159
05-09 20:39:29.523   499   602 W skia    : AGTM parsing failed flags.readFromStream(s) at 159
05-09 20:39:29.523   499   602 W skia    : AGTM parsing failed flags.readFromStream(s) at 159
05-09 20:39:29.523   499   602 W skia    : AGTM parsing failed flags.readFromStream(s) at 159
05-09 20:39:29.523   499   602 W skia    : AGTM parsing failed flags.readFromStream(s) at 159
05-09 20:39:29.542  3713  4256 I artd    : GetBestInfo: odex next to the dex file (/data/app/~~mhgDiNMgaDWl5PolxioL9w==/com.google.android.gms-xnyh92E0gCB97NnydWtj9g==/oat/arm64/base.odex) is kOatUpToDate with filter 'speed-profile' executable 'false'
05-09 20:39:29.543  3713  4256 I artd    : GetBestInfo: dm (/data/app/~~mhgDiNMgaDWl5PolxioL9w==/com.google.android.gms-xnyh92E0gCB97NnydWtj9g==/split_AdsDynamite_installtime.dm) is kOatUpToDate with filter 'verify' executable 'false'
05-09 20:39:29.544  3713  3713 I artd    : GetBestInfo: dm (/data/app/~~mhgDiNMgaDWl5PolxioL9w==/com.google.android.gms-xnyh92E0gCB97NnydWtj9g==/split_CronetDynamite_installtime.dm) is kOatUpToDate with filter 'verify' executable 'false'
05-09 20:39:29.544  3713  4256 I artd    : GetBestInfo: dm (/data/app/~~mhgDiNMgaDWl5PolxioL9w==/com.google.android.gms-xnyh92E0gCB97NnydWtj9g==/split_DynamiteLoader_installtime.dm) is kOatUpToDate with filter 'verify' executable 'false'
05-09 20:39:29.545  3713  3713 I artd    : GetBestInfo: dm (/data/app/~~mhgDiNMgaDWl5PolxioL9w==/com.google.android.gms-xnyh92E0gCB97NnydWtj9g==/split_DynamiteModulesA_installtime.dm) is kOatUpToDate with filter 'verify' executable 'false'
05-09 20:39:29.553  3713  3713 I artd    : GetBestInfo: dm (/data/app/~~mhgDiNMgaDWl5PolxioL9w==/com.google.android.gms-xnyh92E0gCB97NnydWtj9g==/split_DynamiteModulesC_installtime.dm) is kOatUpToDate with filter 'verify' executable 'false'
05-09 20:39:29.559  3713  3713 I artd    : GetBestInfo: dm (/data/app/~~mhgDiNMgaDWl5PolxioL9w==/com.google.android.gms-xnyh92E0gCB97NnydWtj9g==/split_GoogleCertificates_installtime.dm) is kOatUpToDate with filter 'verify' executable 'false'
05-09 20:39:29.561  3713  3713 I artd    : GetBestInfo: dm (/data/app/~~mhgDiNMgaDWl5PolxioL9w==/com.google.android.gms-xnyh92E0gCB97NnydWtj9g==/split_MapsDynamite_installtime.dm) is kOatUpToDate with filter 'verify' executable 'false'
05-09 20:39:29.563   499   602 W skia    : AGTM parsing failed flags.readFromStream(s) at 159
05-09 20:39:29.563   499   602 W skia    : AGTM parsing failed flags.readFromStream(s) at 159
05-09 20:39:29.563  3713  3713 I artd    : GetBestInfo: dm (/data/app/~~mhgDiNMgaDWl5PolxioL9w==/com.google.android.gms-xnyh92E0gCB97NnydWtj9g==/split_MeasurementDynamite_installtime.dm) is kOatUpToDate with filter 'verify' executable 'false'
05-09 20:39:29.572  3713  3713 I artd    : GetBestInfo: dm (/data/app/~~mhgDiNMgaDWl5PolxioL9w==/com.google.android.gms-xnyh92E0gCB97NnydWtj9g==/split_all_locale_splits.dm) is kOatUpToDate with filter 'verify' executable 'false'
05-09 20:39:29.573  3713  4256 I artd    : GetBestInfo: /data/user_de/0/com.google.android.gms/app_chimera/m/00000001/CronetDynamite.apk has no usable artifacts
05-09 20:39:29.576  3713  3726 I artd    : GetBestInfo: /data/user_de/0/com.google.android.gms/app_chimera/m/00000002/DynamiteLoader.apk has no usable artifacts
05-09 20:39:29.577  3713  4256 I artd    : GetBestInfo: /data/user_de/0/com.google.android.gms/app_chimera/m/00000005/GoogleCertificates.apk has no usable artifacts
05-09 20:39:29.578  3713  4256 I artd    : GetBestInfo: /data/user_de/0/com.google.android.gms/app_chimera/m/00000013/dl-MlkitBarcodeUi.optional_261332100400.apk has no usable artifacts
05-09 20:39:29.579  1076  1076 V BaseDepthController: Applying blur: 0 to Surface(name=VRI-com.google.android.apps.nexuslauncher/com.google.android.apps.nexuslauncher.NexusLauncherActivity#12704)/@0x1dd2a08 applyImmediately: false
05-09 20:39:29.579  1076  1076 D BaseDepthController: shouldBlurWorkspace: false targetState: Normal currentStableState: Normal mCurrentBlur: 0 mLauncher.getDepthBlurTargets(): [com.android.launcher3.Workspace{c8eda3 V.ED..... ........ 0,0-1280,2856 #7f0a0486 app:id/workspace}, com.android.launcher3.Hotseat{d0708a0 V.ED..... ........ 0,2289-1280,2856 #7f0a01f6 app:id/hotseat}]
05-09 20:39:29.580   499   602 W skia    : AGTM parsing failed flags.readFromStream(s) at 159
05-09 20:39:29.580   499   602 W skia    : AGTM parsing failed flags.readFromStream(s) at 159
05-09 20:39:29.580   499   602 W skia    : AGTM parsing failed flags.readFromStream(s) at 159
05-09 20:39:29.580   499   602 W skia    : AGTM parsing failed flags.readFromStream(s) at 159
05-09 20:39:29.580   499   602 W skia    : AGTM parsing failed flags.readFromStream(s) at 159
05-09 20:39:29.580   499   602 W skia    : AGTM parsing failed flags.readFromStream(s) at 159
05-09 20:39:29.580   499   602 W skia    : AGTM parsing failed flags.readFromStream(s) at 159
05-09 20:39:29.590  3713  4136 I artd    : GetBestInfo: /data/user_de/0/com.google.android.gms/app_chimera/m/00000015/dl-MlkitOcrCommon.optional_261332100400.apk has no usable artifacts
05-09 20:39:29.590   547  2771 W libbinder.IPCThreadState: Sending oneway calls to frozen process.
05-09 20:39:29.591  3713  4136 I artd    : GetBestInfo: /data/user_de/0/com.google.android.gms/app_chimera/m/0000000d/dl-Appsearch.optional_261136100400.apk has no usable artifacts
05-09 20:39:29.592  3713  4136 I artd    : GetBestInfo: /data/user_de/0/com.google.android.gms/app_chimera/m/00000012/dl-PlayCloudSearch.optional_261332100000.apk has no usable artifacts
05-09 20:39:29.592  3713  4136 I artd    : GetBestInfo: /data/user_de/0/com.google.android.gms/app_chimera/m/0000000a/dl-MlkitOcrCommon.optional_261136100400.apk has no usable artifacts
05-09 20:39:29.597  3713  4136 I artd    : GetBestInfo: /data/user_de/0/com.google.android.gms/app_chimera/m/00000008/dl-TfliteDynamiteDynamite.integ_252130102100400.apk has no usable artifacts
05-09 20:39:29.599  3713  4136 I artd    : GetBestInfo: vdex next to the dex file (/data/user/0/com.google.android.gms/app_dg_cache/87E7746227FF4E457A2EB56043B95E41006DE49F/oat/arm64/the.vdex) is kOatUpToDate with filter 'verify' executable 'false'
05-09 20:39:29.606  3713  4136 I artd    : GetBestInfo: /data/user_de/0/com.google.android.gms/app_chimera/m/00000009/dl-VisionOcr.optional_261136100000.apk has no usable artifacts
05-09 20:39:29.607  3713  4136 I artd    : GetBestInfo: /data/user_de/0/com.google.android.gms/app_chimera/m/00000010/dl-VisionOcr.optional_261332100000.apk has no usable artifacts
05-09 20:39:29.608  3713  3713 I artd    : GetBestInfo: vdex next to the dex file (/data/user/0/com.google.android.gms/app_dg_cache/21A90BF1C1C388089206DCE215FB60D7882BFA18/oat/arm64/the.vdex) is kOatUpToDate with filter 'verify' executable 'false'
05-09 20:39:29.612  3713  3713 I artd    : GetBestInfo: /data/user_de/0/com.google.android.gms/app_chimera/m/0000001d/dl-IdentityCredentialsPlacebo.optional_261332100400.apk has no usable artifacts
05-09 20:39:29.613  3713  3713 I artd    : GetBestInfo: /data/user_de/0/com.google.android.gms/app_chimera/m/0000000e/dl-MlkitBarcodeUi.optional_261136100400.apk has no usable artifacts
05-09 20:39:29.615  3713  3713 I artd    : GetBestInfo: /data/user/0/com.google.android.gms/app_dg_cache/707FFD883BF2A7896692338F9625CA52336E933B/the.apk has no usable artifacts
05-09 20:39:29.615  3713  3713 I artd    : GetBestInfo: /data/user_de/0/com.google.android.gms/app_chimera/m/00000007/MeasurementDynamite.apk has no usable artifacts
05-09 20:39:29.616  3713  4136 I artd    : GetBestInfo: /data/user_de/0/com.google.android.gms/app_chimera/m/0000000b/dl-PlayCloudSearch.optional_261136100000.apk has no usable artifacts
05-09 20:39:29.616  3713  4136 I artd    : GetBestInfo: /data/user_de/0/com.google.android.gms/app_chimera/m/00000011/dl-Appsearch.optional_261332100400.apk has no usable artifacts
05-09 20:39:29.628  1076  1076 V BaseDepthController: Applying blur: 0 to Surface(name=VRI-com.google.android.apps.nexuslauncher/com.google.android.apps.nexuslauncher.NexusLauncherActivity#12704)/@0x1dd2a08 applyImmediately: false
05-09 20:39:29.628  1076  1076 D BaseDepthController: shouldBlurWorkspace: false targetState: Normal currentStableState: Normal mCurrentBlur: 0 mLauncher.getDepthBlurTargets(): [com.android.launcher3.Workspace{c8eda3 V.ED..... ........ 0,0-1280,2856 #7f0a0486 app:id/workspace}, com.android.launcher3.Hotseat{d0708a0 V.ED..... ........ 0,2289-1280,2856 #7f0a01f6 app:id/hotseat}]
05-09 20:39:29.662  1076  1076 V BaseDepthController: Applying blur: 0 to Surface(name=VRI-com.google.android.apps.nexuslauncher/com.google.android.apps.nexuslauncher.NexusLauncherActivity#12704)/@0x1dd2a08 applyImmediately: false
05-09 20:39:29.662  1076  1076 D BaseDepthController: shouldBlurWorkspace: false targetState: Normal currentStableState: Normal mCurrentBlur: 0 mLauncher.getDepthBlurTargets(): [com.android.launcher3.Workspace{c8eda3 V.ED..... ........ 0,0-1280,2856 #7f0a0486 app:id/workspace}, com.android.launcher3.Hotseat{d0708a0 V.ED..... ........ 0,2289-1280,2856 #7f0a01f6 app:id/hotseat}]
05-09 20:39:29.697   499   602 W skia    : AGTM parsing failed flags.readFromStream(s) at 159
05-09 20:39:29.697   499   602 W skia    : AGTM parsing failed flags.readFromStream(s) at 159
05-09 20:39:29.806  1076  1076 V BaseDepthController: Applying blur: 0 to Surface(name=VRI-com.google.android.apps.nexuslauncher/com.google.android.apps.nexuslauncher.NexusLauncherActivity#12704)/@0x1dd2a08 applyImmediately: false
05-09 20:39:29.808  1076  1076 D BaseDepthController: shouldBlurWorkspace: false targetState: Normal currentStableState: Normal mCurrentBlur: 0 mLauncher.getDepthBlurTargets(): [com.android.launcher3.Workspace{c8eda3 V.ED..... ........ 0,0-1280,2856 #7f0a0486 app:id/workspace}, com.android.launcher3.Hotseat{d0708a0 V.ED..... ........ 0,2289-1280,2856 #7f0a01f6 app:id/hotseat}]
05-09 20:39:29.854   499   602 W skia    : AGTM parsing failed flags.readFromStream(s) at 159
05-09 20:39:29.854   499   602 W skia    : AGTM parsing failed flags.readFromStream(s) at 159
05-09 20:39:29.924  1076  1076 V BaseDepthController: Applying blur: 0 to Surface(name=VRI-com.google.android.apps.nexuslauncher/com.google.android.apps.nexuslauncher.NexusLauncherActivity#12704)/@0x1dd2a08 applyImmediately: false
05-09 20:39:29.925  1076  1076 D BaseDepthController: shouldBlurWorkspace: false targetState: Normal currentStableState: Normal mCurrentBlur: 0 mLauncher.getDepthBlurTargets(): [com.android.launcher3.Workspace{c8eda3 V.ED..... ........ 0,0-1280,2856 #7f0a0486 app:id/workspace}, com.android.launcher3.Hotseat{d0708a0 V.ED..... ........ 0,2289-1280,2856 #7f0a01f6 app:id/hotseat}]
05-09 20:39:29.957   499   602 W skia    : AGTM parsing failed flags.readFromStream(s) at 159
05-09 20:39:29.957   499   602 W skia    : AGTM parsing failed flags.readFromStream(s) at 159
05-09 20:39:29.962  1076  1076 V BaseDepthController: Applying blur: 0 to Surface(name=VRI-com.google.android.apps.nexuslauncher/com.google.android.apps.nexuslauncher.NexusLauncherActivity#12704)/@0x1dd2a08 applyImmediately: false
05-09 20:39:29.962  1076  1076 D BaseDepthController: shouldBlurWorkspace: false targetState: Normal currentStableState: Normal mCurrentBlur: 0 mLauncher.getDepthBlurTargets(): [com.android.launcher3.Workspace{c8eda3 V.ED..... ........ 0,0-1280,2856 #7f0a0486 app:id/workspace}, com.android.launcher3.Hotseat{d0708a0 V.ED..... ........ 0,2289-1280,2856 #7f0a01f6 app:id/hotseat}]
05-09 20:39:30.000  1076  1076 V BaseDepthController: Applying blur: 0 to Surface(name=VRI-com.google.android.apps.nexuslauncher/com.google.android.apps.nexuslauncher.NexusLauncherActivity#12704)/@0x1dd2a08 applyImmediately: false
05-09 20:39:30.000  1076  1076 D BaseDepthController: shouldBlurWorkspace: false targetState: Normal currentStableState: Normal mCurrentBlur: 0 mLauncher.getDepthBlurTargets(): [com.android.launcher3.Workspace{c8eda3 V.ED..... ........ 0,0-1280,2856 #7f0a0486 app:id/workspace}, com.android.launcher3.Hotseat{d0708a0 V.ED..... ........ 0,2289-1280,2856 #7f0a01f6 app:id/hotseat}]
05-09 20:39:30.058   499   602 W skia    : AGTM parsing failed flags.readFromStream(s) at 159
05-09 20:39:30.058   499   602 W skia    : AGTM parsing failed flags.readFromStream(s) at 159
05-09 20:39:30.078  1076  1076 V BaseDepthController: Applying blur: 0 to Surface(name=VRI-com.google.android.apps.nexuslauncher/com.google.android.apps.nexuslauncher.NexusLauncherActivity#12704)/@0x1dd2a08 applyImmediately: false
05-09 20:39:30.078  1076  1076 D BaseDepthController: shouldBlurWorkspace: false targetState: Normal currentStableState: Normal mCurrentBlur: 0 mLauncher.getDepthBlurTargets(): [com.android.launcher3.Workspace{c8eda3 V.ED..... ........ 0,0-1280,2856 #7f0a0486 app:id/workspace}, com.android.launcher3.Hotseat{d0708a0 V.ED..... ........ 0,2289-1280,2856 #7f0a01f6 app:id/hotseat}]
05-09 20:39:30.125  1076  1076 V BaseDepthController: Applying blur: 0 to Surface(name=VRI-com.google.android.apps.nexuslauncher/com.google.android.apps.nexuslauncher.NexusLauncherActivity#12704)/@0x1dd2a08 applyImmediately: false
05-09 20:39:30.125  1076  1076 D BaseDepthController: setEarlyWakeup: false
05-09 20:39:30.125  1076  1076 D BaseDepthController: shouldBlurWorkspace: false targetState: Normal currentStableState: Normal mCurrentBlur: 0 mLauncher.getDepthBlurTargets(): [com.android.launcher3.Workspace{c8eda3 V.ED..... ........ 0,0-1280,2856 #7f0a0486 app:id/workspace}, com.android.launcher3.Hotseat{d0708a0 V.ED..... ........ 0,2289-1280,2856 #7f0a01f6 app:id/hotseat}]
05-09 20:39:30.212   499   602 W skia    : AGTM parsing failed flags.readFromStream(s) at 159
05-09 20:39:30.212   499   602 W skia    : AGTM parsing failed flags.readFromStream(s) at 159
05-09 20:39:30.279  1076  1076 D ScalingWorkspaceRevealAnim: onAnimationEnd, workspace and hotseat are visible
05-09 20:39:30.280  1076  1076 V BaseDepthController: Applying blur: 0 to Surface(name=VRI-com.google.android.apps.nexuslauncher/com.google.android.apps.nexuslauncher.NexusLauncherActivity#12704)/@0x1dd2a08 applyImmediately: false
05-09 20:39:30.280  1076  1076 D BaseDepthController: shouldBlurWorkspace: false targetState: Normal currentStableState: Normal mCurrentBlur: 0 mLauncher.getDepthBlurTargets(): [com.android.launcher3.Workspace{c8eda3 V.ED..... ......ID 0,0-1280,2856 #7f0a0486 app:id/workspace}, com.android.launcher3.Hotseat{d0708a0 V.ED..... ......ID 0,2289-1280,2856 #7f0a01f6 app:id/hotseat}]
05-09 20:39:30.290  2573  2573 D VRI[MainActivity]: visibilityChanged oldVisibility=true newVisibility=false
05-09 20:39:30.314   663   905 I Surface : Creating surface for consumer unnamed-663-365 with slotExpansion=1 for 64 slots
05-09 20:39:30.322   663   905 I Surface : Creating surface for consumer ImageReader-1024x2284f1m1-663-365 with slotExpansion=1 for 64 slots
05-09 20:39:30.323   663   905 W ImageReader_JNI: Unable to acquire a buffer item, very likely client tried to acquire more than maxImages buffers
05-09 20:39:30.325  2605  2605 D WindowOnBackDispatcher: setTopOnBackInvokedCallback (unwrapped): null
05-09 20:39:30.326  2573  2589 D HWUI    : endAllActiveAnimators on 0xb4007bca0405c120 (UnprojectedRipple) with handle 0xb4007bc934058280
05-09 20:39:30.327   499   602 W skia    : AGTM parsing failed flags.readFromStream(s) at 159
05-09 20:39:30.327   499   602 W skia    : AGTM parsing failed flags.readFromStream(s) at 159
05-09 20:39:30.346  2605  2605 D ViewRootImpl: Skipping stats log for color mode
05-09 20:39:30.359   663   905 E ConsumerBase: [ImageReader-1024x2284f1m1-663-365] abandonLocked: ConsumerBase is abandoned!
05-09 20:39:30.378   663   830 E Nl80211Native: getChannelsMhzForBand: Wiphy index not recorded for band 8
05-09 20:39:30.382   663   830 E Nl80211Native: getChannelsMhzForBand: Wiphy index not recorded for band 16
05-09 20:39:30.382   663   830 D Nl80211Native: Ignoring unsupported scan type 2
05-09 20:39:30.382   663   830 I Nl80211Proxy: Sending Nl80211 message: GenericNetlinkMsg{ nlHeader{StructNlMsgHdr{ nlmsg_len{56}, nlmsg_type{29()}, nlmsg_flags{5(NLM_F_REQUEST|NLM_F_ACK)}, nlmsg_seq{351}, nlmsg_pid{0} }}, genNlHeader{StructGenNlMsgHdr{ command{33}, version{1}, reserved{0} }}, attributes{[StructNlAttr{ nla_len{8}, nla_type{-32723}, nla_value{04000000}, }, StructNlAttr{ nla_len{8}, nla_type{3}, nla_value{10000000}, }, StructNlAttr{ nla_len{12}, nla_type{-32724}, nla_value{080000008F090000}, }, StructNlAttr{ nla_len{8}, nla_type{158}, nla_value{00000000}, }]} }
05-09 20:39:30.388   663   830 I Nl80211Proxy: Received NLMSG_ERROR with error 0 for message GenericNetlinkMsg{ nlHeader{StructNlMsgHdr{ nlmsg_len{56}, nlmsg_type{29()}, nlmsg_flags{5(NLM_F_REQUEST|NLM_F_ACK)}, nlmsg_seq{351}, nlmsg_pid{0} }}, genNlHeader{StructGenNlMsgHdr{ command{33}, version{1}, reserved{0} }}, attributes{[StructNlAttr{ nla_len{8}, nla_type{-32723}, nla_value{04000000}, }, StructNlAttr{ nla_len{8}, nla_type{3}, nla_value{10000000}, }, StructNlAttr{ nla_len{12}, nla_type{-32724}, nla_value{080000008F090000}, }, StructNlAttr{ nla_len{8}, nla_type{158}, nla_value{00000000}, }]} }
05-09 20:39:30.391  2573  2573 D WindowOnBackDispatcher: setTopOnBackInvokedCallback (unwrapped): android.app.Activity$$ExternalSyntheticLambda0@88ed00
05-09 20:39:30.409  2573  2573 I AutofillManager: onInvisibleForAutofill(): expiringResponse
05-09 20:39:30.409  2573  2573 D LifecycleMonitor: Lifecycle status change: com.team4.vinilosapp.MainActivity@d99f082 in: STOPPED
05-09 20:39:30.409  2573  2573 V ActivityScenario: Update currentActivityStage to STOPPED, currentActivity=com.team4.vinilosapp.MainActivity@d99f082
05-09 20:39:30.450   663   826 D WifiNative: Scan result ready event
05-09 20:39:30.454   663   830 I Nl80211Proxy: Sending Nl80211 message: GenericNetlinkMsg{ nlHeader{StructNlMsgHdr{ nlmsg_len{20}, nlmsg_type{29()}, nlmsg_flags{769(NLM_F_REQUEST|NLM_F_DUMP)}, nlmsg_seq{352}, nlmsg_pid{0} }}, genNlHeader{StructGenNlMsgHdr{ command{5}, version{1}, reserved{0} }}, attributes{[]} }
05-09 20:39:30.454   663   830 I Nl80211Proxy: Received NLMSG_DONE for message GenericNetlinkMsg{ nlHeader{StructNlMsgHdr{ nlmsg_len{20}, nlmsg_type{29()}, nlmsg_flags{769(NLM_F_REQUEST|NLM_F_DUMP)}, nlmsg_seq{352}, nlmsg_pid{0} }}, genNlHeader{StructGenNlMsgHdr{ command{5}, version{1}, reserved{0} }}, attributes{[]} }
05-09 20:39:30.454   663   830 W Nl80211Utils: Malformed NEW_INTERFACE response: missing attributes
05-09 20:39:30.454   663   830 I Nl80211Proxy: Sending Nl80211 message: GenericNetlinkMsg{ nlHeader{StructNlMsgHdr{ nlmsg_len{28}, nlmsg_type{29()}, nlmsg_flags{769(NLM_F_REQUEST|NLM_F_DUMP)}, nlmsg_seq{353}, nlmsg_pid{0} }}, genNlHeader{StructGenNlMsgHdr{ command{32}, version{1}, reserved{0} }}, attributes{[StructNlAttr{ nla_len{8}, nla_type{3}, nla_value{10000000}, }]} }
05-09 20:39:30.454   663   830 I Nl80211Proxy: Received NLMSG_DONE for message GenericNetlinkMsg{ nlHeader{StructNlMsgHdr{ nlmsg_len{28}, nlmsg_type{29()}, nlmsg_flags{769(NLM_F_REQUEST|NLM_F_DUMP)}, nlmsg_seq{353}, nlmsg_pid{0} }}, genNlHeader{StructGenNlMsgHdr{ command{32}, version{1}, reserved{0} }}, attributes{[StructNlAttr{ nla_len{8}, nla_type{3}, nla_value{10000000}, }]} }
05-09 20:39:30.454  1283  1889 I WifiScanner: onFullResults
05-09 20:39:30.455   663   826 I HalDevMgr: bestIfaceCreationProposal is null, requestIface=STA, existingIface=[name=wlan0 type=STA]
05-09 20:39:30.456  1283  1890 I WifiScanner: onFullResults
05-09 20:39:30.463  2573  2573 D WindowOnBackDispatcher: setTopOnBackInvokedCallback (unwrapped): null
05-09 20:39:30.464  2573  2573 D LifecycleMonitor: Lifecycle status change: com.team4.vinilosapp.MainActivity@d99f082 in: DESTROYED
05-09 20:39:30.464  2573  2573 V ActivityScenario: Update currentActivityStage to DESTROYED, currentActivity=null
05-09 20:39:30.465  2573  2587 D IdlingRegistry: Unregistering idling resources: [androidx.compose.ui.test.EspressoLink@8c2ed2]
05-09 20:39:30.486  2573  2573 D ViewRootImpl: Skipping stats log for color mode
05-09 20:39:30.488  1076  1076 D RecentsView: onTaskRemoved: 684, not handling task stack changes
05-09 20:39:30.488  1076  1076 D RecentsView: onTaskRemoved: 684, not handling task stack changes
05-09 20:39:30.488  1076  1076 D RecentTasksList: invalidateLoadedTasks - previous requestLoadId: -1
05-09 20:39:30.502  2573  2587 I TestRunner: finished: fillAddTrackForm_andSubmit(com.team4.vinilosapp.ui.AddTrackAlbumScreenTest)
