05-09 20:40:18.152  1076  1076 D BaseDepthController: shouldBlurWorkspace: false targetState: Normal currentStableState: Normal mCurrentBlur: 0 mLauncher.getDepthBlurTargets(): [com.android.launcher3.Workspace{c8eda3 V.ED..... .......D 0,0-1280,2856 #7f0a0486 app:id/workspace}, com.android.launcher3.Hotseat{d0708a0 V.ED..... .......D 0,2289-1280,2856 #7f0a01f6 app:id/hotseat}]
05-09 20:40:18.162   499   602 W skia    : AGTM parsing failed flags.readFromStream(s) at 159
05-09 20:40:18.162   499   602 W skia    : AGTM parsing failed flags.readFromStream(s) at 159
05-09 20:40:18.162   499   602 W skia    : AGTM parsing failed flags.readFromStream(s) at 159
05-09 20:40:18.162   499   602 W skia    : AGTM parsing failed flags.readFromStream(s) at 159
05-09 20:40:18.162   499   602 W skia    : AGTM parsing failed flags.readFromStream(s) at 159
05-09 20:40:18.162   499   602 W skia    : AGTM parsing failed flags.readFromStream(s) at 159
05-09 20:40:18.162   499   602 W skia    : AGTM parsing failed flags.readFromStream(s) at 159
05-09 20:40:18.162   934  1546 D WallpaperService: onVisibilityChanged(true): com.android.systemui.wallpapers.ImageWallpaper$CanvasEngine@c19c617
05-09 20:40:18.164  1076  1076 D RecentTasksList: invalidateLoadedTasks - previous requestLoadId: -1
05-09 20:40:18.178  1076  1076 D SsBaseTemplateCard: Passed-in item info is null
05-09 20:40:18.178  1076  1076 D SsBaseTemplateCard: Passed-in item info is null
05-09 20:40:18.178  1076  1076 D SsBaseTemplateCard: Passed-in item info is null
05-09 20:40:18.178  1076  1076 D SsBaseTemplateCard: Passed-in item info is null
05-09 20:40:18.178  1076  1076 I SsBaseTemplateCard: Secondary card pane is null
05-09 20:40:18.190   499   602 W skia    : AGTM parsing failed flags.readFromStream(s) at 159
05-09 20:40:18.190   499   602 W skia    : AGTM parsing failed flags.readFromStream(s) at 159
05-09 20:40:18.281   499   602 W skia    : AGTM parsing failed flags.readFromStream(s) at 159
05-09 20:40:18.281   499   602 W skia    : AGTM parsing failed flags.readFromStream(s) at 159
05-09 20:40:18.287  2573  2573 D VRI[ComponentActivity]: visibilityChanged oldVisibility=true newVisibility=false
05-09 20:40:18.291  1076  1135 D PreloadThumbnailUseCase: Preloading thumbnails for task ids: [[id=32 windowingMode=0 user=0 lastActiveTime=16921] null, [id=719 windowingMode=1 user=0 lastActiveTime=17663374] null, [id=720 windowingMode=1 user=0 lastActiveTime=17663463] null]
05-09 20:40:18.352  2573  2573 D LifecycleMonitor: Lifecycle status change: androidx.activity.ComponentActivity@5cd70d9 in: STOPPED
05-09 20:40:18.353  2573  2573 V ActivityScenario: Update currentActivityStage to STOPPED, currentActivity=androidx.activity.ComponentActivity@5cd70d9
05-09 20:40:18.354  1076  1076 D RecentTasksList: invalidateLoadedTasks - previous requestLoadId: -1
05-09 20:40:18.355   499   602 W skia    : AGTM parsing failed flags.readFromStream(s) at 159
05-09 20:40:18.355   499   602 W skia    : AGTM parsing failed flags.readFromStream(s) at 159
05-09 20:40:18.355  1076  1076 D LauncherStateManager: StateManager.cancelAnimation: animation ongoing: false, partial trace:
05-09 20:40:18.355  1076  1076 D LauncherStateManager: 	at com.android.launcher3.statemanager.StateManager.setCurrentAnimation(go/retraceme 4b96215a9d9b4c1494121442fbf9d6e89857c91e1d76ddcc689701971259418a:59)
05-09 20:40:18.355  1076  1076 D LauncherStateManager: 	at com.android.launcher3.QuickstepTransitionManager.createWallpaperOpenAnimations(go/retraceme 4b96215a9d9b4c1494121442fbf9d6e89857c91e1d76ddcc689701971259418a:734)
05-09 20:40:18.355  1076  1076 D LauncherStateManager: 	at com.android.launcher3.QuickstepTransitionManager$WallpaperOpenLauncherAnimationRunner.onAnimationStart(go/retraceme 4b96215a9d9b4c1494121442fbf9d6e89857c91e1d76ddcc689701971259418a:135)
05-09 20:40:18.356  1076  1076 D LauncherStateManager: StateManager.createAtomicAnimation: fromState: Normal, toState: Normal, partial trace:
05-09 20:40:18.356  1076  1076 D LauncherStateManager: 	at com.android.quickstep.util.WorkspaceRevealAnim.prepareToAnimate(go/retraceme 4b96215a9d9b4c1494121442fbf9d6e89857c91e1d76ddcc689701971259418a:19)
05-09 20:40:18.356  1076  1076 D LauncherStateManager: 	at com.android.quickstep.util.WorkspaceRevealAnim.<init>(go/retraceme 4b96215a9d9b4c1494121442fbf9d6e89857c91e1d76ddcc689701971259418a:10)
05-09 20:40:18.356  1076  1076 D LauncherStateManager: 	at com.android.launcher3.QuickstepTransitionManager.createWallpaperOpenAnimations(go/retraceme 4b96215a9d9b4c1494121442fbf9d6e89857c91e1d76ddcc689701971259418a:775)
05-09 20:40:18.356  1076  1076 D AllAppsTransitionController: shouldProtectHeader: false skipScrim: true state: Normal stateManager.getState(): Normal
05-09 20:40:18.356  1076  1076 D KeyboardInsetsHandler: removePendingImeController: pendingImeController=null
05-09 20:40:18.356  1076  1076 D b/311077782: LauncherAnimationRunner.setAnimation
05-09 20:40:18.372  2573  2573 D WindowOnBackDispatcher: setTopOnBackInvokedCallback (unwrapped): null
05-09 20:40:18.372  2573  2573 D LifecycleMonitor: Lifecycle status change: androidx.activity.ComponentActivity@5cd70d9 in: DESTROYED
05-09 20:40:18.372  2573  2573 V ActivityScenario: Update currentActivityStage to DESTROYED, currentActivity=null
05-09 20:40:18.373  2573  2587 D IdlingRegistry: Unregistering idling resources: [androidx.compose.ui.test.EspressoLink@6b5c525]
05-09 20:40:18.381  2573  2573 D ViewRootImpl: Skipping stats log for color mode
05-09 20:40:18.384  1076  1076 D BaseActivity: Launcher flags updated: [state_started|state_resumed|state_deferred_resumed|state_window_focused|state_user_active] +[state_window_focused]
05-09 20:40:18.387  2573  2587 I TestRunner: finished: createAlbumScreen_showsCreateButton(com.team4.vinilosapp.ui.CreateAlbumScreenTest)
