05-09 20:39:47.376  2573  2587 I TestRunner: started: associatePrizeToArtist_andValidateItIsDisplayedInArtistDetail(com.team4.vinilosapp.ui.AssociatePrizeArtistScreenTest)
05-09 20:39:47.377  2573  2587 D IdlingRegistry: Registering idling resources: [androidx.compose.ui.test.EspressoLink@4cb0263]
05-09 20:39:47.378  2573  2587 W Settings: Setting always_finish_activities has moved from android.provider.Settings.System to android.provider.Settings.Global, returning read-only value.
05-09 20:39:47.379   663  1548 V GrammaticalInflectionUtils: AttributionSource: android.content.AttributionSource@5796ad7f does not have READ_SYSTEM_GRAMMATICAL_GENDER permission.
05-09 20:39:47.393   934  1009 W DisconnectHandler: No disconnect change found in the transition, not handling request.
05-09 20:39:47.490   463   612 I RanchuHwc: logCompositionFallbackIfChanged: layer 2294 CompositionType fallback from 2 to 1
05-09 20:39:47.490   463   612 I RanchuHwc: logCompositionFallbackIfChanged: layer 2295 CompositionType fallback from 2 to 1
05-09 20:39:47.490   499   602 W skia    : AGTM parsing failed flags.readFromStream(s) at 159
05-09 20:39:47.491   499   602 W skia    : AGTM parsing failed flags.readFromStream(s) at 159
05-09 20:39:47.491   499   602 W skia    : AGTM parsing failed flags.readFromStream(s) at 159
05-09 20:39:47.491   499   602 W skia    : AGTM parsing failed flags.readFromStream(s) at 159
05-09 20:39:47.491   499   602 W skia    : AGTM parsing failed flags.readFromStream(s) at 159
05-09 20:39:47.491   499   602 W skia    : AGTM parsing failed flags.readFromStream(s) at 159
05-09 20:39:47.491   499   602 W skia    : AGTM parsing failed flags.readFromStream(s) at 159
05-09 20:39:47.491   499   602 W skia    : AGTM parsing failed flags.readFromStream(s) at 159
05-09 20:39:47.517   499   602 W skia    : AGTM parsing failed flags.readFromStream(s) at 159
05-09 20:39:47.517   499   602 W skia    : AGTM parsing failed flags.readFromStream(s) at 159
05-09 20:39:47.517   499   602 W skia    : AGTM parsing failed flags.readFromStream(s) at 159
05-09 20:39:47.517   499   602 W skia    : AGTM parsing failed flags.readFromStream(s) at 159
05-09 20:39:47.518   499   602 W skia    : AGTM parsing failed flags.readFromStream(s) at 159
05-09 20:39:47.518   499   602 W skia    : AGTM parsing failed flags.readFromStream(s) at 159
05-09 20:39:47.518   499   602 W skia    : AGTM parsing failed flags.readFromStream(s) at 159
05-09 20:39:47.518   499   602 W skia    : AGTM parsing failed flags.readFromStream(s) at 159
05-09 20:39:47.518   499   602 W skia    : AGTM parsing failed flags.readFromStream(s) at 159
05-09 20:39:47.518   499   602 W skia    : AGTM parsing failed flags.readFromStream(s) at 159
05-09 20:39:47.518   499   602 W skia    : AGTM parsing failed flags.readFromStream(s) at 159
05-09 20:39:47.518   499   602 W skia    : AGTM parsing failed flags.readFromStream(s) at 159
05-09 20:39:47.570  1076  1076 D RecentsView: onTaskRemoved: 697, not handling task stack changes
05-09 20:39:47.570   499   602 W skia    : AGTM parsing failed flags.readFromStream(s) at 159
05-09 20:39:47.570  1076  1076 D RecentsView: onTaskRemoved: 697, not handling task stack changes
05-09 20:39:47.570  1076  1076 D RecentsView: onTaskDisplayChanged: 699, new displayId = 0
05-09 20:39:47.570   499   602 W skia    : AGTM parsing failed flags.readFromStream(s) at 159
05-09 20:39:47.570   499   602 W skia    : AGTM parsing failed flags.readFromStream(s) at 159
05-09 20:39:47.570   499   602 W skia    : AGTM parsing failed flags.readFromStream(s) at 159
05-09 20:39:47.570   499   602 W skia    : AGTM parsing failed flags.readFromStream(s) at 159
05-09 20:39:47.570   499   602 W skia    : AGTM parsing failed flags.readFromStream(s) at 159
05-09 20:39:47.570   499   602 W skia    : AGTM parsing failed flags.readFromStream(s) at 159
05-09 20:39:47.570  1076  1076 D BaseActivity: Launcher flags updated: [state_started|state_resumed|state_deferred_resumed|state_window_focused|state_user_active] -[]
05-09 20:39:47.570   499   602 W skia    : AGTM parsing failed flags.readFromStream(s) at 159
05-09 20:39:47.571   499   637 I libbinder.BpBinder: onLastStrongRef automatically unlinking death recipients for binder (0xb4007670bc046b80) with descriptor: '(not cached)'
05-09 20:39:47.571  1076  1076 D BaseActivity: Launcher flags updated: [state_started|state_resumed|state_deferred_resumed|state_window_focused] -[state_user_active]
05-09 20:39:47.571  1076  1076 D BaseActivity: Launcher flags updated: [state_started|state_window_focused] -[state_resumed|state_deferred_resumed]
05-09 20:39:47.571  1076  1076 W SplitSelectStateCtor: Missing session instanceIds
05-09 20:39:47.571  1076  1076 D StatsLog: LAUNCHER_SPLIT_SELECTION_EXIT_INTERRUPTED
05-09 20:39:47.579   663   919 W InputChannel-JNI: Channel already disposed.
05-09 20:39:47.588  1076  1076 D RecentTasksList: invalidateLoadedTasks - previous requestLoadId: -1
05-09 20:39:47.588  1076  1076 D RecentTasksList: invalidateLoadedTasks - previous requestLoadId: -1
05-09 20:39:47.588  1076  1076 D RecentTasksList: invalidateLoadedTasks - previous requestLoadId: -1
05-09 20:39:47.589  1076  1076 D WorkspaceRevealAnim: onAnimationEnd: workspace alpha = 1.0
05-09 20:39:47.600  2573  2573 D LifecycleMonitor: Lifecycle status change: com.team4.vinilosapp.MainActivity@ebfe88d in: PRE_ON_CREATE
05-09 20:39:47.600  2573  2573 V ActivityScenario: Activity lifecycle changed event received but ignored because the reported transition was not ON_CREATE while the last known transition was PRE_ON_CREATE
05-09 20:39:47.601  2573  2573 D LifecycleMonitor: Lifecycle status change: com.team4.vinilosapp.MainActivity@ebfe88d in: CREATED
05-09 20:39:47.601  2573  2573 V ActivityScenario: Update currentActivityStage to CREATED, currentActivity=com.team4.vinilosapp.MainActivity@ebfe88d
05-09 20:39:47.603  2573  2573 D LifecycleMonitor: Lifecycle status change: com.team4.vinilosapp.MainActivity@ebfe88d in: STARTED
05-09 20:39:47.603  2573  2573 V ActivityScenario: Update currentActivityStage to STARTED, currentActivity=com.team4.vinilosapp.MainActivity@ebfe88d
05-09 20:39:47.603  2573  2573 D LifecycleMonitor: Lifecycle status change: com.team4.vinilosapp.MainActivity@ebfe88d in: RESUMED
05-09 20:39:47.604  2573  2573 V ActivityScenario: Update currentActivityStage to RESUMED, currentActivity=com.team4.vinilosapp.MainActivity@ebfe88d
05-09 20:39:47.607  2605  2605 D VRI[InstrumentationActivityInvoker$EmptyActivity]: visibilityChanged oldVisibility=true newVisibility=false
05-09 20:39:47.615   663   919 W InputChannel-JNI: Channel already disposed.
05-09 20:39:47.617  2573  2573 D WindowOnBackDispatcher: setTopOnBackInvokedCallback (unwrapped): android.app.Activity$$ExternalSyntheticLambda0@edaa7f2
05-09 20:39:47.624   934  1126 I Surface : Creating surface for consumer unnamed-934-620 with slotExpansion=1 for 64 slots
05-09 20:39:47.625   934  1126 I Surface : Creating surface for consumer VRI[vinilosapp]#620(BLAST Consumer)620 with slotExpansion=1 for 64 slots
05-09 20:39:47.635  2573  2573 D VRI[MainActivity]: WindowInsets changed: 1280x2856 statusBars:[0,156,0,0] navigationBars:[0,0,0,72] mandatorySystemGestures:[0,192,0,96]
05-09 20:39:47.658  2573  2672 D NetworkPerf: [/musicians] --> INICIO
05-09 20:39:47.658  2573  2672 I okhttp.OkHttpClient: --> GET https://backvynils-543995823892.us-central1.run.app/musicians
05-09 20:39:47.670  1076  1076 D BaseActivity: Launcher flags updated: [state_started] -[state_window_focused]
05-09 20:39:47.690  2573  2573 I Surface : Creating surface for consumer unnamed-2573-18 with slotExpansion=1 for 64 slots
05-09 20:39:47.690  2573  2573 I Surface : Creating surface for consumer VRI[MainActivity]#18(BLAST Consumer)18 with slotExpansion=1 for 64 slots
05-09 20:39:47.690  1076  1135 D PreloadThumbnailUseCase: Preloading thumbnails for task ids: [[id=32 windowingMode=0 user=0 lastActiveTime=16921] null, [id=698 windowingMode=1 user=0 lastActiveTime=17632378] null, [id=699 windowingMode=1 user=0 lastActiveTime=17632950] null]
05-09 20:39:47.756   499   602 W skia    : AGTM parsing failed flags.readFromStream(s) at 159
05-09 20:39:47.756   499   602 W skia    : AGTM parsing failed flags.readFromStream(s) at 159
05-09 20:39:47.818  2573  2672 I okhttp.OkHttpClient: <-- 200 https://backvynils-543995823892.us-central1.run.app/musicians (160ms, 12551-byte body)
05-09 20:39:47.845   499   602 W skia    : AGTM parsing failed flags.readFromStream(s) at 159
05-09 20:39:47.845   499   602 W skia    : AGTM parsing failed flags.readFromStream(s) at 159
05-09 20:39:47.891  2605  2605 D WindowOnBackDispatcher: setTopOnBackInvokedCallback (unwrapped): null
05-09 20:39:47.892  2605  2605 D ViewRootImpl: Skipping stats log for color mode
05-09 20:39:47.894   663   684 I ActivityTaskManager: Displayed com.team4.vinilosapp/.MainActivity for user 0: +515ms
05-09 20:39:47.904  1076  1076 D RecentTasksList: invalidateLoadedTasks - previous requestLoadId: -1
05-09 20:39:47.947   547 27315 W libbinder.IPCThreadState: Sending oneway calls to frozen process.
05-09 20:39:47.967  1076  1076 D RecentTasksList: invalidateLoadedTasks - previous requestLoadId: -1
05-09 20:39:47.968  1076  1076 D RecentTasksList: invalidateLoadedTasks - previous requestLoadId: -1
05-09 20:39:47.968  1076  1076 D RecentsView: onTaskRemoved: 698, not handling task stack changes
05-09 20:39:47.968  1076  1076 D RecentsView: onTaskRemoved: 698, not handling task stack changes
05-09 20:39:47.971   663   787 W InputChannel-JNI: Channel already disposed.
05-09 20:39:47.973  8468  8468 I GoogleInputMethodService: GoogleInputMethodService.onFinishInput():2259
05-09 20:39:47.974  8468  8468 I Module  : DeviceLockedStatusModuleProvider$Module.updateDeviceLockedStatus():103 repeatCheckTimes = 0, locked = false
05-09 20:39:47.974  8468  8468 I GoogleInputMethodService: GoogleInputMethodService.onStartInput():1446 onStartInput(EditorInfo{EditorInfo{packageName=com.team4.vinilosapp, inputType=0, inputTypeString=NULL, enableLearning=false, autoCorrection=false, autoComplete=false, imeOptions=0, privateImeOptions=null, actionName=UNSPECIFIED, actionLabel=null, initialSelStart=-1, initialSelEnd=-1, initialCapsMode=0, label=null, fieldId=0, fieldName=null, extras=null, hintText=null, hintLocales=[]}}, false)
05-09 20:39:47.974  8468  8468 I AndroidIME: LatinIMEBase.updateInputViewCoverNavigation():322 Update input view padding, isNavbarOverInputWindow=true, bottom inset=72
05-09 20:39:47.974  8468  8468 I Module  : DeviceLockedStatusModuleProvider$Module.updateDeviceLockedStatus():103 repeatCheckTimes = 1, locked = false
05-09 20:39:48.021   499   602 W skia    : AGTM parsing failed flags.readFromStream(s) at 159
05-09 20:39:48.021   499   602 W skia    : AGTM parsing failed flags.readFromStream(s) at 159
05-09 20:39:48.210   663   905 I Surface : Creating surface for consumer unnamed-663-372 with slotExpansion=1 for 64 slots
05-09 20:39:48.210   663   905 I Surface : Creating surface for consumer ImageReader-1024x2284f1m1-663-372 with slotExpansion=1 for 64 slots
05-09 20:39:48.210   663   905 W ImageReader_JNI: Unable to acquire a buffer item, very likely client tried to acquire more than maxImages buffers
05-09 20:39:48.223   663   905 E ConsumerBase: [ImageReader-1024x2284f1m1-663-372] abandonLocked: ConsumerBase is abandoned!
05-09 20:39:48.246  1076  1076 D VRI[NexusLauncherActivity]: visibilityChanged oldVisibility=true newVisibility=false
05-09 20:39:48.246   934  1546 D WallpaperService: onVisibilityChanged(false): com.android.systemui.wallpapers.ImageWallpaper$CanvasEngine@c19c617
05-09 20:39:48.251   499   602 W skia    : AGTM parsing failed flags.readFromStream(s) at 159
05-09 20:39:48.251   499   602 W skia    : AGTM parsing failed flags.readFromStream(s) at 159
05-09 20:39:48.263  1076  1076 D SmartspaceInteractor: notifySmartspaceEvent: SmartspaceTargetEvent{mSmartspaceTarget=null, mSmartspaceActionId='null', mEventType=7}
05-09 20:39:48.265  1076  1076 D BaseActivity: Launcher flags updated: [] -[state_started]
05-09 20:39:48.265  1076  1076 D BaseDepthController: setSurface:
05-09 20:39:48.265  1076  1076 D BaseDepthController: 	mWaitingOnSurfaceValidity: false
05-09 20:39:48.265  1076  1076 D BaseDepthController: 	mBaseSurface: null
05-09 20:39:48.265  1076  1076 D BaseDepthController: mSurface is null and mCurrentBlur is: 0
05-09 20:39:48.266  1076  1076 D LauncherStateManager: StateManager.goToState: fromState: Normal, toState: Normal, partial trace:
05-09 20:39:48.266  1076  1076 D LauncherStateManager: 	at com.android.launcher3.statemanager.StateManager.moveToRestState(go/retraceme 4b96215a9d9b4c1494121442fbf9d6e89857c91e1d76ddcc689701971259418a:26)
05-09 20:39:48.266  1076  1076 D LauncherStateManager: 	at com.android.launcher3.statemanager.StateManager.moveToRestState(go/retraceme 4b96215a9d9b4c1494121442fbf9d6e89857c91e1d76ddcc689701971259418a:35)
05-09 20:39:48.266  1076  1076 D LauncherStateManager: 	at com.android.launcher3.statemanager.StatefulActivity.onStop(go/retraceme 4b96215a9d9b4c1494121442fbf9d6e89857c91e1d76ddcc689701971259418a:31)
05-09 20:39:48.266  1076  1076 D LauncherStateManager: StateManager.onRepeatStateSetAborted: state: Normal
05-09 20:39:48.266  1076  1076 D KeyboardStateManager: hideKeyboard
05-09 20:39:48.266  1076  1076 D KeyboardStateManager: isImeShown: false
05-09 20:39:48.266  1076  1076 D StatsLog: LAUNCHER_ONSTOP
05-09 20:39:48.267  1076  1076 D StatsLog: LAUNCHER_GOOGLE_SEARCH_RESTORE_LIST_SIZE_AFTER_ACTIVITY_RESTART
05-09 20:39:48.269  1736  1967 I AiAiEcho: AmbientDataPredictorImpl No tracked ambient data found for ID: null; for event type: 7, skipping event processing.
05-09 20:39:48.338   934  1126 W FrameTracker: Missed App frame:jankTypeLegacy: UNKNOWN: 3, jankTypeExperimental: UNKNOWN: 3, vsyncId: 1072573, totalDuration: 35200151, CUJ=J<SPLASHSCREEN_EXIT_ANIM>
05-09 20:39:48.338   934  1126 W FrameTracker: Missed SF frame:jankTypeLegacy: UNKNOWN: 3, jankTypeExperimental: UNKNOWN: 3, vsyncId: 1072573, totalDuration: 35200151, CUJ=J<SPLASHSCREEN_EXIT_ANIM>
05-09 20:39:48.338   934  1126 W FrameTracker: Missed App frame:jankTypeLegacy: UNKNOWN: 3, jankTypeExperimental: UNKNOWN: 3, vsyncId: 1072595, totalDuration: 251215860, CUJ=J<SPLASHSCREEN_EXIT_ANIM>
05-09 20:39:48.338   934  1126 W FrameTracker: Missed SF frame:jankTypeLegacy: UNKNOWN: 3, jankTypeExperimental: UNKNOWN: 3, vsyncId: 1072595, totalDuration: 251215860, CUJ=J<SPLASHSCREEN_EXIT_ANIM>
05-09 20:39:48.338   934  1126 W FrameTracker: Missed App frame:jankTypeLegacy: UNKNOWN: 3, jankTypeExperimental: UNKNOWN: 3, vsyncId: 1072617, totalDuration: 305501569, CUJ=J<SPLASHSCREEN_EXIT_ANIM>
05-09 20:39:48.338   934  1126 W FrameTracker: Missed SF frame:jankTypeLegacy: UNKNOWN: 3, jankTypeExperimental: UNKNOWN: 3, vsyncId: 1072617, totalDuration: 305501569, CUJ=J<SPLASHSCREEN_EXIT_ANIM>
05-09 20:39:48.338   934  1126 W FrameTracker: Missed App frame:jankTypeLegacy: UNKNOWN: 3, jankTypeExperimental: JANK_COMPOSER, vsyncId: 1072663, totalDuration: 259494031, CUJ=J<SPLASHSCREEN_EXIT_ANIM>
05-09 20:39:48.338   934  1126 W FrameTracker: Missed SF frame:jankTypeLegacy: UNKNOWN: 3, jankTypeExperimental: JANK_COMPOSER, vsyncId: 1072663, totalDuration: 259494031, CUJ=J<SPLASHSCREEN_EXIT_ANIM>
05-09 20:39:48.338   934  1126 W FrameTracker: Missed App frame:jankTypeLegacy: JANK_APPLICATION, jankTypeExperimental: UNKNOWN: 3, vsyncId: 1072737, totalDuration: 228709082, CUJ=J<SPLASHSCREEN_EXIT_ANIM>
05-09 20:39:48.502   499   602 W skia    : AGTM parsing failed flags.readFromStream(s) at 159
05-09 20:39:48.502   499   602 W skia    : AGTM parsing failed flags.readFromStream(s) at 159
05-09 20:39:48.616   499   602 W skia    : AGTM parsing failed flags.readFromStream(s) at 159
05-09 20:39:48.616   499   602 W skia    : AGTM parsing failed flags.readFromStream(s) at 159
05-09 20:39:48.716   499   602 W skia    : AGTM parsing failed flags.readFromStream(s) at 159
05-09 20:39:48.716   499   602 W skia    : AGTM parsing failed flags.readFromStream(s) at 159
05-09 20:39:48.786  8468  8468 I VoiceInputManagerWrapper: VoiceInputManagerWrapper.shutdownVoiceInternal():148 shutdownVoiceInternal()
05-09 20:39:48.786  8468  8468 W NotificationCenter: NotificationCenter.unregisterListener():480 Listener iyg@f6c0545 was not registered for notification class pcy
05-09 20:39:48.817   499   602 W skia    : AGTM parsing failed flags.readFromStream(s) at 159
05-09 20:39:48.817   499   602 W skia    : AGTM parsing failed flags.readFromStream(s) at 159
05-09 20:39:48.886   663  1548 W libbinder.Binder: Binder transaction to android.view.IWindowManager, function: UNKNOWN_FUNCTION_NAME, code: 110, took 1025ms. Data bytes: 76 Reply bytes: 4 Flags: 18
05-09 20:39:48.921   499   602 W skia    : AGTM parsing failed flags.readFromStream(s) at 159
05-09 20:39:48.996  2573  2573 D WindowOnBackDispatcher: setTopOnBackInvokedCallback (unwrapped): androidx.activity.OnBackPressedDispatcher$Api34Impl$createOnBackAnimationCallback$1@4167386
05-09 20:39:49.022  2573  2672 D NetworkPerf: [/musicians/100] --> INICIO
05-09 20:39:49.023  2573  2672 I okhttp.OkHttpClient: --> GET https://backvynils-543995823892.us-central1.run.app/musicians/100
05-09 20:39:49.023   499   602 W skia    : AGTM parsing failed flags.readFromStream(s) at 159
05-09 20:39:49.124   499   602 W skia    : AGTM parsing failed flags.readFromStream(s) at 159
05-09 20:39:49.154  2573  2672 I okhttp.OkHttpClient: <-- 200 https://backvynils-543995823892.us-central1.run.app/musicians/100 (131ms, 3423-byte body)
05-09 20:39:49.224   499   602 W skia    : AGTM parsing failed flags.readFromStream(s) at 159
05-09 20:39:49.328   499   602 W skia    : AGTM parsing failed flags.readFromStream(s) at 159
05-09 20:39:49.418   501   501 I adbd    : adbd service requested 'shell,v2,raw:dumpsys package com.google.android.gms'
05-09 20:39:49.429   499   602 W skia    : AGTM parsing failed flags.readFromStream(s) at 159
05-09 20:39:49.471  2573  2672 D NetworkPerf: [/prizes] --> INICIO
05-09 20:39:49.471  2573  2672 I okhttp.OkHttpClient: --> GET https://backvynils-543995823892.us-central1.run.app/prizes
05-09 20:39:49.499  3713  3713 I artd    : GetBestInfo: odex next to the dex file (/data/app/~~mhgDiNMgaDWl5PolxioL9w==/com.google.android.gms-xnyh92E0gCB97NnydWtj9g==/oat/arm64/base.odex) is kOatUpToDate with filter 'speed-profile' executable 'false'
05-09 20:39:49.499  3713  4136 I artd    : GetBestInfo: dm (/data/app/~~mhgDiNMgaDWl5PolxioL9w==/com.google.android.gms-xnyh92E0gCB97NnydWtj9g==/split_AdsDynamite_installtime.dm) is kOatUpToDate with filter 'verify' executable 'false'
05-09 20:39:49.500  3713  3713 I artd    : GetBestInfo: dm (/data/app/~~mhgDiNMgaDWl5PolxioL9w==/com.google.android.gms-xnyh92E0gCB97NnydWtj9g==/split_CronetDynamite_installtime.dm) is kOatUpToDate with filter 'verify' executable 'false'
05-09 20:39:49.501  3713  4136 I artd    : GetBestInfo: dm (/data/app/~~mhgDiNMgaDWl5PolxioL9w==/com.google.android.gms-xnyh92E0gCB97NnydWtj9g==/split_DynamiteLoader_installtime.dm) is kOatUpToDate with filter 'verify' executable 'false'
05-09 20:39:49.501  3713  4136 I artd    : GetBestInfo: dm (/data/app/~~mhgDiNMgaDWl5PolxioL9w==/com.google.android.gms-xnyh92E0gCB97NnydWtj9g==/split_DynamiteModulesA_installtime.dm) is kOatUpToDate with filter 'verify' executable 'false'
05-09 20:39:49.503  3713  3713 I artd    : GetBestInfo: dm (/data/app/~~mhgDiNMgaDWl5PolxioL9w==/com.google.android.gms-xnyh92E0gCB97NnydWtj9g==/split_DynamiteModulesC_installtime.dm) is kOatUpToDate with filter 'verify' executable 'false'
05-09 20:39:49.512  3713  4136 I artd    : GetBestInfo: dm (/data/app/~~mhgDiNMgaDWl5PolxioL9w==/com.google.android.gms-xnyh92E0gCB97NnydWtj9g==/split_GoogleCertificates_installtime.dm) is kOatUpToDate with filter 'verify' executable 'false'
05-09 20:39:49.513  3713  3713 I artd    : GetBestInfo: dm (/data/app/~~mhgDiNMgaDWl5PolxioL9w==/com.google.android.gms-xnyh92E0gCB97NnydWtj9g==/split_MapsDynamite_installtime.dm) is kOatUpToDate with filter 'verify' executable 'false'
05-09 20:39:49.514  3713  4136 I artd    : GetBestInfo: dm (/data/app/~~mhgDiNMgaDWl5PolxioL9w==/com.google.android.gms-xnyh92E0gCB97NnydWtj9g==/split_MeasurementDynamite_installtime.dm) is kOatUpToDate with filter 'verify' executable 'false'
05-09 20:39:49.516  3713  3726 I artd    : GetBestInfo: dm (/data/app/~~mhgDiNMgaDWl5PolxioL9w==/com.google.android.gms-xnyh92E0gCB97NnydWtj9g==/split_all_locale_splits.dm) is kOatUpToDate with filter 'verify' executable 'false'
05-09 20:39:49.518  3713  3726 I artd    : GetBestInfo: /data/user_de/0/com.google.android.gms/app_chimera/m/00000001/CronetDynamite.apk has no usable artifacts
05-09 20:39:49.518  3713  3726 I artd    : GetBestInfo: /data/user_de/0/com.google.android.gms/app_chimera/m/00000002/DynamiteLoader.apk has no usable artifacts
05-09 20:39:49.519  3713  3726 I artd    : GetBestInfo: /data/user_de/0/com.google.android.gms/app_chimera/m/00000005/GoogleCertificates.apk has no usable artifacts
05-09 20:39:49.521  3713  3726 I artd    : GetBestInfo: /data/user_de/0/com.google.android.gms/app_chimera/m/00000013/dl-MlkitBarcodeUi.optional_261332100400.apk has no usable artifacts
05-09 20:39:49.523  3713  3726 I artd    : GetBestInfo: /data/user_de/0/com.google.android.gms/app_chimera/m/00000015/dl-MlkitOcrCommon.optional_261332100400.apk has no usable artifacts
05-09 20:39:49.532  3713  3726 I artd    : GetBestInfo: /data/user_de/0/com.google.android.gms/app_chimera/m/0000000d/dl-Appsearch.optional_261136100400.apk has no usable artifacts
05-09 20:39:49.532   499   602 W skia    : AGTM parsing failed flags.readFromStream(s) at 159
05-09 20:39:49.539  3713  3726 I artd    : GetBestInfo: /data/user_de/0/com.google.android.gms/app_chimera/m/00000012/dl-PlayCloudSearch.optional_261332100000.apk has no usable artifacts
05-09 20:39:49.540  3713  3726 I artd    : GetBestInfo: /data/user_de/0/com.google.android.gms/app_chimera/m/0000000a/dl-MlkitOcrCommon.optional_261136100400.apk has no usable artifacts
05-09 20:39:49.541  3713  3726 I artd    : GetBestInfo: /data/user_de/0/com.google.android.gms/app_chimera/m/00000008/dl-TfliteDynamiteDynamite.integ_252130102100400.apk has no usable artifacts
05-09 20:39:49.545  3713  3726 I artd    : GetBestInfo: vdex next to the dex file (/data/user/0/com.google.android.gms/app_dg_cache/87E7746227FF4E457A2EB56043B95E41006DE49F/oat/arm64/the.vdex) is kOatUpToDate with filter 'verify' executable 'false'
05-09 20:39:49.547  3713  3726 I artd    : GetBestInfo: /data/user_de/0/com.google.android.gms/app_chimera/m/00000009/dl-VisionOcr.optional_261136100000.apk has no usable artifacts
05-09 20:39:49.549  3713  3726 I artd    : GetBestInfo: /data/user_de/0/com.google.android.gms/app_chimera/m/00000010/dl-VisionOcr.optional_261332100000.apk has no usable artifacts
05-09 20:39:49.552  3713  3726 I artd    : GetBestInfo: vdex next to the dex file (/data/user/0/com.google.android.gms/app_dg_cache/21A90BF1C1C388089206DCE215FB60D7882BFA18/oat/arm64/the.vdex) is kOatUpToDate with filter 'verify' executable 'false'
05-09 20:39:49.554  3713  3726 I artd    : GetBestInfo: /data/user_de/0/com.google.android.gms/app_chimera/m/0000001d/dl-IdentityCredentialsPlacebo.optional_261332100400.apk has no usable artifacts
05-09 20:39:49.562  3713  4136 I artd    : GetBestInfo: /data/user_de/0/com.google.android.gms/app_chimera/m/0000000e/dl-MlkitBarcodeUi.optional_261136100400.apk has no usable artifacts
05-09 20:39:49.563  3713  4136 I artd    : GetBestInfo: /data/user/0/com.google.android.gms/app_dg_cache/707FFD883BF2A7896692338F9625CA52336E933B/the.apk has no usable artifacts
05-09 20:39:49.563  3713  4136 I artd    : GetBestInfo: /data/user_de/0/com.google.android.gms/app_chimera/m/00000007/MeasurementDynamite.apk has no usable artifacts
05-09 20:39:49.565  3713  4136 I artd    : GetBestInfo: /data/user_de/0/com.google.android.gms/app_chimera/m/0000000b/dl-PlayCloudSearch.optional_261136100000.apk has no usable artifacts
05-09 20:39:49.578  3713  3726 I artd    : GetBestInfo: /data/user_de/0/com.google.android.gms/app_chimera/m/00000011/dl-Appsearch.optional_261332100400.apk has no usable artifacts
05-09 20:39:49.610  2573  2672 I okhttp.OkHttpClient: <-- 200 https://backvynils-543995823892.us-central1.run.app/prizes (138ms, 3268-byte body)
05-09 20:39:49.633   499   602 W skia    : AGTM parsing failed flags.readFromStream(s) at 159
05-09 20:39:49.695   663   787 W InputChannel-JNI: Channel already disposed.
05-09 20:39:49.695  8468  8468 I GoogleInputMethodService: GoogleInputMethodService.onFinishInput():2259
05-09 20:39:49.695  8468  8468 I Module  : DeviceLockedStatusModuleProvider$Module.updateDeviceLockedStatus():103 repeatCheckTimes = 0, locked = false
05-09 20:39:49.696  2573  2573 I AssistStructure: Flattened final assist data: 680 bytes, containing 1 windows, 4 views
05-09 20:39:49.696  8468  8468 I GoogleInputMethodService: GoogleInputMethodService.onStartInput():1446 onStartInput(EditorInfo{EditorInfo{packageName=com.team4.vinilosapp, inputType=0, inputTypeString=NULL, enableLearning=false, autoCorrection=false, autoComplete=false, imeOptions=0, privateImeOptions=null, actionName=UNSPECIFIED, actionLabel=null, initialSelStart=-1, initialSelEnd=-1, initialCapsMode=0, label=null, fieldId=0, fieldName=null, extras=null, hintText=null, hintLocales=[]}}, false)
05-09 20:39:49.696  8468  8468 I AndroidIME: LatinIMEBase.updateInputViewCoverNavigation():322 Update input view padding, isNavbarOverInputWindow=true, bottom inset=72
05-09 20:39:49.696  8468  8468 I Module  : DeviceLockedStatusModuleProvider$Module.updateDeviceLockedStatus():103 repeatCheckTimes = 1, locked = false
05-09 20:39:49.706   663  1548 W InputChannel-JNI: Channel already disposed.
05-09 20:39:49.731  2573  2573 D WindowOnBackDispatcher: setTopOnBackInvokedCallback (unwrapped): androidx.compose.ui.window.Api33Impl$$ExternalSyntheticLambda0@39de949
05-09 20:39:49.734   499   602 W skia    : AGTM parsing failed flags.readFromStream(s) at 159
05-09 20:39:49.755  2573  2573 I Surface : Creating surface for consumer unnamed-2573-19 with slotExpansion=1 for 64 slots
05-09 20:39:49.756  2573  2573 I Surface : Creating surface for consumer VRI[Pop-Up Window]#19(BLAST Consumer)19 with slotExpansion=1 for 64 slots
05-09 20:39:49.837   499   602 W skia    : AGTM parsing failed flags.readFromStream(s) at 159
05-09 20:39:49.938   499   602 W skia    : AGTM parsing failed flags.readFromStream(s) at 159
05-09 20:39:49.962  2573  2573 D WindowOnBackDispatcher: setTopOnBackInvokedCallback (unwrapped): null
05-09 20:39:50.016  2573  2589 D HWUI    : endAllActiveAnimators on 0xb4007bca0402d660 (UnprojectedRipple) with handle 0xb4007bc934077b70
05-09 20:39:50.047   499   602 W skia    : AGTM parsing failed flags.readFromStream(s) at 159
05-09 20:39:50.054   663   787 W InputChannel-JNI: Channel already disposed.
05-09 20:39:50.055  8468  8468 I GoogleInputMethodService: GoogleInputMethodService.onFinishInput():2259
05-09 20:39:50.056  8468  8468 I Module  : DeviceLockedStatusModuleProvider$Module.updateDeviceLockedStatus():103 repeatCheckTimes = 0, locked = false
05-09 20:39:50.060  8468  8468 I GoogleInputMethodService: GoogleInputMethodService.onStartInput():1446 onStartInput(EditorInfo{EditorInfo{packageName=com.team4.vinilosapp, inputType=0, inputTypeString=NULL, enableLearning=false, autoCorrection=false, autoComplete=false, imeOptions=0, privateImeOptions=null, actionName=UNSPECIFIED, actionLabel=null, initialSelStart=-1, initialSelEnd=-1, initialCapsMode=0, label=null, fieldId=0, fieldName=null, extras=null, hintText=null, hintLocales=[]}}, false)
05-09 20:39:50.060  8468  8468 I AndroidIME: LatinIMEBase.updateInputViewCoverNavigation():322 Update input view padding, isNavbarOverInputWindow=true, bottom inset=72
05-09 20:39:50.069  8468  8468 I Module  : DeviceLockedStatusModuleProvider$Module.updateDeviceLockedStatus():103 repeatCheckTimes = 1, locked = false
05-09 20:39:50.140   499   602 W skia    : AGTM parsing failed flags.readFromStream(s) at 159
05-09 20:39:50.219  2573  2573 I AssistStructure: Flattened final assist data: 692 bytes, containing 1 windows, 4 views
05-09 20:39:50.253   663   787 W InputChannel-JNI: Channel already disposed.
05-09 20:39:50.255  8468  8468 I DeviceIntelligenceExtension: DeviceIntelligenceExtension.getInlineSuggestionsRequest():222 Inline suggestions disabled in stylus mode or vertical PK/Voice toolbar
05-09 20:39:50.255  8468  8468 I GoogleInputMethodService: GoogleInputMethodService.onStartInput():1446 onStartInput(EditorInfo{EditorInfo{packageName=com.team4.vinilosapp, inputType=28001, inputTypeString=Normal[MultiLine|AutoCorrect], enableLearning=true, autoCorrection=true, autoComplete=true, imeOptions=42000000, privateImeOptions=null, actionName=UNSPECIFIED, actionLabel=null, initialSelStart=0, initialSelEnd=0, initialCapsMode=0, label=null, fieldId=-1, fieldName=null, extras=Bundle[mParcelledData.dataSize=404], hintText=null, hintLocales=[]}}, true)
05-09 20:39:50.255  8468  8468 W SessionManager: SessionManager.beginSession():72 Try to begin an already begun session [INPUT_SESSION], end it first
05-09 20:39:50.255  8468  8468 I AndroidIME: LatinIMEBase.updateInputViewCoverNavigation():322 Update input view padding, isNavbarOverInputWindow=true, bottom inset=72
05-09 20:39:50.255  8468  8468 I Module  : DeviceLockedStatusModuleProvider$Module.updateDeviceLockedStatus():103 repeatCheckTimes = 1, locked = false
05-09 20:39:50.258  8468  8468 I StylusModule: StylusModule.onUpdateToolType():774 Update tool type = 2
05-09 20:39:50.262  8468  8468 I GoogleInputMethodService: GoogleInputMethodService.onStartInputView():1532 onStartInputView(EditorInfo{EditorInfo{packageName=com.team4.vinilosapp, inputType=28001, inputTypeString=Normal[MultiLine|AutoCorrect], enableLearning=true, autoCorrection=true, autoComplete=true, imeOptions=42000000, privateImeOptions=null, actionName=UNSPECIFIED, actionLabel=null, initialSelStart=0, initialSelEnd=0, initialCapsMode=0, label=null, fieldId=-1, fieldName=null, extras=Bundle[{android.support.text.emoji.emojiCompat_metadataVersion=11, androidx.core.view.inputmethod.EditorInfoCompat.STYLUS_HANDWRITING_ENABLED=true, android.support.text.emoji.emojiCompat_replaceAll=false}], hintText=null, hintLocales=[]}}, false)
05-09 20:39:50.262   663   826 I HalDevMgr: bestIfaceCreationProposal is null, requestIface=STA, existingIface=[name=wlan0 type=STA]
05-09 20:39:50.263  8468  8493 I ScribeHandwritingRecognizerWrapper: ScribeHandwritingRecognizerWrapper.setupRecognizer():111 model paths
05-09 20:39:50.263  8468  8493 I ScribeHandwritingRecognizerWrapper: gesture recospec=null
05-09 20:39:50.263  8468  8493 I ScribeHandwritingRecognizerWrapper: gesture lstm=null
05-09 20:39:50.263  8468  8493 I ScribeHandwritingRecognizerWrapper: writing recospec=null
05-09 20:39:50.263  8468  8493 I ScribeHandwritingRecognizerWrapper: confidence model=null
05-09 20:39:50.263  8468  8493 I ScribeHandwritingRecognizerWrapper: writing segmentor=null
05-09 20:39:50.263  8468  8493 I ScribeHandwritingRecognizerWrapper: writinglstm=null
05-09 20:39:50.263  8468  8493 I ScribeHandwritingRecognizerWrapper: writingfst=null
05-09 20:39:50.263  8468  8493 I ScribeHandwritingRecognizerWrapper:
05-09 20:39:50.264  8468  8468 I KeyboardHeightUtil: KeyboardHeightUtil.getOemKeyboardHeightRatio():81 systemKeyboardHeightRatio:1.000000.
05-09 20:39:50.272  8468  8494 W ModuleManager: ModuleManager.loadModule():634 Module pyg is not available
05-09 20:39:50.273  1283  3459 I NullBinder: NullBinder for android.net.action.RECOMMEND_NETWORKS triggering remote TransactionTooLargeException due to Service without Chimera impl, calling uid: 1000, calling pid: 0
05-09 20:39:50.273  1283  3459 W libbinder.Binder: Large reply transaction of 1056768 bytes, interface descriptor , function: UNKNOWN_FUNCTION_NAME, code: 1, flags: 17
05-09 20:39:50.274  1016  1180 D IpClient/wlan0: interfaceLinkStateChanged: ifindex 16 up
05-09 20:39:50.275  8468  8468 I AndroidIME: InputBundleManager.startInput():357 startInput2 restarting=false
05-09 20:39:50.275  8468  8468 I AndroidIME: InputBundleManager.loadActiveInputBundleId():542 loadActiveInputBundleId: en-US, ime_english_united_states
05-09 20:39:50.275  8468  8468 I InputBundle: InputBundle.activateIme():597 activateIme: INACTIVE, keyboardType=accessory
05-09 20:39:50.275  8468  8468 I AndroidIME: AbstractIme.onActivate():95 LatinIme.onActivate() : EditorInfo = EditorInfo{packageName=com.team4.vinilosapp, inputType=28001, inputTypeString=Normal[MultiLine|AutoCorrect], enableLearning=true, autoCorrection=true, autoComplete=true, imeOptions=42000000, privateImeOptions=null, actionName=UNSPECIFIED, actionLabel=null, initialSelStart=0, initialSelEnd=0, initialCapsMode=0, label=null, fieldId=-1, fieldName=null, extras=Bundle[{android.support.text.emoji.emojiCompat_metadataVersion=11, androidx.core.view.inputmethod.EditorInfoCompat.STYLUS_HANDWRITING_ENABLED=true, android.support.text.emoji.emojiCompat_replaceAll=false}], hintText=null, hintLocales=[]}, IncognitoMode = false, DeviceLocked = false
05-09 20:39:50.275  8468  8468 I InputBundle: InputBundle.consumeEvent():1051 Skip consuming an event as keyboard status is INACTIVE
05-09 20:39:50.276  8468  8468 I Delight5Facilitator: Delight5Facilitator.initializeForIme():745 initializeForIme() : Locale = [en_US], layout = qwerty
05-09 20:39:50.276 19992 19992 D BoundBrokerSvc: onBind: Intent { act=com.google.android.mdd.service.START dat=chimera-action:/... xflg=0x4 cmp=com.google.android.gms/.chimera.GmsBoundBrokerService }
05-09 20:39:50.276 19992 19992 D BoundBrokerSvc: Loading bound service for intent: Intent { act=com.google.android.mdd.service.START dat=chimera-action:/... xflg=0x4 cmp=com.google.android.gms/.chimera.GmsBoundBrokerService }
05-09 20:39:50.278  1098  1098 V InlineSuggestionRenderService: handleDestroySuggestionViews called for 0:28917893
05-09 20:39:50.281  1016  1180 D IpClient/wlan0: interfaceLinkStateChanged: ifindex 16 up
05-09 20:39:50.282  1283  1283 E EventHandlerImpl: Metrics context is missing from client state [CONTEXT service_id=177 ]
05-09 20:39:50.284  8468  8468 I LatinIme: LatinIme.updateEnableInlineSuggestionsOnDecoderSideFlags():1277 inline flag updated to:false
05-09 20:39:50.284  8468  8468 I LatinIme: LatinIme.updateEnableInlineSuggestionsOnDecoderSideFlags():1277 inline flag updated to:false
05-09 20:39:50.285  8468  8494 I NebulaeTrainingCacheMetricsProcessor: NebulaeTrainingCacheMetricsProcessor.processBeginSession():252 Begin training cache session: com.team4.vinilosapp_-1/
05-09 20:39:50.286  8468  8468 I InputBundle: InputBundle.consumeEvent():1051 Skip consuming an event as keyboard status is INACTIVE
05-09 20:39:50.286  8468  8468 I LatinIme: LatinIme.resetInputContext():2284 resetInputContext(): reason=1, externalEditsInfo=ExternalEditsInfo{action=0, offset=-1, text=null, originalText=null, edits=null}
05-09 20:39:50.286  8468  8468 I InputBundle: InputBundle.consumeEvent():1051 Skip consuming an event as keyboard status is INACTIVE
05-09 20:39:50.287  8468  8468 I InputBundle: InputBundle.activateKeyboard():652 activateKeyboard: ACTIVE, type=ocu[keyboardType=accessory, payload=null]
05-09 20:39:50.287  8468  8468 I KeyboardWrapper: KeyboardWrapper.activateKeyboard():592 activateKeyboard(): type=accessory, status=INACTIVE, imeDef=obp{stringId=ime_english_united_states, language=en-US, languageTag=en-US, processedConditions={writing_helper_enable_by_word_revert=false, true=true, enable_number_row=false, device=phone, enable_pk_simulator=false}, className=com.google.android.apps.inputmethod.libs.latin5.LatinIme, label=0, keyEventInterpreter=null, inlineComposing=true, autoCapital=true, announceAutoSelectedCandidate=true, statusIcon=0, indicatorIcon=0, indicatorLabel=US, displayAppCompletions=true, extraValues=obi{#0x7f0b02e5=TypedValue{t=0x3/d=0x0 "com.google.android.apps.inputmethod.libs.latin5.LatinIme"}}, processors=odh@e67bcdb, unacceptableMetaKeys=4098, languageSpecificSettings=0, asciiCapable=true, alwaysShowSuggestions=false, useAsciiPasswordKeyboard=false, keyboardGroupDef=ocq@cb47bbd, phenotypeFlagId=0, localizationLanguageTag=null, supportsInlineSuggestion=true}
05-09 20:39:50.287  8468  8468 I KeyboardManager: KeyboardManager.requestKeyboard():249 Creating keyboard accessory, imeId=ime_english_united_states, cacheKey=theme,!gsf,!pgsans,!pgsf,!use_system_font,BORDER,FLAVOR_DPI=XXHDPI,IS_LIGHT,KEYBOARD_WIDTH_CATEGORY=NORMAL,KEY_BORDER_SHAPE=1,LIGHT_THEME=true,PHYSICAL_DIAGONAL=6.225089,POPUP,SCREEN_SHORTEST_WIDTH=427,SCREEN_SHORTEST_WIDTH_NO_SCALE=427,SW400DP,XXHDPI,bottom4dp,enable_popup_on_keypress=true,keyboard_redesign_google_sans=true,non_linear_scale,noshadow,overlay_builtin_dynamic_color_light_base.binarypb:gm3-light-fffaf8fe-ff4c5e8b-4fb1adea13304a190d4abf12326cf60c,silkpopup
05-09 20:39:50.287  8468  8468 I KeyboardWrapper: KeyboardWrapper.onKeyboardReady():226 onKeyboardReady(): type=accessory(accessory), kb=com.google.android.libraries.inputmethod.keyboard.impl.Keyboard@28401c2
05-09 20:39:50.287  8468  8468 I KeyboardWrapper: KeyboardWrapper.doActivateKeyboard():624 doActivateKeyboard(): accessory
05-09 20:39:50.287  8468  8468 W Keyboard: Keyboard.getKeyboardViewHelper():607 null helper is returned: keyboardDef=oci{processedConditions={}, globalConditions={}, className=com.google.android.libraries.inputmethod.keyboard.impl.Keyboard, resourceIds=[#0x7f17004e], initialStates=0, keyboardViewDefs=[], persistentStates=0, persistentStatesPrefKey=null, popupBubbleLayoutId=#0x0, recentKeyLayoutId=#0x0, recentKeyPopupLayoutId=#0x0, recentKeyType=null, rememberRecentKey=NONE, sessionStates=0}, type=HEADER, helpersCreated={}, context.getResources().getConfiguration(): {1.0 310mcc260mnc [en_US] ldltr sw427dp w427dp h952dp 480dpi nrml long compactNeeded port finger qwerty/v/v dpad/v winConfig={ mBounds=Rect(0, 0 - 1280, 2856) mAppBounds=Rect(0, 0 - 1280, 2856) mMaxBounds=Rect(0, 0 - 1280, 2856) mDisplayRotation=ROTATION_0 mWindowingMode=fullscreen mActivityType=undefined mAlwaysOnTop=undefined mRotation=ROTATION_0} as.3 s.52 fontWeightAdjustment=0}
05-09 20:39:50.287  8468  8468 W Keyboard: Keyboard.getKeyboardViewHelper():607 null helper is returned: keyboardDef=oci{processedConditions={}, globalConditions={}, className=com.google.android.libraries.inputmethod.keyboard.impl.Keyboard, resourceIds=[#0x7f17004e], initialStates=0, keyboardViewDefs=[], persistentStates=0, persistentStatesPrefKey=null, popupBubbleLayoutId=#0x0, recentKeyLayoutId=#0x0, recentKeyPopupLayoutId=#0x0, recentKeyType=null, rememberRecentKey=NONE, sessionStates=0}, type=BODY, helpersCreated={}, context.getResources().getConfiguration(): {1.0 310mcc260mnc [en_US] ldltr sw427dp w427dp h952dp 480dpi nrml long compactNeeded port finger qwerty/v/v dpad/v winConfig={ mBounds=Rect(0, 0 - 1280, 2856) mAppBounds=Rect(0, 0 - 1280, 2856) mMaxBounds=Rect(0, 0 - 1280, 2856) mDisplayRotation=ROTATION_0 mWindowingMode=fullscreen mActivityType=undefined mAlwaysOnTop=undefined mRotation=ROTATION_0} as.3 s.52 fontWeightAdjustment=0}
05-09 20:39:50.287  8468  8468 I GlobeKeyExtension: GlobeKeyExtension.getKeyboardInitialStates():186
05-09 20:39:50.288  8468  8468 W Keyboard: Keyboard.getKeyboardViewHelper():607 null helper is returned: keyboardDef=oci{processedConditions={}, globalConditions={}, className=com.google.android.libraries.inputmethod.keyboard.impl.Keyboard, resourceIds=[#0x7f17004e], initialStates=0, keyboardViewDefs=[], persistentStates=0, persistentStatesPrefKey=null, popupBubbleLayoutId=#0x0, recentKeyLayoutId=#0x0, recentKeyPopupLayoutId=#0x0, recentKeyType=null, rememberRecentKey=NONE, sessionStates=0}, type=HEADER, helpersCreated={}, context.getResources().getConfiguration(): {1.0 310mcc260mnc [en_US] ldltr sw427dp w427dp h952dp 480dpi nrml long compactNeeded port finger qwerty/v/v dpad/v winConfig={ mBounds=Rect(0, 0 - 1280, 2856) mAppBounds=Rect(0, 0 - 1280, 2856) mMaxBounds=Rect(0, 0 - 1280, 2856) mDisplayRotation=ROTATION_0 mWindowingMode=fullscreen mActivityType=undefined mAlwaysOnTop=undefined mRotation=ROTATION_0} as.3 s.52 fontWeightAdjustment=0}
05-09 20:39:50.290  8468  8468 W Keyboard: Keyboard.getKeyboardViewHelper():607 null helper is returned: keyboardDef=oci{processedConditions={}, globalConditions={}, className=com.google.android.libraries.inputmethod.keyboard.impl.Keyboard, resourceIds=[#0x7f17004e], initialStates=0, keyboardViewDefs=[], persistentStates=0, persistentStatesPrefKey=null, popupBubbleLayoutId=#0x0, recentKeyLayoutId=#0x0, recentKeyPopupLayoutId=#0x0, recentKeyType=null, rememberRecentKey=NONE, sessionStates=0}, type=BODY, helpersCreated={}, context.getResources().getConfiguration(): {1.0 310mcc260mnc [en_US] ldltr sw427dp w427dp h952dp 480dpi nrml long compactNeeded port finger qwerty/v/v dpad/v winConfig={ mBounds=Rect(0, 0 - 1280, 2856) mAppBounds=Rect(0, 0 - 1280, 2856) mMaxBounds=Rect(0, 0 - 1280, 2856) mDisplayRotation=ROTATION_0 mWindowingMode=fullscreen mActivityType=undefined mAlwaysOnTop=undefined mRotation=ROTATION_0} as.3 s.52 fontWeightAdjustment=0}
05-09 20:39:50.290  8468  8468 W Keyboard: Keyboard.getKeyboardViewHelper():607 null helper is returned: keyboardDef=oci{processedConditions={}, globalConditions={}, className=com.google.android.libraries.inputmethod.keyboard.impl.Keyboard, resourceIds=[#0x7f17004e], initialStates=0, keyboardViewDefs=[], persistentStates=0, persistentStatesPrefKey=null, popupBubbleLayoutId=#0x0, recentKeyLayoutId=#0x0, recentKeyPopupLayoutId=#0x0, recentKeyType=null, rememberRecentKey=NONE, sessionStates=0}, type=FLOATING_CANDIDATES, helpersCreated={}, context.getResources().getConfiguration(): {1.0 310mcc260mnc [en_US] ldltr sw427dp w427dp h952dp 480dpi nrml long compactNeeded port finger qwerty/v/v dpad/v winConfig={ mBounds=Rect(0, 0 - 1280, 2856) mAppBounds=Rect(0, 0 - 1280, 2856) mMaxBounds=Rect(0, 0 - 1280, 2856) mDisplayRotation=ROTATION_0 mWindowingMode=fullscreen mActivityType=undefined mAlwaysOnTop=undefined mRotation=ROTATION_0} as.3 s.52 fontWeightAdjustment=0}
05-09 20:39:50.290  8468  8468 W Keyboard: Keyboard.getKeyboardViewHelper():607 null helper is returned: keyboardDef=oci{processedConditions={}, globalConditions={}, className=com.google.android.libraries.inputmethod.keyboard.impl.Keyboard, resourceIds=[#0x7f17004e], initialStates=0, keyboardViewDefs=[], persistentStates=0, persistentStatesPrefKey=null, popupBubbleLayoutId=#0x0, recentKeyLayoutId=#0x0, recentKeyPopupLayoutId=#0x0, recentKeyType=null, rememberRecentKey=NONE, sessionStates=0}, type=WIDGET, helpersCreated={}, context.getResources().getConfiguration(): {1.0 310mcc260mnc [en_US] ldltr sw427dp w427dp h952dp 480dpi nrml long compactNeeded port finger qwerty/v/v dpad/v winConfig={ mBounds=Rect(0, 0 - 1280, 2856) mAppBounds=Rect(0, 0 - 1280, 2856) mMaxBounds=Rect(0, 0 - 1280, 2856) mDisplayRotation=ROTATION_0 mWindowingMode=fullscreen mActivityType=undefined mAlwaysOnTop=undefined mRotation=ROTATION_0} as.3 s.52 fontWeightAdjustment=0}
05-09 20:39:50.290  8468  8468 I KeyboardManager: KeyboardManager.requestKeyboard():249 Creating keyboard accessory_candidates_consumer, imeId=ime_english_united_states, cacheKey=theme,!gsf,!pgsans,!pgsf,!use_system_font,BORDER,FLAVOR_DPI=XXHDPI,IS_LIGHT,KEYBOARD_WIDTH_CATEGORY=NORMAL,KEY_BORDER_SHAPE=1,LIGHT_THEME=true,PHYSICAL_DIAGONAL=6.225089,POPUP,SCREEN_SHORTEST_WIDTH=427,SCREEN_SHORTEST_WIDTH_NO_SCALE=427,SW400DP,XXHDPI,bottom4dp,enable_popup_on_keypress=true,keyboard_redesign_google_sans=true,non_linear_scale,noshadow,overlay_builtin_dynamic_color_light_base.binarypb:gm3-light-fffaf8fe-ff4c5e8b-4fb1adea13304a190d4abf12326cf60c,silkpopup
05-09 20:39:50.290  8468  8468 I KeyboardDefManager: KeyboardDefManager.requestKeyboardDef():181 requestKeyboardDef(): type=accessory_candidates_consumer, info=ocn{defIds=[#0x7f17004d], defIdsCacheKey=[2132213837]}
05-09 20:39:50.290  8468  8468 I KeyboardDefManager: KeyboardDefManager.requestKeyboardDef():243 requestKeyboardDef(): getOrCreate from cache, info=ocn{defIds=[#0x7f17004d], defIdsCacheKey=[2132213837]}
05-09 20:39:50.290  8468  8468 I KeyboardDefManager: KeyboardDefManager$1.onSuccess():277 requestKeyboardDef onSuccess(): info=ocn{defIds=[#0x7f17004d], defIdsCacheKey=[2132213837]}
05-09 20:39:50.290  8468  8468 I GlobeKeyExtension: GlobeKeyExtension.getKeyboardInitialStates():186
05-09 20:39:50.290  8468  8468 W Keyboard: Keyboard.getKeyboardViewHelper():607 null helper is returned: keyboardDef=oci{processedConditions={}, globalConditions={global_theme_key=theme,!gsf,!pgsans,!pgsf,!use_system_font,BORDER,FLAVOR_DPI=XXHDPI,IS_LIGHT,KEYBOARD_WIDTH_CATEGORY=NORMAL,KEY_BORDER_SHAPE=1,LIGHT_THEME=true,PHYSICAL_DIAGONAL=6.225089,POPUP,SCREEN_SHORTEST_WIDTH=427,SCREEN_SHORTEST_WIDTH_NO_SCALE=427,SW400DP,XXHDPI,bottom4dp,enable_popup_on_keypress=true,keyboard_redesign_google_sans=true,non_linear_scale,noshadow,overlay_builtin_dynamic_color_light_base.binarypb:gm3-light-fffaf8fe-ff4c5e8b-4fb1adea13304a190d4abf12326cf60c,silkpopup, global_locale=en_US, global_density_dpi=480, global_orientation=1}, className=.latin.keyboard.AccessoryKeyboard, resourceIds=[#0x7f17004d], initialStates=0, keyboardViewDefs=[ocy{direction=null, id=#0x7f0b0229, isScalable=false, layoutId=#0x7f0e0030, type=FLOATING_CANDIDATES, touchable=true, defaultShow=false}], persistentStates=0, persistentStatesPrefKey=null, popupBubbleLayoutId=#0x7f0e0611, recentKeyLayoutId=#0x0, recentKeyPopupLayoutId=#0x0, recentKeyType=null, rememberRecentKey=NONE, sessionStates=0}, type=HEADER, helpersCreated={FLOATING_CANDIDATES=nnb@79f9b62}, context.getResources().getConfiguration(): {1.0 310mcc260mnc [en_US] ldltr sw427dp w427dp h952dp 480dpi nrml long compactNeeded port finger qwerty/v/v dpad/v winConfig={ mBounds=Rect(0, 0 - 1280, 2856) mAppBounds=Rect(0, 0 - 1280, 2856) mMaxBounds=Rect(0, 0 - 1280, 2856) mDisplayRotation=ROTATION_0 mWindowingMode=fullscreen mActivityType=undefined mAlwaysOnTop=undefined mRotation=ROTATION_0} as.3 s.52 fontWeightAdjustment=0}
05-09 20:39:50.290  8468  8468 W Keyboard: Keyboard.getKeyboardViewHelper():607 null helper is returned: keyboardDef=oci{processedConditions={}, globalConditions={global_theme_key=theme,!gsf,!pgsans,!pgsf,!use_system_font,BORDER,FLAVOR_DPI=XXHDPI,IS_LIGHT,KEYBOARD_WIDTH_CATEGORY=NORMAL,KEY_BORDER_SHAPE=1,LIGHT_THEME=true,PHYSICAL_DIAGONAL=6.225089,POPUP,SCREEN_SHORTEST_WIDTH=427,SCREEN_SHORTEST_WIDTH_NO_SCALE=427,SW400DP,XXHDPI,bottom4dp,enable_popup_on_keypress=true,keyboard_redesign_google_sans=true,non_linear_scale,noshadow,overlay_builtin_dynamic_color_light_base.binarypb:gm3-light-fffaf8fe-ff4c5e8b-4fb1adea13304a190d4abf12326cf60c,silkpopup, global_locale=en_US, global_density_dpi=480, global_orientation=1}, className=.latin.keyboard.AccessoryKeyboard, resourceIds=[#0x7f17004d], initialStates=0, keyboardViewDefs=[ocy{direction=null, id=#0x7f0b0229, isScalable=false, layoutId=#0x7f0e0030, type=FLOATING_CANDIDATES, touchable=true, defaultShow=false}], persistentStates=0, persistentStatesPrefKey=null, popupBubbleLayoutId=#0x7f0e0611, recentKeyLayoutId=#0x0, recentKeyPopupLayoutId=#0x0, recentKeyType=null, rememberRecentKey=NONE, sessionStates=0}, type=BODY, helpersCreated={FLOATING_CANDIDATES=nnb@79f9b62}, context.getResources().getConfiguration(): {1.0 310mcc260mnc [en_US] ldltr sw427dp w427dp h952dp 480dpi nrml long compactNeeded port finger qwerty/v/v dpad/v winConfig={ mBounds=Rect(0, 0 - 1280, 2856) mAppBounds=Rect(0, 0 - 1280, 2856) mMaxBounds=Rect(0, 0 - 1280, 2856) mDisplayRotation=ROTATION_0 mWindowingMode=fullscreen mActivityType=undefined mAlwaysOnTop=undefined mRotation=ROTATION_0} as.3 s.52 fontWeightAdjustment=0}
05-09 20:39:50.291  8468  8468 I AndroidIME: InputBundleManager.startInput():372 startInput() with ocu[keyboardType=accessory, payload=null]
05-09 20:39:50.291  8468  8468 I PkModeUpdater: PkModeUpdater.onActivate():76 onActivate false true
05-09 20:39:50.291  8468  8468 I AccessoryInputModeManager: AccessoryInputModeManager.onModeStarted():346 Accessory input mode started: STYLUS
05-09 20:39:50.292  8468  8468 W ExtensionWrapper: ExtensionWrapper.setAllowUpdateNavigationBarStyle():887 class kwe is not activate
05-09 20:39:50.292  8468  8468 I WidgetViewShowingController: WidgetViewShowingController.showWidgetKeyboardInternal():532 Show companion widget
05-09 20:39:50.292  8468  8468 W StatusViewController: StatusViewController.updateKeyboardView():46 Failed to inflate voice header view [UD]
05-09 20:39:50.294  8468  8504 I Delight5Decoder: Delight5DecoderWrapper.setKeyboardLayout():551 setKeyboardLayout()
05-09 20:39:50.295  8468  8468 W ExtensionWrapper: ExtensionWrapper.setAllowUpdateNavigationBarStyle():887 class kwe is not activate
05-09 20:39:50.295   499   602 W skia    : AGTM parsing failed flags.readFromStream(s) at 159
05-09 20:39:50.295  8468  8468 I WidgetViewShowingPositionHandler: WidgetViewShowingPositionHandler.updateAvailableArea():199 update available area Rect(24, 180 - 1256, 2778)
05-09 20:39:50.295  8468  8468 W SupplementaryKeyboardsWrapper: SupplementaryKeyboardsWrapper.deactivateKeyboard():162 keyboard composing_text_consumer is not activated before!
05-09 20:39:50.296  8468  8468 I GlobeKeyExtension: GlobeKeyExtension.onActivate():130
05-09 20:39:50.296  8468  8468 I BaseKeyboardSizeHelper: BaseKeyboardSizeHelper.calculateMaxKeyboardBodyHeight():73 leave 321 height for app when ime window height:2628, header height:132 and isFullscreenMode:false, so the max keyboard body height is:2175
05-09 20:39:50.296  8468  8468 I BaseKeyboardSizeHelper: BaseKeyboardSizeHelper.calculateMaxKeyboardBodyHeight():73 leave 321 height for app when ime window height:2628, header height:132 and isFullscreenMode:false, so the max keyboard body height is:2175
