05-09 20:39:07.003  1076  1076 D RecentTasksList: invalidateLoadedTasks - previous requestLoadId: -1
05-09 20:39:07.017   441   441 D Zygote  : Forked child process 2605
05-09 20:39:07.020  2605  2605 I libprocessgroup: Created cgroup /sys/fs/cgroup/apps/uid_10308
05-09 20:39:07.020  2605  2605 I libprocessgroup: Created cgroup /sys/fs/cgroup/apps/uid_10308/pid_2605
05-09 20:39:07.022  2605  2605 I Zygote  : Process 2605 created for com.team4.vinilosapp.test
05-09 20:39:07.024  2605  2605 I vinilosapp.test: Late-enabling -Xcheck:jni
05-09 20:39:07.026   663  1012 W InputChannel-JNI: Channel already disposed.
05-09 20:39:07.037  2605  2605 I vinilosapp.test: Using generational CollectorTypeCMC GC.
05-09 20:39:07.041   501   567 I adbd    : jdwp connection from 2605
05-09 20:39:07.044   934  1126 I Surface : Creating surface for consumer unnamed-934-593 with slotExpansion=1 for 64 slots
05-09 20:39:07.051   934  1126 I Surface : Creating surface for consumer VRI[test]#593(BLAST Consumer)593 with slotExpansion=1 for 64 slots
05-09 20:39:07.053  2605  2605 D nativeloader: Load libframework-connectivity-tiramisu-jni.so using APEX ns com_android_tethering for caller /apex/com.android.tethering/javalib/framework-connectivity-t.jar: ok
05-09 20:39:07.090  2573  2573 W InteractionJankMonitor: Initializing without READ_DEVICE_CONFIG permission. enabled=false, interval=1, missedFrameThreshold=3, frameTimeThreshold=64, package=com.team4.vinilosapp
05-09 20:39:07.115   499   602 W skia    : AGTM parsing failed flags.readFromStream(s) at 159
05-09 20:39:07.116  8468  8468 W TooltipLifecycleManager: TooltipLifecycleManager.dismissTooltips():153 Tooltip with id spell_check_add_to_dictionary not found in tooltipManager.
05-09 20:39:07.124  2605  2605 D nativeloader: Configuring clns-9 for other apk /data/app/~~dSFGvX8d8IV6rKjY1HBnnA==/com.team4.vinilosapp.test-ROgqIrMn5akza9ReWrzqMg==/base.apk. target_sdk_version=36, uses_libraries=, library_path=/data/app/~~dSFGvX8d8IV6rKjY1HBnnA==/com.team4.vinilosapp.test-ROgqIrMn5akza9ReWrzqMg==/lib/arm64, permitted_path=/data:/mnt/expand:/data/user/0/com.team4.vinilosapp.test
05-09 20:39:07.141   499   602 W skia    : AGTM parsing failed flags.readFromStream(s) at 159
05-09 20:39:07.154  1076  1076 D RecentTasksList: invalidateLoadedTasks - previous requestLoadId: -1
05-09 20:39:07.154  1076  1076 D RecentTasksList: invalidateLoadedTasks - previous requestLoadId: -1
05-09 20:39:07.158  2605  2605 V GraphicsEnvironment: Currently set values for:
05-09 20:39:07.158  2605  2605 V GraphicsEnvironment:   angle_gl_driver_selection_pkgs=[]
05-09 20:39:07.158  2605  2605 V GraphicsEnvironment:   angle_gl_driver_selection_values=[]
05-09 20:39:07.158  2605  2605 V GraphicsEnvironment: com.team4.vinilosapp.test is not listed in per-application setting
05-09 20:39:07.158  2605  2605 V GraphicsEnvironment: No special selections for ANGLE, returning default driver choice
05-09 20:39:07.167  2605  2605 V GraphicsEnvironment: Neither updatable production driver nor prerelease driver is supported.
05-09 20:39:07.178   463   612 I RanchuHwc: logCompositionFallbackIfChanged: layer 2199 CompositionType fallback from 3 to 1
05-09 20:39:07.179   499   602 W skia    : AGTM parsing failed flags.readFromStream(s) at 159
05-09 20:39:07.179   499   602 W skia    : AGTM parsing failed flags.readFromStream(s) at 159
05-09 20:39:07.179   499   602 W skia    : AGTM parsing failed flags.readFromStream(s) at 159
05-09 20:39:07.179   499   602 W skia    : AGTM parsing failed flags.readFromStream(s) at 159
05-09 20:39:07.179   499   602 W skia    : AGTM parsing failed flags.readFromStream(s) at 159
05-09 20:39:07.180  1076  1135 D PreloadThumbnailUseCase: Preloading thumbnails for task ids: [[id=32 windowingMode=0 user=0 lastActiveTime=16921] null, [id=669 windowingMode=1 user=0 lastActiveTime=17592346] null, [id=670 windowingMode=1 user=0 lastActiveTime=17592347] null]
05-09 20:39:07.203   499   602 W skia    : AGTM parsing failed flags.readFromStream(s) at 159
05-09 20:39:07.204   499   602 W skia    : AGTM parsing failed flags.readFromStream(s) at 159
05-09 20:39:07.204   499   602 W skia    : AGTM parsing failed flags.readFromStream(s) at 159
05-09 20:39:07.204   499   602 W skia    : AGTM parsing failed flags.readFromStream(s) at 159
05-09 20:39:07.204   499   602 W skia    : AGTM parsing failed flags.readFromStream(s) at 159
05-09 20:39:07.216  2605  2605 D CompatChangeReporter: Compat change id reported: 377864165; UID 10308; state: ENABLED
05-09 20:39:07.218  2605  2623 I GFXSTREAM: [eglDisplay.cpp(297)] Opening libGLESv1_CM_emulation.so
05-09 20:39:07.218  2605  2623 I GFXSTREAM: [eglDisplay.cpp(297)] Opening libGLESv2_emulation.so
05-09 20:39:07.220  2605  2623 W libc    : Access denied finding property "vendor.mesa.virtgpu.kumquat"
05-09 20:39:07.228  2605  2623 W HWUI    : Failed to choose config with EGL_SWAP_BEHAVIOR_PRESERVED, retrying without...
05-09 20:39:07.228  2605  2623 W HWUI    : Failed to initialize 101010-2 format, error = EGL_SUCCESS
05-09 20:39:07.229   499   602 W skia    : AGTM parsing failed flags.readFromStream(s) at 159
05-09 20:39:07.229   499   602 W skia    : AGTM parsing failed flags.readFromStream(s) at 159
05-09 20:39:07.229   499   602 W skia    : AGTM parsing failed flags.readFromStream(s) at 159
05-09 20:39:07.229   499   602 W skia    : AGTM parsing failed flags.readFromStream(s) at 159
05-09 20:39:07.229   499   602 W skia    : AGTM parsing failed flags.readFromStream(s) at 159
05-09 20:39:07.229   499   602 W skia    : AGTM parsing failed flags.readFromStream(s) at 159
05-09 20:39:07.229   499   602 W skia    : AGTM parsing failed flags.readFromStream(s) at 159
05-09 20:39:07.243  2605  2605 W HWUI    : Unknown dataspace 0
05-09 20:39:07.259   499   602 W skia    : AGTM parsing failed flags.readFromStream(s) at 159
05-09 20:39:07.259   499   602 W skia    : AGTM parsing failed flags.readFromStream(s) at 159
05-09 20:39:07.259   499   602 W skia    : AGTM parsing failed flags.readFromStream(s) at 159
05-09 20:39:07.259   499   602 W skia    : AGTM parsing failed flags.readFromStream(s) at 159
05-09 20:39:07.259   499   602 W skia    : AGTM parsing failed flags.readFromStream(s) at 159
05-09 20:39:07.259   499   602 W skia    : AGTM parsing failed flags.readFromStream(s) at 159
05-09 20:39:07.259   499   602 W skia    : AGTM parsing failed flags.readFromStream(s) at 159
05-09 20:39:07.287   499   602 W skia    : AGTM parsing failed flags.readFromStream(s) at 159
05-09 20:39:07.287   499   602 W skia    : AGTM parsing failed flags.readFromStream(s) at 159
05-09 20:39:07.287   499   602 W skia    : AGTM parsing failed flags.readFromStream(s) at 159
05-09 20:39:07.287   499   602 W skia    : AGTM parsing failed flags.readFromStream(s) at 159
05-09 20:39:07.287   499   602 W skia    : AGTM parsing failed flags.readFromStream(s) at 159
05-09 20:39:07.287   499   602 W skia    : AGTM parsing failed flags.readFromStream(s) at 159
05-09 20:39:07.287   499   602 W skia    : AGTM parsing failed flags.readFromStream(s) at 159
05-09 20:39:07.308   499   602 W skia    : AGTM parsing failed flags.readFromStream(s) at 159
05-09 20:39:07.308   499   602 W skia    : AGTM parsing failed flags.readFromStream(s) at 159
05-09 20:39:07.308   499   602 W skia    : AGTM parsing failed flags.readFromStream(s) at 159
05-09 20:39:07.308   499   602 W skia    : AGTM parsing failed flags.readFromStream(s) at 159
05-09 20:39:07.308   499   602 W skia    : AGTM parsing failed flags.readFromStream(s) at 159
05-09 20:39:07.308   499   602 W skia    : AGTM parsing failed flags.readFromStream(s) at 159
05-09 20:39:07.308   499   602 W skia    : AGTM parsing failed flags.readFromStream(s) at 159
05-09 20:39:07.330   499   602 W skia    : AGTM parsing failed flags.readFromStream(s) at 159
05-09 20:39:07.330   499   602 W skia    : AGTM parsing failed flags.readFromStream(s) at 159
05-09 20:39:07.331   499   602 W skia    : AGTM parsing failed flags.readFromStream(s) at 159
05-09 20:39:07.331  2605  2628 W libc    : Access denied finding property "vendor.mesa.virtgpu.kumquat"
05-09 20:39:07.331   499   602 W skia    : AGTM parsing failed flags.readFromStream(s) at 159
05-09 20:39:07.331   499   602 W skia    : AGTM parsing failed flags.readFromStream(s) at 159
05-09 20:39:07.331   499   602 W skia    : AGTM parsing failed flags.readFromStream(s) at 159
05-09 20:39:07.331   499   602 W skia    : AGTM parsing failed flags.readFromStream(s) at 159
05-09 20:39:07.366   499   602 W skia    : AGTM parsing failed flags.readFromStream(s) at 159
05-09 20:39:07.366   499   602 W skia    : AGTM parsing failed flags.readFromStream(s) at 159
05-09 20:39:07.366   499   602 W skia    : AGTM parsing failed flags.readFromStream(s) at 159
05-09 20:39:07.366   499   602 W skia    : AGTM parsing failed flags.readFromStream(s) at 159
05-09 20:39:07.366   499   602 W skia    : AGTM parsing failed flags.readFromStream(s) at 159
05-09 20:39:07.366   499   602 W skia    : AGTM parsing failed flags.readFromStream(s) at 159
05-09 20:39:07.366   499   602 W skia    : AGTM parsing failed flags.readFromStream(s) at 159
05-09 20:39:07.389   499   602 W skia    : AGTM parsing failed flags.readFromStream(s) at 159
05-09 20:39:07.395   499   602 W skia    : AGTM parsing failed flags.readFromStream(s) at 159
05-09 20:39:07.395   499   602 W skia    : AGTM parsing failed flags.readFromStream(s) at 159
05-09 20:39:07.395   499   602 W skia    : AGTM parsing failed flags.readFromStream(s) at 159
05-09 20:39:07.395   499   602 W skia    : AGTM parsing failed flags.readFromStream(s) at 159
05-09 20:39:07.395   499   602 W skia    : AGTM parsing failed flags.readFromStream(s) at 159
05-09 20:39:07.395   499   602 W skia    : AGTM parsing failed flags.readFromStream(s) at 159
05-09 20:39:07.395   499   602 W skia    : AGTM parsing failed flags.readFromStream(s) at 159
05-09 20:39:07.423   499   602 W skia    : AGTM parsing failed flags.readFromStream(s) at 159
05-09 20:39:07.423   499   602 W skia    : AGTM parsing failed flags.readFromStream(s) at 159
05-09 20:39:07.423   499   602 W skia    : AGTM parsing failed flags.readFromStream(s) at 159
05-09 20:39:07.423   499   602 W skia    : AGTM parsing failed flags.readFromStream(s) at 159
05-09 20:39:07.423   499   602 W skia    : AGTM parsing failed flags.readFromStream(s) at 159
05-09 20:39:07.423   499   602 W skia    : AGTM parsing failed flags.readFromStream(s) at 159
05-09 20:39:07.423   499   602 W skia    : AGTM parsing failed flags.readFromStream(s) at 159
05-09 20:39:07.437   663  2030 W InputChannel-JNI: Channel already disposed.
05-09 20:39:07.442   499  1168 I libbinder.BpBinder: onLastStrongRef automatically unlinking death recipients for binder (0xb4007670bc036590) with descriptor: '(not cached)'
05-09 20:39:07.445   934  1009 W DisconnectHandler: No disconnect change found in the transition, not handling request.
05-09 20:39:07.446   499   602 W skia    : AGTM parsing failed flags.readFromStream(s) at 159
05-09 20:39:07.446   499   602 W skia    : AGTM parsing failed flags.readFromStream(s) at 159
05-09 20:39:07.446   499   602 W skia    : AGTM parsing failed flags.readFromStream(s) at 159
05-09 20:39:07.446   499   602 W skia    : AGTM parsing failed flags.readFromStream(s) at 159
05-09 20:39:07.446   499   602 W skia    : AGTM parsing failed flags.readFromStream(s) at 159
05-09 20:39:07.447  2605  2605 D WindowOnBackDispatcher: setTopOnBackInvokedCallback (unwrapped): android.app.Activity$$ExternalSyntheticLambda0@f440a6e
05-09 20:39:07.453  2605  2605 D VRI[InstrumentationActivityInvoker$EmptyActivity]: WindowInsets changed: 1280x2856 statusBars:[0,156,0,0] navigationBars:[0,0,0,72] mandatorySystemGestures:[0,192,0,96]
05-09 20:39:07.454   499  1049 W libbinder.ServiceManagerCppClient: Permission failure: android.permission.ACCESS_SURFACE_FLINGER from uid=10308 pid=2605
05-09 20:39:07.454   499  1049 D libbinder.PermissionCache: checking android.permission.ACCESS_SURFACE_FLINGER for uid=10308 => denied (59 us)
05-09 20:39:07.454   499  1049 W libbinder.ServiceManagerCppClient: Permission failure: android.permission.ROTATE_SURFACE_FLINGER from uid=10308 pid=2605
05-09 20:39:07.454   499  1049 D libbinder.PermissionCache: checking android.permission.ROTATE_SURFACE_FLINGER for uid=10308 => denied (415 us)
05-09 20:39:07.454   499  1049 W libbinder.ServiceManagerCppClient: Permission failure: android.permission.INTERNAL_SYSTEM_WINDOW from uid=10308 pid=2605
05-09 20:39:07.454   499  1049 D libbinder.PermissionCache: checking android.permission.INTERNAL_SYSTEM_WINDOW for uid=10308 => denied (34 us)
05-09 20:39:07.454   499  1049 W libbinder.ServiceManagerCppClient: Permission failure: android.permission.READ_FRAME_BUFFER from uid=10308 pid=2605
05-09 20:39:07.454   499  1049 D libbinder.PermissionCache: checking android.permission.READ_FRAME_BUFFER for uid=10308 => denied (11 us)
05-09 20:39:07.457  2605  2605 I Surface : Creating surface for consumer unnamed-2605-0 with slotExpansion=1 for 64 slots
05-09 20:39:07.458  2605  2605 I Surface : Creating surface for consumer VRI[InstrumentationActivityInvoker$EmptyActivity]#0(BLAST Consumer)0 with slotExpansion=1 for 64 slots
05-09 20:39:07.462   499   602 W skia    : AGTM parsing failed flags.readFromStream(s) at 159
05-09 20:39:07.462   499   602 W skia    : AGTM parsing failed flags.readFromStream(s) at 159
05-09 20:39:07.462   499   602 W skia    : AGTM parsing failed flags.readFromStream(s) at 159
05-09 20:39:07.462   499   602 W skia    : AGTM parsing failed flags.readFromStream(s) at 159
05-09 20:39:07.462   499   602 W skia    : AGTM parsing failed flags.readFromStream(s) at 159
05-09 20:39:07.497   499   602 W skia    : AGTM parsing failed flags.readFromStream(s) at 159
05-09 20:39:07.497   499   602 W skia    : AGTM parsing failed flags.readFromStream(s) at 159
05-09 20:39:07.497   499   602 W skia    : AGTM parsing failed flags.readFromStream(s) at 159
05-09 20:39:07.497   499   602 W skia    : AGTM parsing failed flags.readFromStream(s) at 159
05-09 20:39:07.497   499   602 W skia    : AGTM parsing failed flags.readFromStream(s) at 159
05-09 20:39:07.512   499   602 W skia    : AGTM parsing failed flags.readFromStream(s) at 159
05-09 20:39:07.512   499   602 W skia    : AGTM parsing failed flags.readFromStream(s) at 159
05-09 20:39:07.512   499   602 W skia    : AGTM parsing failed flags.readFromStream(s) at 159
05-09 20:39:07.512   499   602 W skia    : AGTM parsing failed flags.readFromStream(s) at 159
05-09 20:39:07.512   499   602 W skia    : AGTM parsing failed flags.readFromStream(s) at 159
05-09 20:39:07.528   663  1013 W libbinder.ServiceManagerCppClient: Permission failure: android.permission.ACCESS_SURFACE_FLINGER from uid=10308 pid=0
05-09 20:39:07.528   663  1013 D libbinder.PermissionCache: checking android.permission.ACCESS_SURFACE_FLINGER for uid=10308 => denied (73 us)
05-09 20:39:07.528   663  1013 W libbinder.ServiceManagerCppClient: Permission failure: android.permission.ROTATE_SURFACE_FLINGER from uid=10308 pid=0
05-09 20:39:07.528   663  1013 D libbinder.PermissionCache: checking android.permission.ROTATE_SURFACE_FLINGER for uid=10308 => denied (19 us)
05-09 20:39:07.528   663  1013 W libbinder.ServiceManagerCppClient: Permission failure: android.permission.INTERNAL_SYSTEM_WINDOW from uid=10308 pid=0
05-09 20:39:07.528   663  1013 D libbinder.PermissionCache: checking android.permission.INTERNAL_SYSTEM_WINDOW for uid=10308 => denied (14 us)
05-09 20:39:07.528   663  1013 W libbinder.ServiceManagerCppClient: Permission failure: android.permission.READ_FRAME_BUFFER from uid=10308 pid=0
05-09 20:39:07.528   663  1013 D libbinder.PermissionCache: checking android.permission.READ_FRAME_BUFFER for uid=10308 => denied (36 us)
05-09 20:39:07.529  1076  1076 D ViewRootImpl: Skipping stats log for color mode
05-09 20:39:07.537  1076  1076 D BaseActivity: Launcher flags updated: [state_started] +[state_started]
05-09 20:39:07.537  1076  1076 D BaseActivity: Launcher flags updated: [state_started|state_resumed|state_user_active] +[state_resumed|state_user_active]
05-09 20:39:07.538  1076  1076 D BaseActivity: Launcher flags updated: [state_started|state_resumed|state_user_active] +[]
05-09 20:39:07.538  1076  1076 D BaseActivity: Launcher flags updated: [state_started|state_resumed|state_deferred_resumed|state_user_active] +[state_deferred_resumed]
05-09 20:39:07.538  1076  1076 D StatsLog: LAUNCHER_ONRESUME
05-09 20:39:07.540  1076  1138 D QuickstepModelDelegate: notifyAppTargetEvent action=1 launchLocation=workspace/0/[-1,-1]/[1,1]
05-09 20:39:07.543  1736  1967 I AiAiEcho: Predicting[0]:  [CONTEXT sampling_count=5 ]
05-09 20:39:07.544  1736  1967 I AiAiEcho: EchoTargets:
05-09 20:39:07.544  1736  1967 I AiAiEcho: Filtered by AiAi flag check:
05-09 20:39:07.544  1736  1967 I AiAiEcho: [CONTEXT ratelimit_period="10 SECONDS" ]
05-09 20:39:07.545   499   602 W skia    : AGTM parsing failed flags.readFromStream(s) at 159
05-09 20:39:07.545   499   602 W skia    : AGTM parsing failed flags.readFromStream(s) at 159
05-09 20:39:07.545   499   602 W skia    : AGTM parsing failed flags.readFromStream(s) at 159
05-09 20:39:07.545   499   602 W skia    : AGTM parsing failed flags.readFromStream(s) at 159
05-09 20:39:07.545   499   602 W skia    : AGTM parsing failed flags.readFromStream(s) at 159
05-09 20:39:07.545  1076  1076 D SmartspaceInteractor: notifySmartspaceEvent: SmartspaceTargetEvent{mSmartspaceTarget=null, mSmartspaceActionId='null', mEventType=6}
05-09 20:39:07.546  1736  1967 I AiAiEcho: #remoteViewsTwiddler: feature disabled.
05-09 20:39:07.546  1076  1076 I Surface : Creating surface for consumer unnamed-1076-390 with slotExpansion=1 for 64 slots
05-09 20:39:07.546  1736  1967 I AiAiEcho: AmbientDataPredictorImpl No tracked ambient data found for ID: null; for event type: 6, skipping event processing.
05-09 20:39:07.553  1736  1967 I AiAiEcho: #postPredictionTargets: Sending updates to UISurface home with targets# 0 (types=[])
05-09 20:39:07.554  1076  1076 I Surface : Creating surface for consumer VRI[NexusLauncherActivity]#324(BLAST Consumer)324 with slotExpansion=1 for 64 slots
05-09 20:39:07.555  1076  1076 D BaseDepthController: setSurface:
05-09 20:39:07.555  1076  1076 D BaseDepthController: 	mWaitingOnSurfaceValidity: false
05-09 20:39:07.555  1076  1076 D BaseDepthController: 	mBaseSurface: Surface(name=VRI-com.google.android.apps.nexuslauncher/com.google.android.apps.nexuslauncher.NexusLauncherActivity#12434)/@0x1dd2a08
05-09 20:39:07.555  1076  1076 V BaseDepthController: Applying blur: 0 to Surface(name=VRI-com.google.android.apps.nexuslauncher/com.google.android.apps.nexuslauncher.NexusLauncherActivity#12434)/@0x1dd2a08 applyImmediately: false
05-09 20:39:07.555  1076  1076 D BaseDepthController: shouldBlurWorkspace: false targetState: Normal currentStableState: Normal mCurrentBlur: 0 mLauncher.getDepthBlurTargets(): [com.android.launcher3.Workspace{c8eda3 V.ED..... .......D 0,0-1280,2856 #7f0a0486 app:id/workspace}, com.android.launcher3.Hotseat{d0708a0 V.ED..... .......D 0,2289-1280,2856 #7f0a01f6 app:id/hotseat}]
05-09 20:39:07.561   499   602 W skia    : AGTM parsing failed flags.readFromStream(s) at 159
05-09 20:39:07.561   499   602 W skia    : AGTM parsing failed flags.readFromStream(s) at 159
05-09 20:39:07.561   499   602 W skia    : AGTM parsing failed flags.readFromStream(s) at 159
05-09 20:39:07.561   499   602 W skia    : AGTM parsing failed flags.readFromStream(s) at 159
05-09 20:39:07.561   499   602 W skia    : AGTM parsing failed flags.readFromStream(s) at 159
05-09 20:39:07.561   499   602 W skia    : AGTM parsing failed flags.readFromStream(s) at 159
05-09 20:39:07.564   934  1546 D WallpaperService: onVisibilityChanged(true): com.android.systemui.wallpapers.ImageWallpaper$CanvasEngine@c19c617
05-09 20:39:07.595  1076  1076 D RecentTasksList: invalidateLoadedTasks - previous requestLoadId: -1
05-09 20:39:07.603   499   602 W skia    : AGTM parsing failed flags.readFromStream(s) at 159
05-09 20:39:07.603   499   602 W skia    : AGTM parsing failed flags.readFromStream(s) at 159
05-09 20:39:07.603   499   602 W skia    : AGTM parsing failed flags.readFromStream(s) at 159
05-09 20:39:07.603   499   602 W skia    : AGTM parsing failed flags.readFromStream(s) at 159
05-09 20:39:07.603   499   602 W skia    : AGTM parsing failed flags.readFromStream(s) at 159
05-09 20:39:07.603   499   602 W skia    : AGTM parsing failed flags.readFromStream(s) at 159
05-09 20:39:07.616  1076  1076 D SsBaseTemplateCard: Passed-in item info is null
05-09 20:39:07.616  1076  1076 D SsBaseTemplateCard: Passed-in item info is null
05-09 20:39:07.616  1076  1076 D SsBaseTemplateCard: Passed-in item info is null
05-09 20:39:07.616  1076  1076 D SsBaseTemplateCard: Passed-in item info is null
05-09 20:39:07.616  1076  1076 I SsBaseTemplateCard: Secondary card pane is null
05-09 20:39:07.653   499   602 W skia    : AGTM parsing failed flags.readFromStream(s) at 159
05-09 20:39:07.653   499   602 W skia    : AGTM parsing failed flags.readFromStream(s) at 159
05-09 20:39:07.666   499   602 W skia    : AGTM parsing failed flags.readFromStream(s) at 159
05-09 20:39:07.666   499   602 W skia    : AGTM parsing failed flags.readFromStream(s) at 159
05-09 20:39:07.694  2573  2573 D VRI[ComponentActivity]: visibilityChanged oldVisibility=true newVisibility=false
05-09 20:39:07.698  1076  1076 D LauncherStateManager: StateManager.cancelAnimation: animation ongoing: false, partial trace:
05-09 20:39:07.698  1076  1076 D LauncherStateManager: 	at com.android.launcher3.statemanager.StateManager.setCurrentAnimation(go/retraceme 4b96215a9d9b4c1494121442fbf9d6e89857c91e1d76ddcc689701971259418a:59)
05-09 20:39:07.698  1076  1076 D LauncherStateManager: 	at com.android.launcher3.QuickstepTransitionManager.createWallpaperOpenAnimations(go/retraceme 4b96215a9d9b4c1494121442fbf9d6e89857c91e1d76ddcc689701971259418a:734)
05-09 20:39:07.698  1076  1076 D LauncherStateManager: 	at com.android.launcher3.QuickstepTransitionManager$WallpaperOpenLauncherAnimationRunner.onAnimationStart(go/retraceme 4b96215a9d9b4c1494121442fbf9d6e89857c91e1d76ddcc689701971259418a:135)
05-09 20:39:07.698  1076  1076 D LauncherStateManager: StateManager.createAtomicAnimation: fromState: Normal, toState: Normal, partial trace:
05-09 20:39:07.698  1076  1076 D LauncherStateManager: 	at com.android.quickstep.util.WorkspaceRevealAnim.prepareToAnimate(go/retraceme 4b96215a9d9b4c1494121442fbf9d6e89857c91e1d76ddcc689701971259418a:19)
05-09 20:39:07.698  1076  1076 D LauncherStateManager: 	at com.android.quickstep.util.WorkspaceRevealAnim.<init>(go/retraceme 4b96215a9d9b4c1494121442fbf9d6e89857c91e1d76ddcc689701971259418a:10)
05-09 20:39:07.698  1076  1076 D LauncherStateManager: 	at com.android.launcher3.QuickstepTransitionManager.createWallpaperOpenAnimations(go/retraceme 4b96215a9d9b4c1494121442fbf9d6e89857c91e1d76ddcc689701971259418a:775)
05-09 20:39:07.698  1076  1076 D AllAppsTransitionController: shouldProtectHeader: false skipScrim: true state: Normal stateManager.getState(): Normal
05-09 20:39:07.698  1076  1076 D KeyboardInsetsHandler: removePendingImeController: pendingImeController=null
05-09 20:39:07.699  1076  1076 D b/311077782: LauncherAnimationRunner.setAnimation
05-09 20:39:07.700  1076  1135 D PreloadThumbnailUseCase: Preloading thumbnails for task ids: [[id=32 windowingMode=0 user=0 lastActiveTime=16921] null, [id=669 windowingMode=1 user=0 lastActiveTime=17592346] null, [id=670 windowingMode=1 user=0 lastActiveTime=17592810] null]
05-09 20:39:07.720  1076  1076 D RecentTasksList: invalidateLoadedTasks - previous requestLoadId: -1
05-09 20:39:07.772  2573  2573 I AutofillManager: onInvisibleForAutofill(): expiringResponse
05-09 20:39:07.772  2573  2573 D LifecycleMonitor: Lifecycle status change: androidx.activity.ComponentActivity@2d66582 in: STOPPED
05-09 20:39:07.772  2573  2573 V ActivityScenario: Update currentActivityStage to STOPPED, currentActivity=androidx.activity.ComponentActivity@2d66582
05-09 20:39:07.799  2573  2573 D LifecycleMonitor: Lifecycle status change: androidx.activity.ComponentActivity@2d66582 in: DESTROYED
05-09 20:39:07.799  2573  2573 V ActivityScenario: Update currentActivityStage to DESTROYED, currentActivity=null
05-09 20:39:07.799  2573  2573 D WindowOnBackDispatcher: setTopOnBackInvokedCallback (unwrapped): null
05-09 20:39:07.803  2573  2573 D ViewRootImpl: Skipping stats log for color mode
05-09 20:39:07.804   499   602 W skia    : AGTM parsing failed flags.readFromStream(s) at 159
05-09 20:39:07.804   499   602 W skia    : AGTM parsing failed flags.readFromStream(s) at 159
05-09 20:39:07.831  2573  2587 D IdlingRegistry: Unregistering idling resources: [androidx.compose.ui.test.EspressoLink@daa5f7a]
05-09 20:39:07.858  2573  2573 D CompatChangeReporter: Compat change id reported: 395521150; UID 10307; state: ENABLED
05-09 20:39:07.859  2573  2587 I TestRunner: finished: addAlbumToCollectorScreen_allowsWritingPrice(com.team4.vinilosapp.ui.AddAlbumToCollectorScreenTest)
