05-09 20:39:20.141  8468  8468 W ExtensionWrapper: ExtensionWrapper.setAllowUpdateNavigationBarStyle():887 class kwe is not activate
05-09 20:39:20.142  8468  8468 I KeyboardViewController: KeyboardViewController.hide():988 Requesting to hide sub view with id 2131436909 #0x7f0b256d which doesn't exist in current keyboard view
05-09 20:39:20.142  8468  8468 W ExtensionWrapper: ExtensionWrapper.setAllowUpdateNavigationBarStyle():887 class kwe is not activate
05-09 20:39:20.142  8468  8468 W SupplementaryKeyboardsWrapper: SupplementaryKeyboardsWrapper.deactivateKeyboard():162 keyboard composing_text_consumer is not activated before!
05-09 20:39:20.143  8468  8468 I GlobeKeyExtension: GlobeKeyExtension.onDeactivate():154
05-09 20:39:20.143  8468  8468 W TooltipLifecycleManager: TooltipLifecycleManager.dismissTooltips():153 Tooltip with id spell_check_add_to_dictionary not found in tooltipManager.
05-09 20:39:20.145  8468  8468 I VoiceInputManagerWrapper: VoiceInputManagerWrapper.shutdown():131 shutdown()
05-09 20:39:20.145  8468  8468 I UniversalDictationUiProvider: UniversalDictationUiProvider.onDeactivate():69 onDeactivate() [UD]
05-09 20:39:20.145  8468  8468 I AndroidIME: AbstractIme.onDeactivate():213 PasswordIme.onDeactivate()
05-09 20:39:20.148  8468  8468 I PrimesLoggerHolder: FrameMetricServiceImpl.stopAsFuture():213 Measurement not found: OnConfigurationChanged
05-09 20:39:20.148  8468  8468 D ImeBackCallbackSender: Unregister OnBackInvokedCallback at app window (packageName=com.team4.vinilosapp)
05-09 20:39:20.152   934  1126 I Surface : Creating surface for consumer unnamed-934-601 with slotExpansion=1 for 64 slots
05-09 20:39:20.152   934  1126 I Surface : Creating surface for consumer VRI[test]#601(BLAST Consumer)601 with slotExpansion=1 for 64 slots
05-09 20:39:20.155   663   826 I HalDevMgr: bestIfaceCreationProposal is null, requestIface=STA, existingIface=[name=wlan0 type=STA]
05-09 20:39:20.208  1016  1180 D IpClient/wlan0: interfaceLinkStateChanged: ifindex 16 up
05-09 20:39:20.232  1016  1180 D IpClient/wlan0: interfaceLinkStateChanged: ifindex 16 up
05-09 20:39:20.257  1283  1889 I NullBinder: NullBinder for android.net.action.RECOMMEND_NETWORKS triggering remote TransactionTooLargeException due to Service without Chimera impl, calling uid: 1000, calling pid: 0
05-09 20:39:20.257  2573  2573 D LifecycleMonitor: Lifecycle status change: com.team4.vinilosapp.MainActivity@e1ded28 in: PAUSED
05-09 20:39:20.257  1283  1889 W libbinder.Binder: Large reply transaction of 1056768 bytes, interface descriptor , function: UNKNOWN_FUNCTION_NAME, code: 1, flags: 17
05-09 20:39:20.257  2573  2573 V ActivityScenario: Update currentActivityStage to PAUSED, currentActivity=com.team4.vinilosapp.MainActivity@e1ded28
05-09 20:39:20.260  2605  2623 I GFXSTREAM: [eglDisplay.cpp(297)] Opening libGLESv1_CM_emulation.so
05-09 20:39:20.260  2605  2623 I GFXSTREAM: [eglDisplay.cpp(297)] Opening libGLESv2_emulation.so
05-09 20:39:20.292  2605  2623 W libc    : Access denied finding property "vendor.mesa.virtgpu.kumquat"
05-09 20:39:20.296  2605  2623 W HWUI    : Failed to choose config with EGL_SWAP_BEHAVIOR_PRESERVED, retrying without...
05-09 20:39:20.302  2605  2623 W HWUI    : Failed to initialize 101010-2 format, error = EGL_SUCCESS
05-09 20:39:20.352   499   602 W skia    : AGTM parsing failed flags.readFromStream(s) at 159
05-09 20:39:20.352   499   602 W skia    : AGTM parsing failed flags.readFromStream(s) at 159
05-09 20:39:20.363   463   612 I RanchuHwc: logCompositionFallbackIfChanged: layer 2235 CompositionType fallback from 3 to 1
05-09 20:39:20.363   499   602 W skia    : AGTM parsing failed flags.readFromStream(s) at 159
05-09 20:39:20.363   499   602 W skia    : AGTM parsing failed flags.readFromStream(s) at 159
05-09 20:39:20.363   499   602 W skia    : AGTM parsing failed flags.readFromStream(s) at 159
05-09 20:39:20.363   499   602 W skia    : AGTM parsing failed flags.readFromStream(s) at 159
05-09 20:39:20.363   499   602 W skia    : AGTM parsing failed flags.readFromStream(s) at 159
05-09 20:39:20.373  1076  1076 D RecentTasksList: invalidateLoadedTasks - previous requestLoadId: -1
05-09 20:39:20.373  1076  1076 D RecentTasksList: invalidateLoadedTasks - previous requestLoadId: -1
05-09 20:39:20.374   499   602 W skia    : AGTM parsing failed flags.readFromStream(s) at 159
05-09 20:39:20.375  1076  1135 D PreloadThumbnailUseCase: Preloading thumbnails for task ids: [[id=32 windowingMode=0 user=0 lastActiveTime=16921] null, [id=679 windowingMode=1 user=0 lastActiveTime=17605496] null, [id=680 windowingMode=1 user=0 lastActiveTime=17605638] null]
05-09 20:39:20.376   663  1904 W InputChannel-JNI: Channel already disposed.
05-09 20:39:20.378   499   602 W skia    : AGTM parsing failed flags.readFromStream(s) at 159
05-09 20:39:20.378   499   602 W skia    : AGTM parsing failed flags.readFromStream(s) at 159
05-09 20:39:20.378   499   602 W skia    : AGTM parsing failed flags.readFromStream(s) at 159
05-09 20:39:20.378   499   602 W skia    : AGTM parsing failed flags.readFromStream(s) at 159
05-09 20:39:20.378   499   602 W skia    : AGTM parsing failed flags.readFromStream(s) at 159
05-09 20:39:20.393  1076  1087 W System  : A resource failed to call release.
05-09 20:39:20.393  1076  1087 W System  : A resource failed to call release.
05-09 20:39:20.393  1076  1087 W System  : A resource failed to call release.
05-09 20:39:20.393   934  1009 W DisconnectHandler: No disconnect change found in the transition, not handling request.
05-09 20:39:20.394   499   637 I libbinder.BpBinder: onLastStrongRef automatically unlinking death recipients for binder (0xb4007670bc02fbb0) with descriptor: '(not cached)'
05-09 20:39:20.395   499   602 W skia    : AGTM parsing failed flags.readFromStream(s) at 159
05-09 20:39:20.395   499   602 W skia    : AGTM parsing failed flags.readFromStream(s) at 159
05-09 20:39:20.395   499   602 W skia    : AGTM parsing failed flags.readFromStream(s) at 159
05-09 20:39:20.395   499   602 W skia    : AGTM parsing failed flags.readFromStream(s) at 159
05-09 20:39:20.395   499   602 W skia    : AGTM parsing failed flags.readFromStream(s) at 159
05-09 20:39:20.395   499   602 W skia    : AGTM parsing failed flags.readFromStream(s) at 159
05-09 20:39:20.396  2605  2605 D WindowOnBackDispatcher: setTopOnBackInvokedCallback (unwrapped): android.app.Activity$$ExternalSyntheticLambda0@50d6ca1
05-09 20:39:20.396  2605  2605 D VRI[InstrumentationActivityInvoker$EmptyActivity]: WindowInsets changed: 1280x2856 statusBars:[0,156,0,0] navigationBars:[0,0,0,72] mandatorySystemGestures:[0,192,0,96]
05-09 20:39:20.403  2605  2605 I Surface : Creating surface for consumer unnamed-2605-5 with slotExpansion=1 for 64 slots
05-09 20:39:20.404  2605  2605 I Surface : Creating surface for consumer VRI[InstrumentationActivityInvoker$EmptyActivity]#5(BLAST Consumer)5 with slotExpansion=1 for 64 slots
05-09 20:39:20.411   499   602 W skia    : AGTM parsing failed flags.readFromStream(s) at 159
05-09 20:39:20.411   499   602 W skia    : AGTM parsing failed flags.readFromStream(s) at 159
05-09 20:39:20.411   499   602 W skia    : AGTM parsing failed flags.readFromStream(s) at 159
05-09 20:39:20.411   499   602 W skia    : AGTM parsing failed flags.readFromStream(s) at 159
05-09 20:39:20.411   499   602 W skia    : AGTM parsing failed flags.readFromStream(s) at 159
05-09 20:39:20.411   499   602 W skia    : AGTM parsing failed flags.readFromStream(s) at 159
05-09 20:39:20.428   499   602 W skia    : AGTM parsing failed flags.readFromStream(s) at 159
05-09 20:39:20.428   499   602 W skia    : AGTM parsing failed flags.readFromStream(s) at 159
05-09 20:39:20.428   499   602 W skia    : AGTM parsing failed flags.readFromStream(s) at 159
05-09 20:39:20.428   499   602 W skia    : AGTM parsing failed flags.readFromStream(s) at 159
05-09 20:39:20.428   499   602 W skia    : AGTM parsing failed flags.readFromStream(s) at 159
05-09 20:39:20.428   499   602 W skia    : AGTM parsing failed flags.readFromStream(s) at 159
05-09 20:39:20.444  1076  1076 D RecentTasksList: invalidateLoadedTasks - previous requestLoadId: -1
05-09 20:39:20.447  1076  1076 D ViewRootImpl: Skipping stats log for color mode
05-09 20:39:20.447  1076  1076 D BaseActivity: Launcher flags updated: [state_started] +[state_started]
05-09 20:39:20.448  1076  1076 D BaseActivity: Launcher flags updated: [state_started|state_resumed|state_user_active] +[state_resumed|state_user_active]
05-09 20:39:20.448  1076  1076 D BaseActivity: Launcher flags updated: [state_started|state_resumed|state_user_active] +[]
05-09 20:39:20.448  1076  1076 D BaseActivity: Launcher flags updated: [state_started|state_resumed|state_deferred_resumed|state_user_active] +[state_deferred_resumed]
05-09 20:39:20.448  1076  1076 D StatsLog: LAUNCHER_ONRESUME
05-09 20:39:20.449  1076  1138 D QuickstepModelDelegate: notifyAppTargetEvent action=1 launchLocation=workspace/0/[-1,-1]/[1,1]
05-09 20:39:20.450  1736  1967 I AiAiEcho: Predicting[0]:  [CONTEXT sampling_count=5 ]
05-09 20:39:20.450  1736  1967 I AiAiEcho: EchoTargets:
05-09 20:39:20.450  1736  1967 I AiAiEcho: Filtered by AiAi flag check:
05-09 20:39:20.450  1736  1967 I AiAiEcho: [CONTEXT ratelimit_period="10 SECONDS" ]
05-09 20:39:20.450  1736  1967 I AiAiEcho: #remoteViewsTwiddler: feature disabled.
05-09 20:39:20.450  1736  1967 I AiAiEcho: #postPredictionTargets: Sending updates to UISurface home with targets# 0 (types=[])
05-09 20:39:20.461  1076  1076 D SmartspaceInteractor: notifySmartspaceEvent: SmartspaceTargetEvent{mSmartspaceTarget=null, mSmartspaceActionId='null', mEventType=6}
05-09 20:39:20.461   499   602 W skia    : AGTM parsing failed flags.readFromStream(s) at 159
05-09 20:39:20.461   499   602 W skia    : AGTM parsing failed flags.readFromStream(s) at 159
05-09 20:39:20.461   499   602 W skia    : AGTM parsing failed flags.readFromStream(s) at 159
05-09 20:39:20.461   499   602 W skia    : AGTM parsing failed flags.readFromStream(s) at 159
05-09 20:39:20.461   499   602 W skia    : AGTM parsing failed flags.readFromStream(s) at 159
05-09 20:39:20.461   499   602 W skia    : AGTM parsing failed flags.readFromStream(s) at 159
05-09 20:39:20.461   499   602 W skia    : AGTM parsing failed flags.readFromStream(s) at 159
05-09 20:39:20.462  1076  1076 I Surface : Creating surface for consumer unnamed-1076-395 with slotExpansion=1 for 64 slots
05-09 20:39:20.462  1736  1967 I AiAiEcho: AmbientDataPredictorImpl No tracked ambient data found for ID: null; for event type: 6, skipping event processing.
05-09 20:39:20.462  1076  1076 I Surface : Creating surface for consumer VRI[NexusLauncherActivity]#329(BLAST Consumer)329 with slotExpansion=1 for 64 slots
05-09 20:39:20.462  1076  1076 D BaseDepthController: setSurface:
05-09 20:39:20.462  1076  1076 D BaseDepthController: 	mWaitingOnSurfaceValidity: false
05-09 20:39:20.462  1076  1076 D BaseDepthController: 	mBaseSurface: Surface(name=VRI-com.google.android.apps.nexuslauncher/com.google.android.apps.nexuslauncher.NexusLauncherActivity#12630)/@0x1dd2a08
05-09 20:39:20.462  1076  1076 V BaseDepthController: Applying blur: 0 to Surface(name=VRI-com.google.android.apps.nexuslauncher/com.google.android.apps.nexuslauncher.NexusLauncherActivity#12630)/@0x1dd2a08 applyImmediately: false
05-09 20:39:20.462  1076  1076 D BaseDepthController: shouldBlurWorkspace: false targetState: Normal currentStableState: Normal mCurrentBlur: 0 mLauncher.getDepthBlurTargets(): [com.android.launcher3.Workspace{c8eda3 V.ED..... .......D 0,0-1280,2856 #7f0a0486 app:id/workspace}, com.android.launcher3.Hotseat{d0708a0 V.ED..... .......D 0,2289-1280,2856 #7f0a01f6 app:id/hotseat}]
05-09 20:39:20.478   499   602 W skia    : AGTM parsing failed flags.readFromStream(s) at 159
05-09 20:39:20.478   499   602 W skia    : AGTM parsing failed flags.readFromStream(s) at 159
05-09 20:39:20.478   499   602 W skia    : AGTM parsing failed flags.readFromStream(s) at 159
05-09 20:39:20.478   499   602 W skia    : AGTM parsing failed flags.readFromStream(s) at 159
05-09 20:39:20.478   499   602 W skia    : AGTM parsing failed flags.readFromStream(s) at 159
05-09 20:39:20.478   499   602 W skia    : AGTM parsing failed flags.readFromStream(s) at 159
05-09 20:39:20.478   499   602 W skia    : AGTM parsing failed flags.readFromStream(s) at 159
05-09 20:39:20.493   934  1546 D WallpaperService: onVisibilityChanged(true): com.android.systemui.wallpapers.ImageWallpaper$CanvasEngine@c19c617
05-09 20:39:20.495   499   602 W skia    : AGTM parsing failed flags.readFromStream(s) at 159
05-09 20:39:20.495   499   602 W skia    : AGTM parsing failed flags.readFromStream(s) at 159
05-09 20:39:20.495   499   602 W skia    : AGTM parsing failed flags.readFromStream(s) at 159
05-09 20:39:20.495   499   602 W skia    : AGTM parsing failed flags.readFromStream(s) at 159
05-09 20:39:20.495   499   602 W skia    : AGTM parsing failed flags.readFromStream(s) at 159
05-09 20:39:20.495   499   602 W skia    : AGTM parsing failed flags.readFromStream(s) at 159
05-09 20:39:20.495   499   602 W skia    : AGTM parsing failed flags.readFromStream(s) at 159
05-09 20:39:20.514  1076  1076 D SsBaseTemplateCard: Passed-in item info is null
05-09 20:39:20.514  1076  1076 D SsBaseTemplateCard: Passed-in item info is null
05-09 20:39:20.514  1076  1076 D SsBaseTemplateCard: Passed-in item info is null
05-09 20:39:20.514  1076  1076 D SsBaseTemplateCard: Passed-in item info is null
05-09 20:39:20.514  1076  1076 I SsBaseTemplateCard: Secondary card pane is null
05-09 20:39:20.587   499   602 W skia    : AGTM parsing failed flags.readFromStream(s) at 159
05-09 20:39:20.588   499   602 W skia    : AGTM parsing failed flags.readFromStream(s) at 159
05-09 20:39:20.611   499   602 W skia    : AGTM parsing failed flags.readFromStream(s) at 159
05-09 20:39:20.611   499   602 W skia    : AGTM parsing failed flags.readFromStream(s) at 159
05-09 20:39:20.623  2573  2573 D VRI[MainActivity]: visibilityChanged oldVisibility=true newVisibility=false
05-09 20:39:20.626  1076  1135 D PreloadThumbnailUseCase: Preloading thumbnails for task ids: [[id=32 windowingMode=0 user=0 lastActiveTime=16921] null, [id=679 windowingMode=1 user=0 lastActiveTime=17605496] null, [id=680 windowingMode=1 user=0 lastActiveTime=17605763] null]
05-09 20:39:20.627  1076  1076 D LauncherStateManager: StateManager.cancelAnimation: animation ongoing: false, partial trace:
05-09 20:39:20.627  1076  1076 D LauncherStateManager: 	at com.android.launcher3.statemanager.StateManager.setCurrentAnimation(go/retraceme 4b96215a9d9b4c1494121442fbf9d6e89857c91e1d76ddcc689701971259418a:59)
05-09 20:39:20.627  1076  1076 D LauncherStateManager: 	at com.android.launcher3.QuickstepTransitionManager.createWallpaperOpenAnimations(go/retraceme 4b96215a9d9b4c1494121442fbf9d6e89857c91e1d76ddcc689701971259418a:734)
05-09 20:39:20.627  1076  1076 D LauncherStateManager: 	at com.android.launcher3.QuickstepTransitionManager$WallpaperOpenLauncherAnimationRunner.onAnimationStart(go/retraceme 4b96215a9d9b4c1494121442fbf9d6e89857c91e1d76ddcc689701971259418a:135)
05-09 20:39:20.627  1076  1076 D LauncherStateManager: StateManager.createAtomicAnimation: fromState: Normal, toState: Normal, partial trace:
05-09 20:39:20.627  1076  1076 D LauncherStateManager: 	at com.android.quickstep.util.WorkspaceRevealAnim.prepareToAnimate(go/retraceme 4b96215a9d9b4c1494121442fbf9d6e89857c91e1d76ddcc689701971259418a:19)
05-09 20:39:20.627  1076  1076 D LauncherStateManager: 	at com.android.quickstep.util.WorkspaceRevealAnim.<init>(go/retraceme 4b96215a9d9b4c1494121442fbf9d6e89857c91e1d76ddcc689701971259418a:10)
05-09 20:39:20.627  1076  1076 D LauncherStateManager: 	at com.android.launcher3.QuickstepTransitionManager.createWallpaperOpenAnimations(go/retraceme 4b96215a9d9b4c1494121442fbf9d6e89857c91e1d76ddcc689701971259418a:775)
05-09 20:39:20.627  1076  1076 D AllAppsTransitionController: shouldProtectHeader: false skipScrim: true state: Normal stateManager.getState(): Normal
05-09 20:39:20.627  1076  1076 D KeyboardInsetsHandler: removePendingImeController: pendingImeController=null
05-09 20:39:20.627  1076  1076 D b/311077782: LauncherAnimationRunner.setAnimation
05-09 20:39:20.628  1076  1076 D RecentTasksList: invalidateLoadedTasks - previous requestLoadId: -1
05-09 20:39:20.632  1076  1076 D BaseActivity: Launcher flags updated: [state_started|state_resumed|state_deferred_resumed|state_window_focused|state_user_active] +[state_window_focused]
05-09 20:39:20.636   663   787 W InputChannel-JNI: Channel already disposed.
05-09 20:39:20.643  8468  8468 I GoogleInputMethodService: GoogleInputMethodService.onFinishInput():2259
05-09 20:39:20.645  8468  8468 I Module  : DeviceLockedStatusModuleProvider$Module.updateDeviceLockedStatus():103 repeatCheckTimes = 0, locked = false
05-09 20:39:20.645  8468  8468 I GoogleInputMethodService: GoogleInputMethodService.onStartInput():1446 onStartInput(EditorInfo{EditorInfo{packageName=com.google.android.apps.nexuslauncher, inputType=0, inputTypeString=NULL, enableLearning=false, autoCorrection=false, autoComplete=false, imeOptions=0, privateImeOptions=null, actionName=UNSPECIFIED, actionLabel=null, initialSelStart=-1, initialSelEnd=-1, initialCapsMode=0, label=null, fieldId=0, fieldName=null, extras=null, hintText=null, hintLocales=[]}}, false)
05-09 20:39:20.645  8468  8468 I AndroidIME: LatinIMEBase.updateInputViewCoverNavigation():322 Update input view padding, isNavbarOverInputWindow=true, bottom inset=72
05-09 20:39:20.646  8468  8468 I Module  : DeviceLockedStatusModuleProvider$Module.updateDeviceLockedStatus():103 repeatCheckTimes = 1, locked = false
05-09 20:39:20.653  2573  2589 D HWUI    : endAllActiveAnimators on 0xb4007bca04047260 (UnprojectedRipple) with handle 0xb4007bc9340403d0
05-09 20:39:20.670  2573  2573 D WindowOnBackDispatcher: setTopOnBackInvokedCallback (unwrapped): android.app.Activity$$ExternalSyntheticLambda0@b0b7270
05-09 20:39:20.691   499   602 W skia    : AGTM parsing failed flags.readFromStream(s) at 159
05-09 20:39:20.691   499   602 W skia    : AGTM parsing failed flags.readFromStream(s) at 159
05-09 20:39:20.697  2573  2573 I AutofillManager: onInvisibleForAutofill(): expiringResponse
05-09 20:39:20.697  2573  2573 D LifecycleMonitor: Lifecycle status change: com.team4.vinilosapp.MainActivity@e1ded28 in: STOPPED
05-09 20:39:20.697  2573  2573 V ActivityScenario: Update currentActivityStage to STOPPED, currentActivity=com.team4.vinilosapp.MainActivity@e1ded28
05-09 20:39:20.712  2573  2573 D WindowOnBackDispatcher: setTopOnBackInvokedCallback (unwrapped): null
05-09 20:39:20.715  2573  2573 D LifecycleMonitor: Lifecycle status change: com.team4.vinilosapp.MainActivity@e1ded28 in: DESTROYED
05-09 20:39:20.715  2573  2573 V ActivityScenario: Update currentActivityStage to DESTROYED, currentActivity=null
05-09 20:39:20.717  2573  2573 D ViewRootImpl: Skipping stats log for color mode
05-09 20:39:20.724  2573  2587 D IdlingRegistry: Unregistering idling resources: [androidx.compose.ui.test.EspressoLink@a7f50e3]
05-09 20:39:20.727  2573  2587 I TestRunner: finished: fillAddPrizeForm_andSubmit_returnsToPrizesSection(com.team4.vinilosapp.ui.AddPrizeScreenTest)
