05-09 20:40:06.586   663  2031 W InputChannel-JNI: Channel already disposed.
05-09 20:40:06.596  2573  2573 D LifecycleMonitor: Lifecycle status change: androidx.activity.ComponentActivity@c296162 in: PAUSED
05-09 20:40:06.596  2573  2573 V ActivityScenario: Update currentActivityStage to PAUSED, currentActivity=androidx.activity.ComponentActivity@c296162
05-09 20:40:06.611  2605  2623 I GFXSTREAM: [eglDisplay.cpp(297)] Opening libGLESv1_CM_emulation.so
05-09 20:40:06.611  2605  2623 I GFXSTREAM: [eglDisplay.cpp(297)] Opening libGLESv2_emulation.so
05-09 20:40:06.631  2605  2623 W libc    : Access denied finding property "vendor.mesa.virtgpu.kumquat"
05-09 20:40:06.642  2605  2623 W HWUI    : Failed to choose config with EGL_SWAP_BEHAVIOR_PRESERVED, retrying without...
05-09 20:40:06.643  2605  2623 W HWUI    : Failed to initialize 101010-2 format, error = EGL_SUCCESS
05-09 20:40:06.666   499   602 W skia    : AGTM parsing failed flags.readFromStream(s) at 159
05-09 20:40:06.702   934  1126 I Surface : Creating surface for consumer unnamed-934-630 with slotExpansion=1 for 64 slots
05-09 20:40:06.715   934  1126 I Surface : Creating surface for consumer VRI[test]#630(BLAST Consumer)630 with slotExpansion=1 for 64 slots
05-09 20:40:06.797  1076  1076 D RecentTasksList: invalidateLoadedTasks - previous requestLoadId: -1
05-09 20:40:06.803  1076  1135 D PreloadThumbnailUseCase: Preloading thumbnails for task ids: [[id=32 windowingMode=0 user=0 lastActiveTime=16921] null, [id=709 windowingMode=1 user=0 lastActiveTime=17651928] null, [id=710 windowingMode=1 user=0 lastActiveTime=17651975] null]
05-09 20:40:06.915   663  1013 W InputChannel-JNI: Channel already disposed.
05-09 20:40:06.929  2605  2605 D WindowOnBackDispatcher: setTopOnBackInvokedCallback (unwrapped): android.app.Activity$$ExternalSyntheticLambda0@464d88d
05-09 20:40:06.931  2605  2605 D VRI[InstrumentationActivityInvoker$EmptyActivity]: WindowInsets changed: 1280x2856 statusBars:[0,156,0,0] navigationBars:[0,0,0,72] mandatorySystemGestures:[0,192,0,96]
05-09 20:40:07.025   499   602 W skia    : AGTM parsing failed flags.readFromStream(s) at 159
05-09 20:40:07.025   499   602 W skia    : AGTM parsing failed flags.readFromStream(s) at 159
05-09 20:40:07.025   499   602 W skia    : AGTM parsing failed flags.readFromStream(s) at 159
05-09 20:40:07.079  2605  2605 I Surface : Creating surface for consumer unnamed-2605-20 with slotExpansion=1 for 64 slots
05-09 20:40:07.084  2605  2605 I Surface : Creating surface for consumer VRI[InstrumentationActivityInvoker$EmptyActivity]#20(BLAST Consumer)20 with slotExpansion=1 for 64 slots
05-09 20:40:07.091  1076  1076 D RecentTasksList: invalidateLoadedTasks - previous requestLoadId: -1
05-09 20:40:07.114   463   612 I RanchuHwc: logCompositionFallbackIfChanged: layer 2334 CompositionType fallback from 3 to 1
05-09 20:40:07.116   499   602 W skia    : AGTM parsing failed flags.readFromStream(s) at 159
05-09 20:40:07.116   499   602 W skia    : AGTM parsing failed flags.readFromStream(s) at 159
05-09 20:40:07.116   499   602 W skia    : AGTM parsing failed flags.readFromStream(s) at 159
05-09 20:40:07.116   499   602 W skia    : AGTM parsing failed flags.readFromStream(s) at 159
05-09 20:40:07.116   499   602 W skia    : AGTM parsing failed flags.readFromStream(s) at 159
05-09 20:40:07.116   499   602 W skia    : AGTM parsing failed flags.readFromStream(s) at 159
05-09 20:40:07.116   499   602 W skia    : AGTM parsing failed flags.readFromStream(s) at 159
05-09 20:40:07.184   499   602 W skia    : AGTM parsing failed flags.readFromStream(s) at 159
05-09 20:40:07.184   499   602 W skia    : AGTM parsing failed flags.readFromStream(s) at 159
05-09 20:40:07.184   499   602 W skia    : AGTM parsing failed flags.readFromStream(s) at 159
05-09 20:40:07.184   499   602 W skia    : AGTM parsing failed flags.readFromStream(s) at 159
05-09 20:40:07.184   499   602 W skia    : AGTM parsing failed flags.readFromStream(s) at 159
05-09 20:40:07.184   499   602 W skia    : AGTM parsing failed flags.readFromStream(s) at 159
05-09 20:40:07.184   499   602 W skia    : AGTM parsing failed flags.readFromStream(s) at 159
05-09 20:40:07.184   499   602 W skia    : AGTM parsing failed flags.readFromStream(s) at 159
05-09 20:40:07.193  1076  1087 W System  : A resource failed to call release.
05-09 20:40:07.194  1076  1087 W System  : A resource failed to call release.
05-09 20:40:07.194  1076  1087 W System  : A resource failed to call release.
05-09 20:40:07.223   663   684 I ActivityTaskManager: Displayed com.team4.vinilosapp.test/androidx.test.core.app.InstrumentationActivityInvoker$EmptyActivity for user 0: +669ms
05-09 20:40:07.225   934  1009 W DisconnectHandler: No disconnect change found in the transition, not handling request.
05-09 20:40:07.233   499   602 W skia    : AGTM parsing failed flags.readFromStream(s) at 159
05-09 20:40:07.233   499   602 W skia    : AGTM parsing failed flags.readFromStream(s) at 159
05-09 20:40:07.234   499   602 W skia    : AGTM parsing failed flags.readFromStream(s) at 159
05-09 20:40:07.234   499   602 W skia    : AGTM parsing failed flags.readFromStream(s) at 159
05-09 20:40:07.234   499   602 W skia    : AGTM parsing failed flags.readFromStream(s) at 159
05-09 20:40:07.234   499   602 W skia    : AGTM parsing failed flags.readFromStream(s) at 159
05-09 20:40:07.234   499   602 W skia    : AGTM parsing failed flags.readFromStream(s) at 159
05-09 20:40:07.234   499   602 W skia    : AGTM parsing failed flags.readFromStream(s) at 159
05-09 20:40:07.240  1076  1076 D BaseActivity: Launcher flags updated: [state_started] +[state_started]
05-09 20:40:07.242  1076  1076 D BaseActivity: Launcher flags updated: [state_started|state_resumed|state_user_active] +[state_resumed|state_user_active]
05-09 20:40:07.242  1076  1076 D BaseActivity: Launcher flags updated: [state_started|state_resumed|state_user_active] +[]
05-09 20:40:07.242  1076  1076 D BaseActivity: Launcher flags updated: [state_started|state_resumed|state_deferred_resumed|state_user_active] +[state_deferred_resumed]
05-09 20:40:07.242  1076  1076 D StatsLog: LAUNCHER_ONRESUME
05-09 20:40:07.247  1076  1138 D QuickstepModelDelegate: notifyAppTargetEvent action=1 launchLocation=workspace/0/[-1,-1]/[1,1]
05-09 20:40:07.249  1736  1967 I AiAiEcho: Predicting[0]:  [CONTEXT sampling_count=5 ]
05-09 20:40:07.249  1736  1967 I AiAiEcho: EchoTargets:
05-09 20:40:07.249  1736  1967 I AiAiEcho: Filtered by AiAi flag check:
05-09 20:40:07.249  1736  1967 I AiAiEcho: [CONTEXT ratelimit_period="10 SECONDS" ]
05-09 20:40:07.249  1736  1967 I AiAiEcho: #remoteViewsTwiddler: feature disabled.
05-09 20:40:07.250  1076  1076 D VRI[NexusLauncherActivity]: visibilityChanged oldVisibility=false newVisibility=true
05-09 20:40:07.250   499   602 W skia    : AGTM parsing failed flags.readFromStream(s) at 159
05-09 20:40:07.251   499   602 W skia    : AGTM parsing failed flags.readFromStream(s) at 159
05-09 20:40:07.251   499   602 W skia    : AGTM parsing failed flags.readFromStream(s) at 159
05-09 20:40:07.251  1736  1967 I AiAiEcho: #postPredictionTargets: Sending updates to UISurface home with targets# 0 (types=[])
05-09 20:40:07.255   499   602 W skia    : AGTM parsing failed flags.readFromStream(s) at 159
05-09 20:40:07.255   499   602 W skia    : AGTM parsing failed flags.readFromStream(s) at 159
05-09 20:40:07.255   499   602 W skia    : AGTM parsing failed flags.readFromStream(s) at 159
05-09 20:40:07.255   499   602 W skia    : AGTM parsing failed flags.readFromStream(s) at 159
05-09 20:40:07.255   499   602 W skia    : AGTM parsing failed flags.readFromStream(s) at 159
05-09 20:40:07.255   499   602 W skia    : AGTM parsing failed flags.readFromStream(s) at 159
05-09 20:40:07.255   499   602 W skia    : AGTM parsing failed flags.readFromStream(s) at 159
05-09 20:40:07.255   499   602 W skia    : AGTM parsing failed flags.readFromStream(s) at 159
05-09 20:40:07.255   499   602 W skia    : AGTM parsing failed flags.readFromStream(s) at 159
05-09 20:40:07.267  1076  1076 D SmartspaceInteractor: notifySmartspaceEvent: SmartspaceTargetEvent{mSmartspaceTarget=null, mSmartspaceActionId='null', mEventType=6}
05-09 20:40:07.271  1076  1076 I Surface : Creating surface for consumer unnamed-1076-410 with slotExpansion=1 for 64 slots
05-09 20:40:07.272  1076  1076 I Surface : Creating surface for consumer VRI[NexusLauncherActivity]#344(BLAST Consumer)344 with slotExpansion=1 for 64 slots
05-09 20:40:07.272  1076  1076 D BaseDepthController: setSurface:
05-09 20:40:07.272  1076  1076 D BaseDepthController: 	mWaitingOnSurfaceValidity: false
05-09 20:40:07.272  1076  1076 D BaseDepthController: 	mBaseSurface: Surface(name=VRI-com.google.android.apps.nexuslauncher/com.google.android.apps.nexuslauncher.NexusLauncherActivity#13217)/@0x1dd2a08
05-09 20:40:07.272  1076  1076 V BaseDepthController: Applying blur: 0 to Surface(name=VRI-com.google.android.apps.nexuslauncher/com.google.android.apps.nexuslauncher.NexusLauncherActivity#13217)/@0x1dd2a08 applyImmediately: false
05-09 20:40:07.272  1076  1076 D BaseDepthController: shouldBlurWorkspace: false targetState: Normal currentStableState: Normal mCurrentBlur: 0 mLauncher.getDepthBlurTargets(): [com.android.launcher3.Workspace{c8eda3 V.ED..... .......D 0,0-1280,2856 #7f0a0486 app:id/workspace}, com.android.launcher3.Hotseat{d0708a0 V.ED..... .......D 0,2289-1280,2856 #7f0a01f6 app:id/hotseat}]
05-09 20:40:07.275   934  1546 D WallpaperService: onVisibilityChanged(true): com.android.systemui.wallpapers.ImageWallpaper$CanvasEngine@c19c617
05-09 20:40:07.277   499   602 W skia    : AGTM parsing failed flags.readFromStream(s) at 159
05-09 20:40:07.277   499   602 W skia    : AGTM parsing failed flags.readFromStream(s) at 159
05-09 20:40:07.277   499   602 W skia    : AGTM parsing failed flags.readFromStream(s) at 159
05-09 20:40:07.277   499   602 W skia    : AGTM parsing failed flags.readFromStream(s) at 159
05-09 20:40:07.277   499   602 W skia    : AGTM parsing failed flags.readFromStream(s) at 159
05-09 20:40:07.277   499   602 W skia    : AGTM parsing failed flags.readFromStream(s) at 159
05-09 20:40:07.277   499   602 W skia    : AGTM parsing failed flags.readFromStream(s) at 159
05-09 20:40:07.277   499   602 W skia    : AGTM parsing failed flags.readFromStream(s) at 159
05-09 20:40:07.277   499   602 W skia    : AGTM parsing failed flags.readFromStream(s) at 159
05-09 20:40:07.277  1736  1967 I AiAiEcho: AmbientDataPredictorImpl No tracked ambient data found for ID: null; for event type: 6, skipping event processing.
05-09 20:40:07.305   499   602 W skia    : AGTM parsing failed flags.readFromStream(s) at 159
05-09 20:40:07.305   499   602 W skia    : AGTM parsing failed flags.readFromStream(s) at 159
05-09 20:40:07.305   499   602 W skia    : AGTM parsing failed flags.readFromStream(s) at 159
05-09 20:40:07.306   499   602 W skia    : AGTM parsing failed flags.readFromStream(s) at 159
05-09 20:40:07.306   499   602 W skia    : AGTM parsing failed flags.readFromStream(s) at 159
05-09 20:40:07.306   499   602 W skia    : AGTM parsing failed flags.readFromStream(s) at 159
05-09 20:40:07.306   499   602 W skia    : AGTM parsing failed flags.readFromStream(s) at 159
05-09 20:40:07.306   499   602 W skia    : AGTM parsing failed flags.readFromStream(s) at 159
05-09 20:40:07.306   499   602 W skia    : AGTM parsing failed flags.readFromStream(s) at 159
05-09 20:40:07.343  1076  1135 D PreloadThumbnailUseCase: Preloading thumbnails for task ids: [[id=32 windowingMode=0 user=0 lastActiveTime=16921] null, [id=709 windowingMode=1 user=0 lastActiveTime=17651928] null, [id=710 windowingMode=1 user=0 lastActiveTime=17652594] null]
05-09 20:40:07.343   499   602 W skia    : AGTM parsing failed flags.readFromStream(s) at 159
05-09 20:40:07.343   499   602 W skia    : AGTM parsing failed flags.readFromStream(s) at 159
05-09 20:40:07.343   499   602 W skia    : AGTM parsing failed flags.readFromStream(s) at 159
05-09 20:40:07.343   499   602 W skia    : AGTM parsing failed flags.readFromStream(s) at 159
05-09 20:40:07.343   499   602 W skia    : AGTM parsing failed flags.readFromStream(s) at 159
05-09 20:40:07.343   499   602 W skia    : AGTM parsing failed flags.readFromStream(s) at 159
05-09 20:40:07.343   499   602 W skia    : AGTM parsing failed flags.readFromStream(s) at 159
05-09 20:40:07.343   499   602 W skia    : AGTM parsing failed flags.readFromStream(s) at 159
05-09 20:40:07.343   499   602 W skia    : AGTM parsing failed flags.readFromStream(s) at 159
05-09 20:40:07.348  1076  1076 D RecentTasksList: invalidateLoadedTasks - previous requestLoadId: -1
05-09 20:40:07.348  1076  1076 D RecentTasksList: invalidateLoadedTasks - previous requestLoadId: -1
05-09 20:40:07.348   499  1049 I libbinder.BpBinder: onLastStrongRef automatically unlinking death recipients for binder (0xb4007670bc03b4a0) with descriptor: '(not cached)'
05-09 20:40:07.378  1076  1076 D SsBaseTemplateCard: Passed-in item info is null
05-09 20:40:07.378  1076  1076 D SsBaseTemplateCard: Passed-in item info is null
05-09 20:40:07.378  1076  1076 D SsBaseTemplateCard: Passed-in item info is null
05-09 20:40:07.378  1076  1076 D SsBaseTemplateCard: Passed-in item info is null
05-09 20:40:07.378  1076  1076 I SsBaseTemplateCard: Secondary card pane is null
05-09 20:40:07.465   499   602 W skia    : AGTM parsing failed flags.readFromStream(s) at 159
05-09 20:40:07.465   499   602 W skia    : AGTM parsing failed flags.readFromStream(s) at 159
05-09 20:40:07.508  2573  2573 D VRI[ComponentActivity]: visibilityChanged oldVisibility=true newVisibility=false
05-09 20:40:07.519  1076  1076 D LauncherStateManager: StateManager.cancelAnimation: animation ongoing: false, partial trace:
05-09 20:40:07.519  1076  1076 D LauncherStateManager: 	at com.android.launcher3.statemanager.StateManager.setCurrentAnimation(go/retraceme 4b96215a9d9b4c1494121442fbf9d6e89857c91e1d76ddcc689701971259418a:59)
05-09 20:40:07.519  1076  1076 D LauncherStateManager: 	at com.android.launcher3.QuickstepTransitionManager.createWallpaperOpenAnimations(go/retraceme 4b96215a9d9b4c1494121442fbf9d6e89857c91e1d76ddcc689701971259418a:734)
05-09 20:40:07.519  1076  1076 D LauncherStateManager: 	at com.android.launcher3.QuickstepTransitionManager$WallpaperOpenLauncherAnimationRunner.onAnimationStart(go/retraceme 4b96215a9d9b4c1494121442fbf9d6e89857c91e1d76ddcc689701971259418a:135)
05-09 20:40:07.519  1076  1076 D LauncherStateManager: StateManager.createAtomicAnimation: fromState: Normal, toState: Normal, partial trace:
05-09 20:40:07.519  1076  1076 D LauncherStateManager: 	at com.android.quickstep.util.WorkspaceRevealAnim.prepareToAnimate(go/retraceme 4b96215a9d9b4c1494121442fbf9d6e89857c91e1d76ddcc689701971259418a:19)
05-09 20:40:07.519  1076  1076 D LauncherStateManager: 	at com.android.quickstep.util.WorkspaceRevealAnim.<init>(go/retraceme 4b96215a9d9b4c1494121442fbf9d6e89857c91e1d76ddcc689701971259418a:10)
05-09 20:40:07.519  1076  1076 D LauncherStateManager: 	at com.android.launcher3.QuickstepTransitionManager.createWallpaperOpenAnimations(go/retraceme 4b96215a9d9b4c1494121442fbf9d6e89857c91e1d76ddcc689701971259418a:775)
05-09 20:40:07.519  1076  1076 D AllAppsTransitionController: shouldProtectHeader: false skipScrim: true state: Normal stateManager.getState(): Normal
05-09 20:40:07.519  1076  1076 D KeyboardInsetsHandler: removePendingImeController: pendingImeController=null
05-09 20:40:07.520  1076  1076 D b/311077782: LauncherAnimationRunner.setAnimation
05-09 20:40:07.556   499   602 W skia    : AGTM parsing failed flags.readFromStream(s) at 159
05-09 20:40:07.556   499   602 W skia    : AGTM parsing failed flags.readFromStream(s) at 159
05-09 20:40:07.609  2573  2573 I AutofillManager: onInvisibleForAutofill(): expiringResponse
05-09 20:40:07.610  2573  2573 D LifecycleMonitor: Lifecycle status change: androidx.activity.ComponentActivity@c296162 in: STOPPED
05-09 20:40:07.610  2573  2573 V ActivityScenario: Update currentActivityStage to STOPPED, currentActivity=androidx.activity.ComponentActivity@c296162
05-09 20:40:07.623  2573  2573 D LifecycleMonitor: Lifecycle status change: androidx.activity.ComponentActivity@c296162 in: DESTROYED
05-09 20:40:07.623  2573  2573 V ActivityScenario: Update currentActivityStage to DESTROYED, currentActivity=null
05-09 20:40:07.625  2573  2587 D IdlingRegistry: Unregistering idling resources: [androidx.compose.ui.test.EspressoLink@8d88cfe]
05-09 20:40:07.625  2573  2573 D WindowOnBackDispatcher: setTopOnBackInvokedCallback (unwrapped): null
05-09 20:40:07.679  2573  2573 D ViewRootImpl: Skipping stats log for color mode
05-09 20:40:07.681   547  2771 W libbinder.IPCThreadState: Sending oneway calls to frozen process.
05-09 20:40:07.699  8468  8468 I GoogleInputMethodService: GoogleInputMethodService.onFinishInputView():1661 onFinishInputView(false)
05-09 20:40:07.699  8468  8468 W ExtensionWrapper: ExtensionWrapper.setAllowUpdateNavigationBarStyle():887 class kwe is not activate
05-09 20:40:07.699  8468  8468 I KeyboardViewController: KeyboardViewController.hide():988 Requesting to hide sub view with id 2131436909 #0x7f0b256d which doesn't exist in current keyboard view
05-09 20:40:07.699  8468  8468 W ExtensionWrapper: ExtensionWrapper.setAllowUpdateNavigationBarStyle():887 class kwe is not activate
05-09 20:40:07.700  8468  8468 W SupplementaryKeyboardsWrapper: SupplementaryKeyboardsWrapper.deactivateKeyboard():162 keyboard composing_text_consumer is not activated before!
05-09 20:40:07.700  8468  8468 I GlobeKeyExtension: GlobeKeyExtension.onDeactivate():154
05-09 20:40:07.700  8468  8468 W TooltipLifecycleManager: TooltipLifecycleManager.dismissTooltips():153 Tooltip with id spell_check_add_to_dictionary not found in tooltipManager.
05-09 20:40:07.700  8468  8468 I VoiceInputManagerWrapper: VoiceInputManagerWrapper.shutdown():131 shutdown()
05-09 20:40:07.700  8468  8468 I UniversalDictationUiProvider: UniversalDictationUiProvider.onDeactivate():69 onDeactivate() [UD]
05-09 20:40:07.700  8468  8468 I InputBundle: InputBundle.consumeEvent():1051 Skip consuming an event as keyboard status is INACTIVE
05-09 20:40:07.701  8468  8468 I AndroidIME: AbstractIme.onDeactivate():213 LatinIme.onDeactivate()
05-09 20:40:07.702  8468  8468 I PrimesLoggerHolder: FrameMetricServiceImpl.stopAsFuture():213 Measurement not found: OnConfigurationChanged
05-09 20:40:07.702  8468  8468 D ImeBackCallbackSender: Unregister OnBackInvokedCallback at app window (packageName=com.team4.vinilosapp)
05-09 20:40:07.702  8468  8494 W ModuleManager: ModuleManager.loadModule():634 Module pyg is not available
05-09 20:40:07.702  8468  8494 I NebulaeTrainingCacheMetricsProcessor: NebulaeTrainingCacheMetricsProcessor.processEndSession():616 End training cache session: com.team4.vinilosapp_-1/
05-09 20:40:07.710  2573  2587 I TestRunner: finished: commentAlbumScreen_showsErrorWhenCommentIsEmpty(com.team4.vinilosapp.ui.CommentAlbumScreenTest)
