05-09 20:39:55.910  2573  2587 I TestRunner: started: commentAlbumScreen_showsErrorWhenRatingIsInvalid(com.team4.vinilosapp.ui.CommentAlbumScreenTest)
05-09 20:39:55.911  2573  2587 D IdlingRegistry: Registering idling resources: [androidx.compose.ui.test.EspressoLink@aa1848b]
05-09 20:39:55.912  2573  2587 W Settings: Setting always_finish_activities has moved from android.provider.Settings.System to android.provider.Settings.Global, returning read-only value.
05-09 20:39:55.917   499   602 W skia    : AGTM parsing failed flags.readFromStream(s) at 159
05-09 20:39:55.917   499   602 W skia    : AGTM parsing failed flags.readFromStream(s) at 159
05-09 20:39:55.919   663  1851 V GrammaticalInflectionUtils: AttributionSource: android.content.AttributionSource@5796ad7f does not have READ_SYSTEM_GRAMMATICAL_GENDER permission.
05-09 20:39:55.933  1076  1085 I s.nexuslauncher: NativeAlloc concurrent mark compact GC freed 576KB AllocSpace bytes, 0(0B) LOS objects, 49% free, 5947KB/11MB, paused 194us,433us total 109.145ms
05-09 20:39:55.944   934  1009 W DisconnectHandler: No disconnect change found in the transition, not handling request.
05-09 20:39:55.948   463   612 I RanchuHwc: logCompositionFallbackIfChanged: layer 2307 CompositionType fallback from 2 to 1
05-09 20:39:55.948   463   612 I RanchuHwc: logCompositionFallbackIfChanged: layer 2308 CompositionType fallback from 2 to 1
05-09 20:39:56.018   499   602 W skia    : AGTM parsing failed flags.readFromStream(s) at 159
05-09 20:39:56.018   499   602 W skia    : AGTM parsing failed flags.readFromStream(s) at 159
05-09 20:39:56.018   499   602 W skia    : AGTM parsing failed flags.readFromStream(s) at 159
05-09 20:39:56.018   499   602 W skia    : AGTM parsing failed flags.readFromStream(s) at 159
05-09 20:39:56.018   499   602 W skia    : AGTM parsing failed flags.readFromStream(s) at 159
05-09 20:39:56.018   499   602 W skia    : AGTM parsing failed flags.readFromStream(s) at 159
05-09 20:39:56.018   499   602 W skia    : AGTM parsing failed flags.readFromStream(s) at 159
05-09 20:39:56.018   499   602 W skia    : AGTM parsing failed flags.readFromStream(s) at 159
05-09 20:39:56.045   499   602 W skia    : AGTM parsing failed flags.readFromStream(s) at 159
05-09 20:39:56.045   499   602 W skia    : AGTM parsing failed flags.readFromStream(s) at 159
05-09 20:39:56.045   499   602 W skia    : AGTM parsing failed flags.readFromStream(s) at 159
05-09 20:39:56.045   499   602 W skia    : AGTM parsing failed flags.readFromStream(s) at 159
05-09 20:39:56.045   499   602 W skia    : AGTM parsing failed flags.readFromStream(s) at 159
05-09 20:39:56.045   499   602 W skia    : AGTM parsing failed flags.readFromStream(s) at 159
05-09 20:39:56.045   499   602 W skia    : AGTM parsing failed flags.readFromStream(s) at 159
05-09 20:39:56.045   499   602 W skia    : AGTM parsing failed flags.readFromStream(s) at 159
05-09 20:39:56.047  1076  1076 D RecentsView: onTaskRemoved: 701, not handling task stack changes
05-09 20:39:56.047  1076  1076 D RecentsView: onTaskRemoved: 701, not handling task stack changes
05-09 20:39:56.047  1076  1076 D BaseActivity: Launcher flags updated: [state_started|state_resumed|state_deferred_resumed|state_window_focused|state_user_active] +[state_window_focused]
05-09 20:39:56.054  1076  1076 D RecentsView: onTaskDisplayChanged: 703, new displayId = 0
05-09 20:39:56.056   663   787 W InputChannel-JNI: Channel already disposed.
05-09 20:39:56.058  8468  8468 I GoogleInputMethodService: GoogleInputMethodService.onFinishInput():2259
05-09 20:39:56.058  8468  8468 I Module  : DeviceLockedStatusModuleProvider$Module.updateDeviceLockedStatus():103 repeatCheckTimes = 0, locked = false
05-09 20:39:56.058  8468  8468 I GoogleInputMethodService: GoogleInputMethodService.onStartInput():1446 onStartInput(EditorInfo{EditorInfo{packageName=com.google.android.apps.nexuslauncher, inputType=0, inputTypeString=NULL, enableLearning=false, autoCorrection=false, autoComplete=false, imeOptions=0, privateImeOptions=null, actionName=UNSPECIFIED, actionLabel=null, initialSelStart=-1, initialSelEnd=-1, initialCapsMode=0, label=null, fieldId=0, fieldName=null, extras=null, hintText=null, hintLocales=[]}}, false)
05-09 20:39:56.058  8468  8468 I AndroidIME: LatinIMEBase.updateInputViewCoverNavigation():322 Update input view padding, isNavbarOverInputWindow=true, bottom inset=72
05-09 20:39:56.058  8468  8468 I Module  : DeviceLockedStatusModuleProvider$Module.updateDeviceLockedStatus():103 repeatCheckTimes = 1, locked = false
05-09 20:39:56.092   499   602 W skia    : AGTM parsing failed flags.readFromStream(s) at 159
05-09 20:39:56.092   499   602 W skia    : AGTM parsing failed flags.readFromStream(s) at 159
05-09 20:39:56.092   499   602 W skia    : AGTM parsing failed flags.readFromStream(s) at 159
05-09 20:39:56.092   499   602 W skia    : AGTM parsing failed flags.readFromStream(s) at 159
05-09 20:39:56.092   499   602 W skia    : AGTM parsing failed flags.readFromStream(s) at 159
05-09 20:39:56.092   499   602 W skia    : AGTM parsing failed flags.readFromStream(s) at 159
05-09 20:39:56.092   499   602 W skia    : AGTM parsing failed flags.readFromStream(s) at 159
05-09 20:39:56.092   499   602 W skia    : AGTM parsing failed flags.readFromStream(s) at 159
05-09 20:39:56.093  1076  1076 D RecentTasksList: invalidateLoadedTasks - previous requestLoadId: -1
05-09 20:39:56.093  1076  1076 D BaseActivity: Launcher flags updated: [state_started|state_resumed|state_deferred_resumed|state_window_focused|state_user_active] -[]
05-09 20:39:56.097  1076  1076 D BaseActivity: Launcher flags updated: [state_started|state_resumed|state_deferred_resumed|state_window_focused] -[state_user_active]
05-09 20:39:56.097  1076  1076 D BaseActivity: Launcher flags updated: [state_started|state_window_focused] -[state_resumed|state_deferred_resumed]
05-09 20:39:56.098  1076  1076 W SplitSelectStateCtor: Missing session instanceIds
05-09 20:39:56.098  1076  1076 D StatsLog: LAUNCHER_SPLIT_SELECTION_EXIT_INTERRUPTED
05-09 20:39:56.103  1076  1076 D RecentTasksList: invalidateLoadedTasks - previous requestLoadId: -1
05-09 20:39:56.103  1076  1076 D RecentTasksList: invalidateLoadedTasks - previous requestLoadId: -1
05-09 20:39:56.107   499  1049 I libbinder.BpBinder: onLastStrongRef automatically unlinking death recipients for binder (0xb4007670bc0440e0) with descriptor: '(not cached)'
05-09 20:39:56.110   663  1851 W InputChannel-JNI: Channel already disposed.
05-09 20:39:56.110  2573  2573 D LifecycleMonitor: Lifecycle status change: androidx.activity.ComponentActivity@94f3e0a in: PRE_ON_CREATE
05-09 20:39:56.110  2573  2573 V ActivityScenario: Activity lifecycle changed event received but ignored because the reported transition was not ON_CREATE while the last known transition was PRE_ON_CREATE
05-09 20:39:56.120  2573  2573 D LifecycleMonitor: Lifecycle status change: androidx.activity.ComponentActivity@94f3e0a in: CREATED
05-09 20:39:56.120  2573  2573 V ActivityScenario: Update currentActivityStage to CREATED, currentActivity=androidx.activity.ComponentActivity@94f3e0a
05-09 20:39:56.120  2573  2573 D LifecycleMonitor: Lifecycle status change: androidx.activity.ComponentActivity@94f3e0a in: STARTED
05-09 20:39:56.120  2573  2573 V ActivityScenario: Update currentActivityStage to STARTED, currentActivity=androidx.activity.ComponentActivity@94f3e0a
05-09 20:39:56.121   934  1126 I Surface : Creating surface for consumer unnamed-934-624 with slotExpansion=1 for 64 slots
05-09 20:39:56.123  2573  2573 D LifecycleMonitor: Lifecycle status change: androidx.activity.ComponentActivity@94f3e0a in: RESUMED
05-09 20:39:56.123  2573  2573 V ActivityScenario: Update currentActivityStage to RESUMED, currentActivity=androidx.activity.ComponentActivity@94f3e0a
05-09 20:39:56.126   663  1851 W InputChannel-JNI: Channel already disposed.
05-09 20:39:56.126   934  1126 I Surface : Creating surface for consumer VRI[vinilosapp]#624(BLAST Consumer)624 with slotExpansion=1 for 64 slots
05-09 20:39:56.129  2573  2573 D WindowOnBackDispatcher: setTopOnBackInvokedCallback (unwrapped): android.app.Activity$$ExternalSyntheticLambda0@7e4246b
05-09 20:39:56.130  2573  2573 D VRI[ComponentActivity]: WindowInsets changed: 1280x2856 statusBars:[0,156,0,0] navigationBars:[0,0,0,72] mandatorySystemGestures:[0,192,0,96]
05-09 20:39:56.142  2573  2573 I Surface : Creating surface for consumer unnamed-2573-21 with slotExpansion=1 for 64 slots
05-09 20:39:56.143  2573  2573 I Surface : Creating surface for consumer VRI[ComponentActivity]#21(BLAST Consumer)21 with slotExpansion=1 for 64 slots
05-09 20:39:56.150   499   602 W skia    : AGTM parsing failed flags.readFromStream(s) at 159
05-09 20:39:56.150   499   602 W skia    : AGTM parsing failed flags.readFromStream(s) at 159
05-09 20:39:56.150   499   602 W skia    : AGTM parsing failed flags.readFromStream(s) at 159
05-09 20:39:56.150   499   602 W skia    : AGTM parsing failed flags.readFromStream(s) at 159
05-09 20:39:56.150   499   602 W skia    : AGTM parsing failed flags.readFromStream(s) at 159
05-09 20:39:56.150   499   602 W skia    : AGTM parsing failed flags.readFromStream(s) at 159
05-09 20:39:56.151   499   602 W skia    : AGTM parsing failed flags.readFromStream(s) at 159
05-09 20:39:56.151   499   602 W skia    : AGTM parsing failed flags.readFromStream(s) at 159
05-09 20:39:56.213  1076  1076 D BaseActivity: Launcher flags updated: [state_started] -[state_window_focused]
05-09 20:39:56.228  1076  1076 D WorkspaceRevealAnim: onAnimationEnd: workspace alpha = 1.0
05-09 20:39:56.275   663   826 I HalDevMgr: bestIfaceCreationProposal is null, requestIface=STA, existingIface=[name=wlan0 type=STA]
05-09 20:39:56.278  1016  1180 D IpClient/wlan0: interfaceLinkStateChanged: ifindex 16 up
05-09 20:39:56.290  2605  2605 D VRI[InstrumentationActivityInvoker$EmptyActivity]: visibilityChanged oldVisibility=true newVisibility=false
05-09 20:39:56.340   663   684 I ActivityTaskManager: Displayed com.team4.vinilosapp/androidx.activity.ComponentActivity for user 0: +348ms
05-09 20:39:56.344  1016  1180 D IpClient/wlan0: interfaceLinkStateChanged: ifindex 16 up
05-09 20:39:56.347  1076  1135 D PreloadThumbnailUseCase: Preloading thumbnails for task ids: [[id=32 windowingMode=0 user=0 lastActiveTime=16921] null, [id=702 windowingMode=1 user=0 lastActiveTime=17641017] null, [id=703 windowingMode=1 user=0 lastActiveTime=17641471] null]
05-09 20:39:56.352   547  2771 W libbinder.IPCThreadState: Sending oneway calls to frozen process.
05-09 20:39:56.358  1283  1839 I NullBinder: NullBinder for android.net.action.RECOMMEND_NETWORKS triggering remote TransactionTooLargeException due to Service without Chimera impl, calling uid: 1000, calling pid: 0
05-09 20:39:56.358  1283  1839 W libbinder.Binder: Large reply transaction of 1056768 bytes, interface descriptor , function: UNKNOWN_FUNCTION_NAME, code: 1, flags: 17
05-09 20:39:56.471  2605  2605 D WindowOnBackDispatcher: setTopOnBackInvokedCallback (unwrapped): null
05-09 20:39:56.473  2605  2605 D ViewRootImpl: Skipping stats log for color mode
05-09 20:39:56.480  8468  8468 I GoogleInputMethodService: GoogleInputMethodService.onFinishInput():2259
05-09 20:39:56.480  8468  8468 I Module  : DeviceLockedStatusModuleProvider$Module.updateDeviceLockedStatus():103 repeatCheckTimes = 0, locked = false
05-09 20:39:56.480  8468  8468 I GoogleInputMethodService: GoogleInputMethodService.onStartInput():1446 onStartInput(EditorInfo{EditorInfo{packageName=com.team4.vinilosapp, inputType=0, inputTypeString=NULL, enableLearning=false, autoCorrection=false, autoComplete=false, imeOptions=0, privateImeOptions=null, actionName=UNSPECIFIED, actionLabel=null, initialSelStart=-1, initialSelEnd=-1, initialCapsMode=0, label=null, fieldId=0, fieldName=null, extras=null, hintText=null, hintLocales=[]}}, false)
05-09 20:39:56.480  8468  8468 I AndroidIME: LatinIMEBase.updateInputViewCoverNavigation():322 Update input view padding, isNavbarOverInputWindow=true, bottom inset=72
05-09 20:39:56.481   663   787 W InputChannel-JNI: Channel already disposed.
05-09 20:39:56.482  8468  8468 I Module  : DeviceLockedStatusModuleProvider$Module.updateDeviceLockedStatus():103 repeatCheckTimes = 1, locked = false
05-09 20:39:56.566  1076  1076 D RecentTasksList: invalidateLoadedTasks - previous requestLoadId: -1
05-09 20:39:56.567  1076  1076 D RecentTasksList: invalidateLoadedTasks - previous requestLoadId: -1
05-09 20:39:56.603   663   675 I system_server: Background young concurrent mark compact GC freed 22MB AllocSpace bytes, 18(576KB) LOS objects, 34% free, 44MB/67MB, paused 321us,2.106ms total 122.053ms
05-09 20:39:56.652   934  1546 D WallpaperService: onVisibilityChanged(false): com.android.systemui.wallpapers.ImageWallpaper$CanvasEngine@c19c617
05-09 20:39:56.667   499   602 W skia    : AGTM parsing failed flags.readFromStream(s) at 159
05-09 20:39:56.667   499   602 W skia    : AGTM parsing failed flags.readFromStream(s) at 159
05-09 20:39:56.710  1076  1076 D RecentsView: onTaskRemoved: 702, not handling task stack changes
05-09 20:39:56.710  1076  1076 D RecentsView: onTaskRemoved: 702, not handling task stack changes
05-09 20:39:56.710  1076  1076 D RecentTasksList: invalidateLoadedTasks - previous requestLoadId: -1
05-09 20:39:56.710  1076  1076 D VRI[NexusLauncherActivity]: visibilityChanged oldVisibility=true newVisibility=false
05-09 20:39:56.744  1076  1076 D BaseActivity: Launcher flags updated: [] -[state_started]
05-09 20:39:56.744  1076  1076 D BaseDepthController: setSurface:
05-09 20:39:56.744  1076  1076 D BaseDepthController: 	mWaitingOnSurfaceValidity: false
05-09 20:39:56.744  1076  1076 D BaseDepthController: 	mBaseSurface: null
05-09 20:39:56.745  1076  1076 D BaseDepthController: mSurface is null and mCurrentBlur is: 0
05-09 20:39:56.746  1076  1076 D LauncherStateManager: StateManager.goToState: fromState: Normal, toState: Normal, partial trace:
05-09 20:39:56.746  1076  1076 D LauncherStateManager: 	at com.android.launcher3.statemanager.StateManager.moveToRestState(go/retraceme 4b96215a9d9b4c1494121442fbf9d6e89857c91e1d76ddcc689701971259418a:26)
05-09 20:39:56.746  1076  1076 D LauncherStateManager: 	at com.android.launcher3.statemanager.StateManager.moveToRestState(go/retraceme 4b96215a9d9b4c1494121442fbf9d6e89857c91e1d76ddcc689701971259418a:35)
05-09 20:39:56.746  1076  1076 D LauncherStateManager: 	at com.android.launcher3.statemanager.StatefulActivity.onStop(go/retraceme 4b96215a9d9b4c1494121442fbf9d6e89857c91e1d76ddcc689701971259418a:31)
05-09 20:39:56.746  1076  1076 D LauncherStateManager: StateManager.onRepeatStateSetAborted: state: Normal
05-09 20:39:56.746  1076  1076 D KeyboardStateManager: hideKeyboard
05-09 20:39:56.746  1076  1076 D KeyboardStateManager: isImeShown: false
05-09 20:39:56.746  1076  1076 D StatsLog: LAUNCHER_ONSTOP
05-09 20:39:56.746   663   905 I Surface : Creating surface for consumer unnamed-663-374 with slotExpansion=1 for 64 slots
05-09 20:39:56.747   663   905 I Surface : Creating surface for consumer ImageReader-1024x2284f1m1-663-374 with slotExpansion=1 for 64 slots
05-09 20:39:56.747   663   905 W ImageReader_JNI: Unable to acquire a buffer item, very likely client tried to acquire more than maxImages buffers
05-09 20:39:56.752  1076  1076 D StatsLog: LAUNCHER_GOOGLE_SEARCH_RESTORE_LIST_SIZE_AFTER_ACTIVITY_RESTART
05-09 20:39:56.754  1076  1076 D SmartspaceInteractor: notifySmartspaceEvent: SmartspaceTargetEvent{mSmartspaceTarget=null, mSmartspaceActionId='null', mEventType=7}
05-09 20:39:56.754  1076  1076 D SmartspaceInteractor: notifySmartspaceEvent: SmartspaceTargetEvent{mSmartspaceTarget=null, mSmartspaceActionId='null', mEventType=7}
05-09 20:39:56.756  1736  1967 I AiAiEcho: AmbientDataPredictorImpl No tracked ambient data found for ID: null; for event type: 7, skipping event processing.
05-09 20:39:56.756  1736  1967 I AiAiEcho: AmbientDataPredictorImpl No tracked ambient data found for ID: null; for event type: 7, skipping event processing.
05-09 20:39:56.769   499   602 W skia    : AGTM parsing failed flags.readFromStream(s) at 159
05-09 20:39:56.770   499   602 W skia    : AGTM parsing failed flags.readFromStream(s) at 159
05-09 20:39:56.776   663   905 E ConsumerBase: [ImageReader-1024x2284f1m1-663-374] abandonLocked: ConsumerBase is abandoned!
05-09 20:39:56.875   499   602 W skia    : AGTM parsing failed flags.readFromStream(s) at 159
05-09 20:39:56.875   499   602 W skia    : AGTM parsing failed flags.readFromStream(s) at 159
05-09 20:39:56.982   499   602 W skia    : AGTM parsing failed flags.readFromStream(s) at 159
05-09 20:39:56.982   499   602 W skia    : AGTM parsing failed flags.readFromStream(s) at 159
05-09 20:39:57.187   499   602 W skia    : AGTM parsing failed flags.readFromStream(s) at 159
05-09 20:39:57.187   499   602 W skia    : AGTM parsing failed flags.readFromStream(s) at 159
05-09 20:39:57.289   499   602 W skia    : AGTM parsing failed flags.readFromStream(s) at 159
05-09 20:39:57.289   499   602 W skia    : AGTM parsing failed flags.readFromStream(s) at 159
05-09 20:39:57.392   499   602 W skia    : AGTM parsing failed flags.readFromStream(s) at 159
05-09 20:39:57.392   499   602 W skia    : AGTM parsing failed flags.readFromStream(s) at 159
05-09 20:39:57.491   499   602 W skia    : AGTM parsing failed flags.readFromStream(s) at 159
05-09 20:39:57.496   663  1851 W libbinder.Binder: Binder transaction to android.view.IWindowManager, function: UNKNOWN_FUNCTION_NAME, code: 110, took 1170ms. Data bytes: 76 Reply bytes: 4 Flags: 18
05-09 20:39:57.613   499   602 W skia    : AGTM parsing failed flags.readFromStream(s) at 159
05-09 20:39:57.695   663   787 W InputChannel-JNI: Channel already disposed.
05-09 20:39:57.696  8468  8468 I GoogleInputMethodService: GoogleInputMethodService.onFinishInput():2259
05-09 20:39:57.696  8468  8468 I Module  : DeviceLockedStatusModuleProvider$Module.updateDeviceLockedStatus():103 repeatCheckTimes = 0, locked = false
05-09 20:39:57.696  8468  8468 I DeviceIntelligenceExtension: DeviceIntelligenceExtension.getInlineSuggestionsRequest():222 Inline suggestions disabled in stylus mode or vertical PK/Voice toolbar
05-09 20:39:57.696  8468  8468 I GoogleInputMethodService: GoogleInputMethodService.onStartInput():1446 onStartInput(EditorInfo{EditorInfo{packageName=com.team4.vinilosapp, inputType=28001, inputTypeString=Normal[MultiLine|AutoCorrect], enableLearning=true, autoCorrection=true, autoComplete=true, imeOptions=42000000, privateImeOptions=null, actionName=UNSPECIFIED, actionLabel=null, initialSelStart=0, initialSelEnd=0, initialCapsMode=0, label=null, fieldId=-1, fieldName=null, extras=Bundle[mParcelledData.dataSize=404], hintText=null, hintLocales=[]}}, false)
05-09 20:39:57.696  8468  8468 I AndroidIME: LatinIMEBase.updateInputViewCoverNavigation():322 Update input view padding, isNavbarOverInputWindow=true, bottom inset=72
05-09 20:39:57.697  8468  8468 I Module  : DeviceLockedStatusModuleProvider$Module.updateDeviceLockedStatus():103 repeatCheckTimes = 1, locked = false
05-09 20:39:57.697  8468  8468 I GoogleInputMethodService: GoogleInputMethodService.onStartInput():1446 onStartInput(EditorInfo{EditorInfo{packageName=com.team4.vinilosapp, inputType=28001, inputTypeString=Normal[MultiLine|AutoCorrect], enableLearning=true, autoCorrection=true, autoComplete=true, imeOptions=42000000, privateImeOptions=null, actionName=UNSPECIFIED, actionLabel=null, initialSelStart=0, initialSelEnd=0, initialCapsMode=0, label=null, fieldId=-1, fieldName=null, extras=Bundle[mParcelledData.dataSize=404], hintText=null, hintLocales=[]}}, true)
05-09 20:39:57.697  8468  8468 W SessionManager: SessionManager.beginSession():72 Try to begin an already begun session [INPUT_SESSION], end it first
05-09 20:39:57.697  8468  8468 I AndroidIME: LatinIMEBase.updateInputViewCoverNavigation():322 Update input view padding, isNavbarOverInputWindow=true, bottom inset=72
05-09 20:39:57.697   663   787 W InputChannel-JNI: Channel already disposed.
05-09 20:39:57.698  8468  8468 I Module  : DeviceLockedStatusModuleProvider$Module.updateDeviceLockedStatus():103 repeatCheckTimes = 1, locked = false
05-09 20:39:57.703  8468  8468 I StylusModule: StylusModule.onUpdateToolType():774 Update tool type = 2
05-09 20:39:57.703  2573  2573 I AssistStructure: Flattened final assist data: 684 bytes, containing 1 windows, 4 views
05-09 20:39:57.718   499   602 W skia    : AGTM parsing failed flags.readFromStream(s) at 159
05-09 20:39:57.719  8468  8493 I ScribeHandwritingRecognizerWrapper: ScribeHandwritingRecognizerWrapper.setupRecognizer():111 model paths
05-09 20:39:57.719  8468  8493 I ScribeHandwritingRecognizerWrapper: gesture recospec=null
05-09 20:39:57.719  8468  8493 I ScribeHandwritingRecognizerWrapper: gesture lstm=null
05-09 20:39:57.719  8468  8493 I ScribeHandwritingRecognizerWrapper: writing recospec=null
05-09 20:39:57.719  8468  8493 I ScribeHandwritingRecognizerWrapper: confidence model=null
05-09 20:39:57.719  8468  8493 I ScribeHandwritingRecognizerWrapper: writing segmentor=null
05-09 20:39:57.719  8468  8493 I ScribeHandwritingRecognizerWrapper: writinglstm=null
05-09 20:39:57.719  8468  8493 I ScribeHandwritingRecognizerWrapper: writingfst=null
05-09 20:39:57.719  8468  8493 I ScribeHandwritingRecognizerWrapper:
05-09 20:39:57.722  1283  1889 I libbinder.IPCThreadState: oneway function results for code 1 on binder at 0xb4007bc9340414e0 will be dropped but finished with status UNKNOWN_TRANSACTION and reply parcel size 80
05-09 20:39:57.723  1098  1098 V InlineSuggestionRenderService: handleDestroySuggestionViews called for 0:1912166987
05-09 20:39:57.744  2573  2573 W RemoteInputConnectionImpl: requestCursorUpdates on inactive InputConnection
05-09 20:39:57.745  2573  2573 D Autofill Status: Autofill popup isn't shown because autofill is not available.
05-09 20:39:57.745  2573  2573 D Autofill Status:
05-09 20:39:57.745  2573  2573 D Autofill Status: Did you set up autofill?
05-09 20:39:57.745  2573  2573 D Autofill Status: 1. Go to Settings > System > Languages&input > Advanced > Autofill Service
05-09 20:39:57.745  2573  2573 D Autofill Status: 2. Pick a service
05-09 20:39:57.745  2573  2573 D Autofill Status:
05-09 20:39:57.745  2573  2573 D Autofill Status: Did you add an account?
05-09 20:39:57.745  2573  2573 D Autofill Status: 1. Go to Settings > System > Languages&input > Advanced
05-09 20:39:57.745  2573  2573 D Autofill Status: 2. Click on the settings icon next to the Autofill Service
05-09 20:39:57.745  2573  2573 D Autofill Status: 3. Add your account
05-09 20:39:57.747  8468  8468 I GoogleInputMethodService: GoogleInputMethodService.onStartInputView():1532 onStartInputView(EditorInfo{EditorInfo{packageName=com.team4.vinilosapp, inputType=28001, inputTypeString=Normal[MultiLine|AutoCorrect], enableLearning=true, autoCorrection=true, autoComplete=true, imeOptions=42000000, privateImeOptions=null, actionName=UNSPECIFIED, actionLabel=null, initialSelStart=0, initialSelEnd=0, initialCapsMode=0, label=null, fieldId=-1, fieldName=null, extras=Bundle[{android.support.text.emoji.emojiCompat_metadataVersion=11, androidx.core.view.inputmethod.EditorInfoCompat.STYLUS_HANDWRITING_ENABLED=true, android.support.text.emoji.emojiCompat_replaceAll=false}], hintText=null, hintLocales=[]}}, false)
05-09 20:39:57.748  8468  8493 I ScribeHandwritingRecognizerWrapper: ScribeHandwritingRecognizerWrapper.setupRecognizer():111 model paths
05-09 20:39:57.748  8468  8493 I ScribeHandwritingRecognizerWrapper: gesture recospec=null
05-09 20:39:57.748  8468  8493 I ScribeHandwritingRecognizerWrapper: gesture lstm=null
05-09 20:39:57.748  8468  8493 I ScribeHandwritingRecognizerWrapper: writing recospec=null
05-09 20:39:57.748  8468  8493 I ScribeHandwritingRecognizerWrapper: confidence model=null
05-09 20:39:57.748  8468  8493 I ScribeHandwritingRecognizerWrapper: writing segmentor=null
05-09 20:39:57.748  8468  8493 I ScribeHandwritingRecognizerWrapper: writinglstm=null
05-09 20:39:57.748  8468  8493 I ScribeHandwritingRecognizerWrapper: writingfst=null
05-09 20:39:57.748  8468  8493 I ScribeHandwritingRecognizerWrapper:
05-09 20:39:57.749  8468  8494 W ModuleManager: ModuleManager.loadModule():634 Module pyg is not available
05-09 20:39:57.749  8468  8468 I KeyboardHeightUtil: KeyboardHeightUtil.getOemKeyboardHeightRatio():81 systemKeyboardHeightRatio:1.000000.
05-09 20:39:57.752  8468  8468 I AndroidIME: InputBundleManager.startInput():357 startInput2 restarting=false
05-09 20:39:57.752  8468  8468 I AndroidIME: InputBundleManager.loadActiveInputBundleId():542 loadActiveInputBundleId: en-US, ime_english_united_states
05-09 20:39:57.752  8468  8468 I InputBundle: InputBundle.activateIme():597 activateIme: INACTIVE, keyboardType=accessory
05-09 20:39:57.752  8468  8468 I AndroidIME: AbstractIme.onActivate():95 LatinIme.onActivate() : EditorInfo = EditorInfo{packageName=com.team4.vinilosapp, inputType=28001, inputTypeString=Normal[MultiLine|AutoCorrect], enableLearning=true, autoCorrection=true, autoComplete=true, imeOptions=42000000, privateImeOptions=null, actionName=UNSPECIFIED, actionLabel=null, initialSelStart=0, initialSelEnd=0, initialCapsMode=0, label=null, fieldId=-1, fieldName=null, extras=Bundle[{android.support.text.emoji.emojiCompat_metadataVersion=11, androidx.core.view.inputmethod.EditorInfoCompat.STYLUS_HANDWRITING_ENABLED=true, android.support.text.emoji.emojiCompat_replaceAll=false}], hintText=null, hintLocales=[]}, IncognitoMode = false, DeviceLocked = false
05-09 20:39:57.752  8468  8468 I InputBundle: InputBundle.consumeEvent():1051 Skip consuming an event as keyboard status is INACTIVE
05-09 20:39:57.752  8468  8494 I NebulaeTrainingCacheMetricsProcessor: NebulaeTrainingCacheMetricsProcessor.processBeginSession():252 Begin training cache session: com.team4.vinilosapp_-1/
05-09 20:39:57.753  8468  8468 I Delight5Facilitator: Delight5Facilitator.initializeForIme():745 initializeForIme() : Locale = [en_US], layout = qwerty
05-09 20:39:57.753  8468  8468 I LatinIme: LatinIme.updateEnableInlineSuggestionsOnDecoderSideFlags():1277 inline flag updated to:false
05-09 20:39:57.753  8468  8468 I LatinIme: LatinIme.updateEnableInlineSuggestionsOnDecoderSideFlags():1277 inline flag updated to:false
05-09 20:39:57.754  8468  8468 I InputBundle: InputBundle.consumeEvent():1051 Skip consuming an event as keyboard status is INACTIVE
05-09 20:39:57.754  8468  8468 I LatinIme: LatinIme.resetInputContext():2284 resetInputContext(): reason=1, externalEditsInfo=ExternalEditsInfo{action=0, offset=-1, text=null, originalText=null, edits=null}
05-09 20:39:57.754  8468  8468 I InputBundle: InputBundle.consumeEvent():1051 Skip consuming an event as keyboard status is INACTIVE
05-09 20:39:57.755  8468  8468 I InputBundle: InputBundle.activateKeyboard():652 activateKeyboard: ACTIVE, type=ocu[keyboardType=accessory, payload=null]
05-09 20:39:57.755  8468  8468 I KeyboardWrapper: KeyboardWrapper.activateKeyboard():592 activateKeyboard(): type=accessory, status=INACTIVE, imeDef=obp{stringId=ime_english_united_states, language=en-US, languageTag=en-US, processedConditions={writing_helper_enable_by_word_revert=false, true=true, enable_number_row=false, device=phone, enable_pk_simulator=false}, className=com.google.android.apps.inputmethod.libs.latin5.LatinIme, label=0, keyEventInterpreter=null, inlineComposing=true, autoCapital=true, announceAutoSelectedCandidate=true, statusIcon=0, indicatorIcon=0, indicatorLabel=US, displayAppCompletions=true, extraValues=obi{#0x7f0b02e5=TypedValue{t=0x3/d=0x0 "com.google.android.apps.inputmethod.libs.latin5.LatinIme"}}, processors=odh@e67bcdb, unacceptableMetaKeys=4098, languageSpecificSettings=0, asciiCapable=true, alwaysShowSuggestions=false, useAsciiPasswordKeyboard=false, keyboardGroupDef=ocq@cb47bbd, phenotypeFlagId=0, localizationLanguageTag=null, supportsInlineSuggestion=true}
05-09 20:39:57.755  8468  8468 I KeyboardManager: KeyboardManager.requestKeyboard():249 Creating keyboard accessory, imeId=ime_english_united_states, cacheKey=theme,!gsf,!pgsans,!pgsf,!use_system_font,BORDER,FLAVOR_DPI=XXHDPI,IS_LIGHT,KEYBOARD_WIDTH_CATEGORY=NORMAL,KEY_BORDER_SHAPE=1,LIGHT_THEME=true,PHYSICAL_DIAGONAL=6.225089,POPUP,SCREEN_SHORTEST_WIDTH=427,SCREEN_SHORTEST_WIDTH_NO_SCALE=427,SW400DP,XXHDPI,bottom4dp,enable_popup_on_keypress=true,keyboard_redesign_google_sans=true,non_linear_scale,noshadow,overlay_builtin_dynamic_color_light_base.binarypb:gm3-light-fffaf8fe-ff4c5e8b-4fb1adea13304a190d4abf12326cf60c,silkpopup
05-09 20:39:57.755  8468  8468 I KeyboardWrapper: KeyboardWrapper.onKeyboardReady():226 onKeyboardReady(): type=accessory(accessory), kb=com.google.android.libraries.inputmethod.keyboard.impl.Keyboard@28401c2
05-09 20:39:57.755  8468  8468 I KeyboardWrapper: KeyboardWrapper.doActivateKeyboard():624 doActivateKeyboard(): accessory
05-09 20:39:57.755  8468  8468 W Keyboard: Keyboard.getKeyboardViewHelper():607 null helper is returned: keyboardDef=oci{processedConditions={}, globalConditions={}, className=com.google.android.libraries.inputmethod.keyboard.impl.Keyboard, resourceIds=[#0x7f17004e], initialStates=0, keyboardViewDefs=[], persistentStates=0, persistentStatesPrefKey=null, popupBubbleLayoutId=#0x0, recentKeyLayoutId=#0x0, recentKeyPopupLayoutId=#0x0, recentKeyType=null, rememberRecentKey=NONE, sessionStates=0}, type=HEADER, helpersCreated={}, context.getResources().getConfiguration(): {1.0 310mcc260mnc [en_US] ldltr sw427dp w427dp h952dp 480dpi nrml long compactNeeded port finger qwerty/v/v dpad/v winConfig={ mBounds=Rect(0, 0 - 1280, 2856) mAppBounds=Rect(0, 0 - 1280, 2856) mMaxBounds=Rect(0, 0 - 1280, 2856) mDisplayRotation=ROTATION_0 mWindowingMode=fullscreen mActivityType=undefined mAlwaysOnTop=undefined mRotation=ROTATION_0} as.3 s.52 fontWeightAdjustment=0}
05-09 20:39:57.755  8468  8468 W Keyboard: Keyboard.getKeyboardViewHelper():607 null helper is returned: keyboardDef=oci{processedConditions={}, globalConditions={}, className=com.google.android.libraries.inputmethod.keyboard.impl.Keyboard, resourceIds=[#0x7f17004e], initialStates=0, keyboardViewDefs=[], persistentStates=0, persistentStatesPrefKey=null, popupBubbleLayoutId=#0x0, recentKeyLayoutId=#0x0, recentKeyPopupLayoutId=#0x0, recentKeyType=null, rememberRecentKey=NONE, sessionStates=0}, type=BODY, helpersCreated={}, context.getResources().getConfiguration(): {1.0 310mcc260mnc [en_US] ldltr sw427dp w427dp h952dp 480dpi nrml long compactNeeded port finger qwerty/v/v dpad/v winConfig={ mBounds=Rect(0, 0 - 1280, 2856) mAppBounds=Rect(0, 0 - 1280, 2856) mMaxBounds=Rect(0, 0 - 1280, 2856) mDisplayRotation=ROTATION_0 mWindowingMode=fullscreen mActivityType=undefined mAlwaysOnTop=undefined mRotation=ROTATION_0} as.3 s.52 fontWeightAdjustment=0}
05-09 20:39:57.755  8468  8468 I GlobeKeyExtension: GlobeKeyExtension.getKeyboardInitialStates():186
05-09 20:39:57.756  8468  8468 W Keyboard: Keyboard.getKeyboardViewHelper():607 null helper is returned: keyboardDef=oci{processedConditions={}, globalConditions={}, className=com.google.android.libraries.inputmethod.keyboard.impl.Keyboard, resourceIds=[#0x7f17004e], initialStates=0, keyboardViewDefs=[], persistentStates=0, persistentStatesPrefKey=null, popupBubbleLayoutId=#0x0, recentKeyLayoutId=#0x0, recentKeyPopupLayoutId=#0x0, recentKeyType=null, rememberRecentKey=NONE, sessionStates=0}, type=HEADER, helpersCreated={}, context.getResources().getConfiguration(): {1.0 310mcc260mnc [en_US] ldltr sw427dp w427dp h952dp 480dpi nrml long compactNeeded port finger qwerty/v/v dpad/v winConfig={ mBounds=Rect(0, 0 - 1280, 2856) mAppBounds=Rect(0, 0 - 1280, 2856) mMaxBounds=Rect(0, 0 - 1280, 2856) mDisplayRotation=ROTATION_0 mWindowingMode=fullscreen mActivityType=undefined mAlwaysOnTop=undefined mRotation=ROTATION_0} as.3 s.52 fontWeightAdjustment=0}
05-09 20:39:57.756  8468  8468 W Keyboard: Keyboard.getKeyboardViewHelper():607 null helper is returned: keyboardDef=oci{processedConditions={}, globalConditions={}, className=com.google.android.libraries.inputmethod.keyboard.impl.Keyboard, resourceIds=[#0x7f17004e], initialStates=0, keyboardViewDefs=[], persistentStates=0, persistentStatesPrefKey=null, popupBubbleLayoutId=#0x0, recentKeyLayoutId=#0x0, recentKeyPopupLayoutId=#0x0, recentKeyType=null, rememberRecentKey=NONE, sessionStates=0}, type=BODY, helpersCreated={}, context.getResources().getConfiguration(): {1.0 310mcc260mnc [en_US] ldltr sw427dp w427dp h952dp 480dpi nrml long compactNeeded port finger qwerty/v/v dpad/v winConfig={ mBounds=Rect(0, 0 - 1280, 2856) mAppBounds=Rect(0, 0 - 1280, 2856) mMaxBounds=Rect(0, 0 - 1280, 2856) mDisplayRotation=ROTATION_0 mWindowingMode=fullscreen mActivityType=undefined mAlwaysOnTop=undefined mRotation=ROTATION_0} as.3 s.52 fontWeightAdjustment=0}
05-09 20:39:57.756  8468  8468 W Keyboard: Keyboard.getKeyboardViewHelper():607 null helper is returned: keyboardDef=oci{processedConditions={}, globalConditions={}, className=com.google.android.libraries.inputmethod.keyboard.impl.Keyboard, resourceIds=[#0x7f17004e], initialStates=0, keyboardViewDefs=[], persistentStates=0, persistentStatesPrefKey=null, popupBubbleLayoutId=#0x0, recentKeyLayoutId=#0x0, recentKeyPopupLayoutId=#0x0, recentKeyType=null, rememberRecentKey=NONE, sessionStates=0}, type=FLOATING_CANDIDATES, helpersCreated={}, context.getResources().getConfiguration(): {1.0 310mcc260mnc [en_US] ldltr sw427dp w427dp h952dp 480dpi nrml long compactNeeded port finger qwerty/v/v dpad/v winConfig={ mBounds=Rect(0, 0 - 1280, 2856) mAppBounds=Rect(0, 0 - 1280, 2856) mMaxBounds=Rect(0, 0 - 1280, 2856) mDisplayRotation=ROTATION_0 mWindowingMode=fullscreen mActivityType=undefined mAlwaysOnTop=undefined mRotation=ROTATION_0} as.3 s.52 fontWeightAdjustment=0}
05-09 20:39:57.756  8468  8468 W Keyboard: Keyboard.getKeyboardViewHelper():607 null helper is returned: keyboardDef=oci{processedConditions={}, globalConditions={}, className=com.google.android.libraries.inputmethod.keyboard.impl.Keyboard, resourceIds=[#0x7f17004e], initialStates=0, keyboardViewDefs=[], persistentStates=0, persistentStatesPrefKey=null, popupBubbleLayoutId=#0x0, recentKeyLayoutId=#0x0, recentKeyPopupLayoutId=#0x0, recentKeyType=null, rememberRecentKey=NONE, sessionStates=0}, type=WIDGET, helpersCreated={}, context.getResources().getConfiguration(): {1.0 310mcc260mnc [en_US] ldltr sw427dp w427dp h952dp 480dpi nrml long compactNeeded port finger qwerty/v/v dpad/v winConfig={ mBounds=Rect(0, 0 - 1280, 2856) mAppBounds=Rect(0, 0 - 1280, 2856) mMaxBounds=Rect(0, 0 - 1280, 2856) mDisplayRotation=ROTATION_0 mWindowingMode=fullscreen mActivityType=undefined mAlwaysOnTop=undefined mRotation=ROTATION_0} as.3 s.52 fontWeightAdjustment=0}
05-09 20:39:57.756  8468  8468 I KeyboardManager: KeyboardManager.requestKeyboard():249 Creating keyboard accessory_candidates_consumer, imeId=ime_english_united_states, cacheKey=theme,!gsf,!pgsans,!pgsf,!use_system_font,BORDER,FLAVOR_DPI=XXHDPI,IS_LIGHT,KEYBOARD_WIDTH_CATEGORY=NORMAL,KEY_BORDER_SHAPE=1,LIGHT_THEME=true,PHYSICAL_DIAGONAL=6.225089,POPUP,SCREEN_SHORTEST_WIDTH=427,SCREEN_SHORTEST_WIDTH_NO_SCALE=427,SW400DP,XXHDPI,bottom4dp,enable_popup_on_keypress=true,keyboard_redesign_google_sans=true,non_linear_scale,noshadow,overlay_builtin_dynamic_color_light_base.binarypb:gm3-light-fffaf8fe-ff4c5e8b-4fb1adea13304a190d4abf12326cf60c,silkpopup
05-09 20:39:57.756  8468  8468 I KeyboardDefManager: KeyboardDefManager.requestKeyboardDef():181 requestKeyboardDef(): type=accessory_candidates_consumer, info=ocn{defIds=[#0x7f17004d], defIdsCacheKey=[2132213837]}
05-09 20:39:57.756  8468  8468 I KeyboardDefManager: KeyboardDefManager.requestKeyboardDef():243 requestKeyboardDef(): getOrCreate from cache, info=ocn{defIds=[#0x7f17004d], defIdsCacheKey=[2132213837]}
05-09 20:39:57.756  8468  8468 I KeyboardDefManager: KeyboardDefManager$1.onSuccess():277 requestKeyboardDef onSuccess(): info=ocn{defIds=[#0x7f17004d], defIdsCacheKey=[2132213837]}
05-09 20:39:57.757  8468  8468 I GlobeKeyExtension: GlobeKeyExtension.getKeyboardInitialStates():186
05-09 20:39:57.757  8468  8468 W Keyboard: Keyboard.getKeyboardViewHelper():607 null helper is returned: keyboardDef=oci{processedConditions={}, globalConditions={global_theme_key=theme,!gsf,!pgsans,!pgsf,!use_system_font,BORDER,FLAVOR_DPI=XXHDPI,IS_LIGHT,KEYBOARD_WIDTH_CATEGORY=NORMAL,KEY_BORDER_SHAPE=1,LIGHT_THEME=true,PHYSICAL_DIAGONAL=6.225089,POPUP,SCREEN_SHORTEST_WIDTH=427,SCREEN_SHORTEST_WIDTH_NO_SCALE=427,SW400DP,XXHDPI,bottom4dp,enable_popup_on_keypress=true,keyboard_redesign_google_sans=true,non_linear_scale,noshadow,overlay_builtin_dynamic_color_light_base.binarypb:gm3-light-fffaf8fe-ff4c5e8b-4fb1adea13304a190d4abf12326cf60c,silkpopup, global_locale=en_US, global_density_dpi=480, global_orientation=1}, className=.latin.keyboard.AccessoryKeyboard, resourceIds=[#0x7f17004d], initialStates=0, keyboardViewDefs=[ocy{direction=null, id=#0x7f0b0229, isScalable=false, layoutId=#0x7f0e0030, type=FLOATING_CANDIDATES, touchable=true, defaultShow=false}], persistentStates=0, persistentStatesPrefKey=null, popupBubbleLayoutId=#0x7f0e0611, recentKeyLayoutId=#0x0, recentKeyPopupLayoutId=#0x0, recentKeyType=null, rememberRecentKey=NONE, sessionStates=0}, type=HEADER, helpersCreated={FLOATING_CANDIDATES=nnb@79f9b62}, context.getResources().getConfiguration(): {1.0 310mcc260mnc [en_US] ldltr sw427dp w427dp h952dp 480dpi nrml long compactNeeded port finger qwerty/v/v dpad/v winConfig={ mBounds=Rect(0, 0 - 1280, 2856) mAppBounds=Rect(0, 0 - 1280, 2856) mMaxBounds=Rect(0, 0 - 1280, 2856) mDisplayRotation=ROTATION_0 mWindowingMode=fullscreen mActivityType=undefined mAlwaysOnTop=undefined mRotation=ROTATION_0} as.3 s.52 fontWeightAdjustment=0}
05-09 20:39:57.757  8468  8468 W Keyboard: Keyboard.getKeyboardViewHelper():607 null helper is returned: keyboardDef=oci{processedConditions={}, globalConditions={global_theme_key=theme,!gsf,!pgsans,!pgsf,!use_system_font,BORDER,FLAVOR_DPI=XXHDPI,IS_LIGHT,KEYBOARD_WIDTH_CATEGORY=NORMAL,KEY_BORDER_SHAPE=1,LIGHT_THEME=true,PHYSICAL_DIAGONAL=6.225089,POPUP,SCREEN_SHORTEST_WIDTH=427,SCREEN_SHORTEST_WIDTH_NO_SCALE=427,SW400DP,XXHDPI,bottom4dp,enable_popup_on_keypress=true,keyboard_redesign_google_sans=true,non_linear_scale,noshadow,overlay_builtin_dynamic_color_light_base.binarypb:gm3-light-fffaf8fe-ff4c5e8b-4fb1adea13304a190d4abf12326cf60c,silkpopup, global_locale=en_US, global_density_dpi=480, global_orientation=1}, className=.latin.keyboard.AccessoryKeyboard, resourceIds=[#0x7f17004d], initialStates=0, keyboardViewDefs=[ocy{direction=null, id=#0x7f0b0229, isScalable=false, layoutId=#0x7f0e0030, type=FLOATING_CANDIDATES, touchable=true, defaultShow=false}], persistentStates=0, persistentStatesPrefKey=null, popupBubbleLayoutId=#0x7f0e0611, recentKeyLayoutId=#0x0, recentKeyPopupLayoutId=#0x0, recentKeyType=null, rememberRecentKey=NONE, sessionStates=0}, type=BODY, helpersCreated={FLOATING_CANDIDATES=nnb@79f9b62}, context.getResources().getConfiguration(): {1.0 310mcc260mnc [en_US] ldltr sw427dp w427dp h952dp 480dpi nrml long compactNeeded port finger qwerty/v/v dpad/v winConfig={ mBounds=Rect(0, 0 - 1280, 2856) mAppBounds=Rect(0, 0 - 1280, 2856) mMaxBounds=Rect(0, 0 - 1280, 2856) mDisplayRotation=ROTATION_0 mWindowingMode=fullscreen mActivityType=undefined mAlwaysOnTop=undefined mRotation=ROTATION_0} as.3 s.52 fontWeightAdjustment=0}
05-09 20:39:57.758  8468  8504 I Delight5Decoder: Delight5DecoderWrapper.setKeyboardLayout():551 setKeyboardLayout()
05-09 20:39:57.758  8468  8468 I AndroidIME: InputBundleManager.startInput():372 startInput() with ocu[keyboardType=accessory, payload=null]
05-09 20:39:57.759  8468  8468 I PkModeUpdater: PkModeUpdater.onActivate():76 onActivate false true
05-09 20:39:57.759  8468  8468 I AccessoryInputModeManager: AccessoryInputModeManager.onModeStarted():346 Accessory input mode started: STYLUS
05-09 20:39:57.759  8468  8468 W ExtensionWrapper: ExtensionWrapper.setAllowUpdateNavigationBarStyle():887 class kwe is not activate
05-09 20:39:57.759  8468  8468 I WidgetViewShowingController: WidgetViewShowingController.showWidgetKeyboardInternal():532 Show companion widget
05-09 20:39:57.759  8468  8468 W StatusViewController: StatusViewController.updateKeyboardView():46 Failed to inflate voice header view [UD]
05-09 20:39:57.760  8468  8468 W ExtensionWrapper: ExtensionWrapper.setAllowUpdateNavigationBarStyle():887 class kwe is not activate
05-09 20:39:57.761  8468  8468 I WidgetViewShowingPositionHandler: WidgetViewShowingPositionHandler.updateAvailableArea():199 update available area Rect(24, 180 - 1256, 2778)
05-09 20:39:57.761  8468  8468 W SupplementaryKeyboardsWrapper: SupplementaryKeyboardsWrapper.deactivateKeyboard():162 keyboard composing_text_consumer is not activated before!
05-09 20:39:57.761  8468  8468 I GlobeKeyExtension: GlobeKeyExtension.onActivate():130
05-09 20:39:57.761  8468  8468 I BaseKeyboardSizeHelper: BaseKeyboardSizeHelper.calculateMaxKeyboardBodyHeight():73 leave 321 height for app when ime window height:2628, header height:132 and isFullscreenMode:false, so the max keyboard body height is:2175
05-09 20:39:57.761  8468  8468 I BaseKeyboardSizeHelper: BaseKeyboardSizeHelper.calculateMaxKeyboardBodyHeight():73 leave 321 height for app when ime window height:2628, header height:132 and isFullscreenMode:false, so the max keyboard body height is:2175
05-09 20:39:57.761  8468  8468 W ExtensionWrapper: ExtensionWrapper.setExtensionViewVisibility():878 interface nqy is not activate
05-09 20:39:57.762  8468  8468 I VoiceInputManagerWrapper: VoiceInputManagerWrapper.cancelShutdown():109 cancelShutdown()
05-09 20:39:57.762  8468  8468 I VoiceInputManagerWrapper: VoiceInputManagerWrapper.syncLanguagePacks():121 syncLanguagePacks()
05-09 20:39:57.762  8468  8468 I VoiceInputManager: VoiceInputManager.onKeyboardActivated():1204 onKeyboardActivated() [UD]
05-09 20:39:57.762  8468  8468 I UniversalDictationUiProvider: UniversalDictationUiProvider.onActivate():63 onActivate() [UD]
05-09 20:39:57.762  8468  8468 I HardKeyTracker: HardKeyTracker.unregisterKeySequence():259 Unregister key sequence pbd{labelResId=2132020490, callback=fdy@5e79fe0, lastModifier=2, keyCodes=[56], actions=[0]}
05-09 20:39:57.762  8468  8468 I HardKeyTracker: HardKeyTracker.unregisterKeySequence():259 Unregister key sequence pbd{labelResId=2132020490, callback=fdy@d958299, lastModifier=0, keyCodes=[317], actions=[0]}
05-09 20:39:57.762  8468  8468 I HardKeyTracker: HardKeyTracker.registerKeySequence():201 Register key sequence pbd{labelResId=2132020490, callback=fdy@c0ac4f7, lastModifier=2, keyCodes=[56], actions=[0]}
05-09 20:39:57.762  8468  8468 I HardKeyTracker: HardKeyTracker.registerKeySequence():201 Register key sequence pbd{labelResId=2132020490, callback=fdy@6a34f64, lastModifier=0, keyCodes=[317], actions=[0]}
05-09 20:39:57.762  8468  8468 W AccessPointsManager: AccessPointsManager.addAccessPoint():1097 The holder controller #0x7f0b248b is not registered
05-09 20:39:57.762  8468 10614 I SpeechFactory: SpeechRecognitionFactory.maybeScheduleAutoPackDownloadForFallback():221 maybeScheduleAutoPackDownloadForFallback()
05-09 20:39:57.762  8468 10614 I FallbackOnDeviceRecognitionProvider: FallbackOnDeviceRecognitionProvider.maybeScheduleAutoPackDownload():213 maybeScheduleAutoPackDownload() for language tag en-US
05-09 20:39:57.769  8468  8468 W AutoPasteSuggestionHelper: AutoPasteSuggestionHelper.setMaxWidthOfChipTextView():1079 Failed to get the width of the proactive suggestion view holder in HEADER.
05-09 20:39:57.772  8468  8468 W AutoPasteSuggestionHelper: AutoPasteSuggestionHelper.setMaxWidthOfChipTextView():1079 Failed to get the width of the proactive suggestion view holder in HEADER.
05-09 20:39:57.773  8468  8468 W AutoPasteSuggestionHelper: AutoPasteSuggestionHelper.setMaxWidthOfChipTextView():1079 Failed to get the width of the proactive suggestion view holder in WIDGET.
05-09 20:39:57.773  8468  8468 I ProactiveSuggestionsHolderManager: ProactiveSuggestionsHolderManager$displaySuggestionsListener$1.display():238 Requesting to show proactive suggestions: CLIPBOARD PREEMPTIVE_WITH_SUPPRESSION in HEADER
05-09 20:39:57.773  8468  8468 I ProactiveSuggestionsHolderManager: ProactiveSuggestionsHolderManager$displaySuggestionsListener$1.display():259 suggestions CLIPBOARD are pending to show on HEADER
05-09 20:39:57.773  8468  8468 I ProactiveSuggestionsHolderManager: ProactiveSuggestionsHolderManager$displaySuggestionsListener$1.display():238 Requesting to show proactive suggestions: CLIPBOARD PREEMPTIVE_WITH_SUPPRESSION in FLOATING_CANDIDATES
05-09 20:39:57.774  8468  8468 I ProactiveSuggestionsHolderManager: ProactiveSuggestionsHolderManager$displaySuggestionsListener$1.display():238 Requesting to show proactive suggestions: CLIPBOARD PREEMPTIVE_WITH_SUPPRESSION in WIDGET
05-09 20:39:57.774  8468  8468 I ProactiveSuggestionsHolderManager: ProactiveSuggestionsHolderManager$displaySuggestionsListener$1.display():259 suggestions CLIPBOARD are pending to show on WIDGET
05-09 20:39:57.774  8468  8468 I ProactiveSuggestionsHolderManager: ProactiveSuggestionsHolderManager$displaySuggestionsListener$1.display():238 Requesting to show proactive suggestions: CLIPBOARD PREEMPTIVE_WITH_SUPPRESSION in HEADER
05-09 20:39:57.774  8468  8468 I ProactiveSuggestionsHolderManager: ProactiveSuggestionsHolderManager$displaySuggestionsListener$1.display():259 suggestions CLIPBOARD are pending to show on HEADER
05-09 20:39:57.774  8468  8468 I ProactiveSuggestionsHolderManager: ProactiveSuggestionsHolderManager$displaySuggestionsListener$1.display():238 Requesting to show proactive suggestions: CLIPBOARD PREEMPTIVE_WITH_SUPPRESSION in FLOATING_CANDIDATES
05-09 20:39:57.774  8468  8468 I ProactiveSuggestionsHolderManager: ProactiveSuggestionsHolderManager$displaySuggestionsListener$1.display():238 Requesting to show proactive suggestions: CLIPBOARD PREEMPTIVE_WITH_SUPPRESSION in WIDGET
05-09 20:39:57.774  8468  8468 I ProactiveSuggestionsHolderManager: ProactiveSuggestionsHolderManager$displaySuggestionsListener$1.display():259 suggestions CLIPBOARD are pending to show on WIDGET
05-09 20:39:57.775  8468  8468 I Module  : DeviceLockedStatusModuleProvider$Module.updateDeviceLockedStatus():103 repeatCheckTimes = 1, locked = false
05-09 20:39:57.775  8468  8468 I NoticeManager: NoticeManager.post():160 Posting notice [import_user_contacts] to default priority queue
05-09 20:39:57.775  8468  8468 I HardKeyTracker: HardKeyTracker.unregisterKeySequence():259 Unregister key sequence pbd{labelResId=2132020490, callback=fdy@6b2af55, lastModifier=2, keyCodes=[56], actions=[0]}
05-09 20:39:57.775  8468  8468 I HardKeyTracker: HardKeyTracker.unregisterKeySequence():259 Unregister key sequence pbd{labelResId=2132020490, callback=fdy@c3ebd6a, lastModifier=0, keyCodes=[317], actions=[0]}
05-09 20:39:57.775  8468  8468 I HardKeyTracker: HardKeyTracker.registerKeySequence():201 Register key sequence pbd{labelResId=2132020490, callback=fdy@b56a430, lastModifier=2, keyCodes=[56], actions=[0]}
05-09 20:39:57.775  8468  8468 I HardKeyTracker: HardKeyTracker.registerKeySequence():201 Register key sequence pbd{labelResId=2132020490, callback=fdy@70ab8a9, lastModifier=0, keyCodes=[317], actions=[0]}
05-09 20:39:57.775  8468  8468 I VoiceImeExtension: VoiceImeExtension.shouldStartVoiceInputAutomaticallyInCurrentInputBox():384 No private IME option set to start voice input.
05-09 20:39:57.775  8468   994 I SystemHapticSettings: SystemHapticSettings.updateSystemVibrationState():63 update vibration state: true
05-09 20:39:57.775  8468  8468 D ImeBackCallbackSender: Register OnBackInvokedCallback with priority=-1 at app window (packageName=com.team4.vinilosapp)
05-09 20:39:57.777  8468  8468 I Surface : Creating surface for consumer unnamed-8468-78 with slotExpansion=1 for 64 slots
05-09 20:39:57.777  8468  8468 I Surface : Creating surface for consumer VRI[InputMethod]#78(BLAST Consumer)78 with slotExpansion=1 for 64 slots
05-09 20:39:57.778  8468  8476 W SP      : File ref is being finalized but wasn't closed, file: pack_mapping_v1_lstm_20260206[503]
05-09 20:39:57.778  2573  2573 D WindowOnBackDispatcher: setTopOnBackInvokedCallback (unwrapped): android.view.ImeBackAnimationController@785fa47
05-09 20:39:57.779  8468  8476 W SP      : File ref is being finalized but wasn't closed, file: pack_mapping_v1_lstm_20260206[503]
05-09 20:39:57.779  8468  8476 W SP      : File ref is being finalized but wasn't closed, file: pack_mapping_v1_lstm_20260206[503]
05-09 20:39:57.779  8468  8476 W SP      : File ref is being finalized but wasn't closed, file: pack_mapping_v1_lstm_20260206[503]
05-09 20:39:57.780  8468  8476 W SP      : File ref is being finalized but wasn't closed, file: pack_mapping_v1_lstm_20260206[503]
05-09 20:39:57.780  8468  8476 W SP      : File ref is being finalized but wasn't closed, file: pack_mapping_v1_lstm_20260206[503]
05-09 20:39:57.820   499   602 W skia    : AGTM parsing failed flags.readFromStream(s) at 159
05-09 20:39:57.833  8468  8468 I GoogleInputMethodService: GoogleInputMethodService$1.onKeyboardViewShown():344 onKeyboardViewShown: keyboardType=accessory, keyboardViewType=HEADER keyboardView=null
