05-09 20:39:25.026  2573  2587 I TestRunner: started: fillAddTrackForm_andSubmit(com.team4.vinilosapp.ui.AddTrackAlbumScreenTest)
05-09 20:39:25.045  2573  2587 D IdlingRegistry: Registering idling resources: [androidx.compose.ui.test.EspressoLink@8c2ed2]
05-09 20:39:25.053  2573  2587 W Settings: Setting always_finish_activities has moved from android.provider.Settings.System to android.provider.Settings.Global, returning read-only value.
05-09 20:39:25.056   663   680 V GrammaticalInflectionUtils: AttributionSource: android.content.AttributionSource@5796ad7f does not have READ_SYSTEM_GRAMMATICAL_GENDER permission.
05-09 20:39:25.061   934  1009 W DisconnectHandler: No disconnect change found in the transition, not handling request.
05-09 20:39:25.094  1076  1076 D RecentsView: onTaskRemoved: 682, not handling task stack changes
05-09 20:39:25.095  1076  1076 D RecentsView: onTaskRemoved: 682, not handling task stack changes
05-09 20:39:25.096  1076  1076 D RecentTasksList: invalidateLoadedTasks - previous requestLoadId: -1
05-09 20:39:25.165  1076  1076 D RecentTasksList: invalidateLoadedTasks - previous requestLoadId: -1
05-09 20:39:25.166   499   602 W skia    : AGTM parsing failed flags.readFromStream(s) at 159
05-09 20:39:25.166   499   602 W skia    : AGTM parsing failed flags.readFromStream(s) at 159
05-09 20:39:25.166  1076  1076 D RecentsView: onTaskRemoved: 681, not handling task stack changes
05-09 20:39:25.166  1076  1076 D RecentsView: onTaskRemoved: 681, not handling task stack changes
05-09 20:39:25.166  1076  1076 D RecentsView: onTaskDisplayChanged: 683, new displayId = 0
05-09 20:39:25.166  1076  1076 D BaseActivity: Launcher flags updated: [state_started|state_resumed|state_deferred_resumed|state_window_focused|state_user_active] -[]
05-09 20:39:25.177  1076  1076 D BaseActivity: Launcher flags updated: [state_started|state_resumed|state_deferred_resumed|state_window_focused] -[state_user_active]
05-09 20:39:25.177  1076  1076 D BaseActivity: Launcher flags updated: [state_started|state_window_focused] -[state_resumed|state_deferred_resumed]
05-09 20:39:25.177  1076  1076 W SplitSelectStateCtor: Missing session instanceIds
05-09 20:39:25.177  1076  1076 D StatsLog: LAUNCHER_SPLIT_SELECTION_EXIT_INTERRUPTED
05-09 20:39:25.185  1076  1076 D RecentTasksList: invalidateLoadedTasks - previous requestLoadId: -1
05-09 20:39:25.185  1076  1076 D RecentTasksList: invalidateLoadedTasks - previous requestLoadId: -1
05-09 20:39:25.189  2573  2573 D LifecycleMonitor: Lifecycle status change: com.team4.vinilosapp.MainActivity@d99f082 in: PRE_ON_CREATE
05-09 20:39:25.189  2573  2573 V ActivityScenario: Activity lifecycle changed event received but ignored because the reported transition was not ON_CREATE while the last known transition was PRE_ON_CREATE
05-09 20:39:25.191  2573  2573 D LifecycleMonitor: Lifecycle status change: com.team4.vinilosapp.MainActivity@d99f082 in: CREATED
05-09 20:39:25.191  2573  2573 V ActivityScenario: Update currentActivityStage to CREATED, currentActivity=com.team4.vinilosapp.MainActivity@d99f082
05-09 20:39:25.193  2573  2573 D LifecycleMonitor: Lifecycle status change: com.team4.vinilosapp.MainActivity@d99f082 in: STARTED
05-09 20:39:25.194  2573  2573 V ActivityScenario: Update currentActivityStage to STARTED, currentActivity=com.team4.vinilosapp.MainActivity@d99f082
05-09 20:39:25.194  2573  2573 D LifecycleMonitor: Lifecycle status change: com.team4.vinilosapp.MainActivity@d99f082 in: RESUMED
05-09 20:39:25.194  2573  2573 V ActivityScenario: Update currentActivityStage to RESUMED, currentActivity=com.team4.vinilosapp.MainActivity@d99f082
05-09 20:39:25.202   663  1851 W InputChannel-JNI: Channel already disposed.
05-09 20:39:25.202   547  2771 W libbinder.IPCThreadState: Sending oneway calls to frozen process.
05-09 20:39:25.202   663  2030 W InputChannel-JNI: Channel already disposed.
05-09 20:39:25.202   499  1049 I libbinder.BpBinder: onLastStrongRef automatically unlinking death recipients for binder (0xb4007670bc0442f0) with descriptor: '(not cached)'
05-09 20:39:25.203   934  1126 I Surface : Creating surface for consumer unnamed-934-604 with slotExpansion=1 for 64 slots
05-09 20:39:25.204   934  1126 I Surface : Creating surface for consumer VRI[vinilosapp]#604(BLAST Consumer)604 with slotExpansion=1 for 64 slots
05-09 20:39:25.204  2573  2573 D WindowOnBackDispatcher: setTopOnBackInvokedCallback (unwrapped): android.app.Activity$$ExternalSyntheticLambda0@88ed00
05-09 20:39:25.224  2573  2573 D VRI[MainActivity]: WindowInsets changed: 1280x2856 statusBars:[0,156,0,0] navigationBars:[0,0,0,72] mandatorySystemGestures:[0,192,0,96]
05-09 20:39:25.228  1076  1076 D BaseActivity: Launcher flags updated: [state_started] -[state_window_focused]
05-09 20:39:25.234  1076  1076 D RecentTasksList: invalidateLoadedTasks - previous requestLoadId: -1
05-09 20:39:25.259  2573  2672 D NetworkPerf: [/musicians] --> INICIO
05-09 20:39:25.259  2573  2672 I okhttp.OkHttpClient: --> GET https://backvynils-543995823892.us-central1.run.app/musicians
05-09 20:39:25.292  2573  2573 I Surface : Creating surface for consumer unnamed-2573-8 with slotExpansion=1 for 64 slots
05-09 20:39:25.295  2573  2573 I Surface : Creating surface for consumer VRI[MainActivity]#8(BLAST Consumer)8 with slotExpansion=1 for 64 slots
05-09 20:39:25.296  1076  1135 D PreloadThumbnailUseCase: Preloading thumbnails for task ids: [[id=32 windowingMode=0 user=0 lastActiveTime=16921] null, [id=682 windowingMode=1 user=0 lastActiveTime=17609062] null, [id=683 windowingMode=1 user=0 lastActiveTime=17610553] null]
05-09 20:39:25.311  1076  1076 D RecentTasksList: invalidateLoadedTasks - previous requestLoadId: -1
05-09 20:39:25.432   499   602 W skia    : AGTM parsing failed flags.readFromStream(s) at 159
05-09 20:39:25.432   499   602 W skia    : AGTM parsing failed flags.readFromStream(s) at 159
05-09 20:39:25.475  2573  2672 I okhttp.OkHttpClient: <-- 200 https://backvynils-543995823892.us-central1.run.app/musicians (216ms, 12551-byte body)
05-09 20:39:25.484   499   602 W skia    : AGTM parsing failed flags.readFromStream(s) at 159
05-09 20:39:25.484   499   602 W skia    : AGTM parsing failed flags.readFromStream(s) at 159
05-09 20:39:25.484   499   602 W skia    : AGTM parsing failed flags.readFromStream(s) at 159
05-09 20:39:25.538   934  1546 D WallpaperService: onVisibilityChanged(false): com.android.systemui.wallpapers.ImageWallpaper$CanvasEngine@c19c617
05-09 20:39:25.539  1076  1076 D VRI[NexusLauncherActivity]: visibilityChanged oldVisibility=true newVisibility=false
05-09 20:39:25.547  1076  1076 D SmartspaceInteractor: notifySmartspaceEvent: SmartspaceTargetEvent{mSmartspaceTarget=null, mSmartspaceActionId='null', mEventType=7}
05-09 20:39:25.551   663   684 I ActivityTaskManager: Displayed com.team4.vinilosapp/.MainActivity for user 0: +496ms
05-09 20:39:25.558  1736  1967 I AiAiEcho: AmbientDataPredictorImpl No tracked ambient data found for ID: null; for event type: 7, skipping event processing.
05-09 20:39:25.575  1076  1076 D BaseActivity: Launcher flags updated: [] -[state_started]
05-09 20:39:25.576  1076  1076 D BaseDepthController: setSurface:
05-09 20:39:25.576  1076  1076 D BaseDepthController: 	mWaitingOnSurfaceValidity: false
05-09 20:39:25.576  1076  1076 D BaseDepthController: 	mBaseSurface: null
05-09 20:39:25.576  1076  1076 D BaseDepthController: mSurface is null and mCurrentBlur is: 0
05-09 20:39:25.577  1076  1076 D LauncherStateManager: StateManager.goToState: fromState: Normal, toState: Normal, partial trace:
05-09 20:39:25.577  1076  1076 D LauncherStateManager: 	at com.android.launcher3.statemanager.StateManager.moveToRestState(go/retraceme 4b96215a9d9b4c1494121442fbf9d6e89857c91e1d76ddcc689701971259418a:26)
05-09 20:39:25.577  1076  1076 D LauncherStateManager: 	at com.android.launcher3.statemanager.StateManager.moveToRestState(go/retraceme 4b96215a9d9b4c1494121442fbf9d6e89857c91e1d76ddcc689701971259418a:35)
05-09 20:39:25.577  1076  1076 D LauncherStateManager: 	at com.android.launcher3.statemanager.StatefulActivity.onStop(go/retraceme 4b96215a9d9b4c1494121442fbf9d6e89857c91e1d76ddcc689701971259418a:31)
05-09 20:39:25.577  1076  1076 D LauncherStateManager: StateManager.onRepeatStateSetAborted: state: Normal
05-09 20:39:25.577  1076  1076 D KeyboardStateManager: hideKeyboard
05-09 20:39:25.577  1076  1076 D KeyboardStateManager: isImeShown: false
05-09 20:39:25.577  1076  1076 D StatsLog: LAUNCHER_ONSTOP
05-09 20:39:25.578  1076  1076 D StatsLog: LAUNCHER_GOOGLE_SEARCH_RESTORE_LIST_SIZE_AFTER_ACTIVITY_RESTART
05-09 20:39:25.585   499   602 W skia    : AGTM parsing failed flags.readFromStream(s) at 159
05-09 20:39:25.599   663   787 W InputChannel-JNI: Channel already disposed.
05-09 20:39:25.603  8468  8468 I GoogleInputMethodService: GoogleInputMethodService.onFinishInput():2259
05-09 20:39:25.604  8468  8468 I Module  : DeviceLockedStatusModuleProvider$Module.updateDeviceLockedStatus():103 repeatCheckTimes = 0, locked = false
05-09 20:39:25.604  8468  8468 I GoogleInputMethodService: GoogleInputMethodService.onStartInput():1446 onStartInput(EditorInfo{EditorInfo{packageName=com.team4.vinilosapp, inputType=0, inputTypeString=NULL, enableLearning=false, autoCorrection=false, autoComplete=false, imeOptions=0, privateImeOptions=null, actionName=UNSPECIFIED, actionLabel=null, initialSelStart=-1, initialSelEnd=-1, initialCapsMode=0, label=null, fieldId=0, fieldName=null, extras=null, hintText=null, hintLocales=[]}}, false)
05-09 20:39:25.604  8468  8468 I AndroidIME: LatinIMEBase.updateInputViewCoverNavigation():322 Update input view padding, isNavbarOverInputWindow=true, bottom inset=72
05-09 20:39:25.604  8468  8468 I Module  : DeviceLockedStatusModuleProvider$Module.updateDeviceLockedStatus():103 repeatCheckTimes = 1, locked = false
05-09 20:39:25.688   499   602 W skia    : AGTM parsing failed flags.readFromStream(s) at 159
05-09 20:39:25.688   499   602 W skia    : AGTM parsing failed flags.readFromStream(s) at 159
05-09 20:39:25.809   499   602 W skia    : AGTM parsing failed flags.readFromStream(s) at 159
05-09 20:39:25.809   499   602 W skia    : AGTM parsing failed flags.readFromStream(s) at 159
05-09 20:39:25.900   547  2771 W libbinder.IPCThreadState: Sending oneway calls to frozen process.
05-09 20:39:25.906   499   602 W skia    : AGTM parsing failed flags.readFromStream(s) at 159
05-09 20:39:25.906   499   602 W skia    : AGTM parsing failed flags.readFromStream(s) at 159
05-09 20:39:25.993   934   946 W System  : A resource failed to call release.
05-09 20:39:25.993   934   946 W System  : A resource failed to call release.
05-09 20:39:25.993   934   946 W System  : A resource failed to call release.
05-09 20:39:25.993   934   946 W System  : A resource failed to call release.
05-09 20:39:25.993   934   946 W System  : A resource failed to call release.
05-09 20:39:25.993   934   946 W System  : A resource failed to call release.
05-09 20:39:25.993   934   946 W System  : A resource failed to call release.
05-09 20:39:25.993   934   946 W System  : A resource failed to call release.
05-09 20:39:25.993   934   946 W System  : A resource failed to call release.
05-09 20:39:25.993   934   946 W System  : A resource failed to call release.
05-09 20:39:25.993   934   946 W System  : A resource failed to call release.
05-09 20:39:25.993   934   946 W System  : A resource failed to call release.
05-09 20:39:25.993   934   946 W System  : A resource failed to call release.
05-09 20:39:25.993   934   946 W System  : A resource failed to call release.
05-09 20:39:25.993   934   946 W System  : A resource failed to call release.
05-09 20:39:25.993   934   946 W System  : A resource failed to call release.
05-09 20:39:25.993   934   946 W System  : A resource failed to call release.
05-09 20:39:25.993   934   946 W System  : A resource failed to call release.
05-09 20:39:25.993   934   946 W System  : A resource failed to call release.
05-09 20:39:25.993   934   946 W System  : A resource failed to call release.
05-09 20:39:25.993   934   946 W System  : A resource failed to call release.
05-09 20:39:26.007   499   602 W skia    : AGTM parsing failed flags.readFromStream(s) at 159
05-09 20:39:26.007   499   602 W skia    : AGTM parsing failed flags.readFromStream(s) at 159
05-09 20:39:26.112   499   602 W skia    : AGTM parsing failed flags.readFromStream(s) at 159
05-09 20:39:26.211   663   826 I HalDevMgr: bestIfaceCreationProposal is null, requestIface=STA, existingIface=[name=wlan0 type=STA]
05-09 20:39:26.212   499   602 W skia    : AGTM parsing failed flags.readFromStream(s) at 159
05-09 20:39:26.213  1016  1180 D IpClient/wlan0: interfaceLinkStateChanged: ifindex 16 up
05-09 20:39:26.215  1016  1180 D IpClient/wlan0: interfaceLinkStateChanged: ifindex 16 up
05-09 20:39:26.230  2573  2573 D WindowOnBackDispatcher: setTopOnBackInvokedCallback (unwrapped): androidx.activity.OnBackPressedDispatcher$Api34Impl$createOnBackAnimationCallback$1@6076723
05-09 20:39:26.263  2573  2672 D NetworkPerf: [/albums] --> INICIO
05-09 20:39:26.263  2573  2672 I okhttp.OkHttpClient: --> GET https://backvynils-543995823892.us-central1.run.app/albums
05-09 20:39:26.312   499   602 W skia    : AGTM parsing failed flags.readFromStream(s) at 159
05-09 20:39:26.397  2573  2672 I okhttp.OkHttpClient: <-- 200 https://backvynils-543995823892.us-central1.run.app/albums (133ms, 6931-byte body)
05-09 20:39:26.413   499   602 W skia    : AGTM parsing failed flags.readFromStream(s) at 159
05-09 20:39:26.504  2573  2672 D NetworkPerf: [/albums/100/] --> INICIO
05-09 20:39:26.504  2573  2672 I okhttp.OkHttpClient: --> GET https://backvynils-543995823892.us-central1.run.app/albums/100/
05-09 20:39:26.528   499   602 W skia    : AGTM parsing failed flags.readFromStream(s) at 159
05-09 20:39:26.624   499   602 W skia    : AGTM parsing failed flags.readFromStream(s) at 159
05-09 20:39:26.646  2573  2672 I okhttp.OkHttpClient: <-- 200 https://backvynils-543995823892.us-central1.run.app/albums/100/ (141ms, 2555-byte body)
05-09 20:39:26.725   499   602 W skia    : AGTM parsing failed flags.readFromStream(s) at 159
05-09 20:39:26.825   499   602 W skia    : AGTM parsing failed flags.readFromStream(s) at 159
05-09 20:39:26.926   499   602 W skia    : AGTM parsing failed flags.readFromStream(s) at 159
05-09 20:39:26.961  2573  2672 D NetworkPerf: [/albums/100/] --> INICIO
05-09 20:39:26.961  2573  2672 I okhttp.OkHttpClient: --> GET https://backvynils-543995823892.us-central1.run.app/albums/100/
05-09 20:39:27.032   499   602 W skia    : AGTM parsing failed flags.readFromStream(s) at 159
05-09 20:39:27.105  2573  2672 I okhttp.OkHttpClient: <-- 200 https://backvynils-543995823892.us-central1.run.app/albums/100/ (143ms, 2555-byte body)
05-09 20:39:27.134   499   602 W skia    : AGTM parsing failed flags.readFromStream(s) at 159
05-09 20:39:27.234   499   602 W skia    : AGTM parsing failed flags.readFromStream(s) at 159
05-09 20:39:27.279   663   787 W InputChannel-JNI: Channel already disposed.
05-09 20:39:27.279   663   787 W InputChannel-JNI: Channel already disposed.
05-09 20:39:27.279  8468  8468 I GoogleInputMethodService: GoogleInputMethodService.onFinishInput():2259
05-09 20:39:27.280  8468  8468 I Module  : DeviceLockedStatusModuleProvider$Module.updateDeviceLockedStatus():103 repeatCheckTimes = 0, locked = false
05-09 20:39:27.280  8468  8468 I DeviceIntelligenceExtension: DeviceIntelligenceExtension.getInlineSuggestionsRequest():222 Inline suggestions disabled in stylus mode or vertical PK/Voice toolbar
05-09 20:39:27.280  8468  8468 I GoogleInputMethodService: GoogleInputMethodService.onStartInput():1446 onStartInput(EditorInfo{EditorInfo{packageName=com.team4.vinilosapp, inputType=28001, inputTypeString=Normal[MultiLine|AutoCorrect], enableLearning=true, autoCorrection=true, autoComplete=true, imeOptions=42000000, privateImeOptions=null, actionName=UNSPECIFIED, actionLabel=null, initialSelStart=0, initialSelEnd=0, initialCapsMode=0, label=null, fieldId=-1, fieldName=null, extras=Bundle[mParcelledData.dataSize=404], hintText=null, hintLocales=[]}}, false)
05-09 20:39:27.280  8468  8468 I AndroidIME: LatinIMEBase.updateInputViewCoverNavigation():322 Update input view padding, isNavbarOverInputWindow=true, bottom inset=72
05-09 20:39:27.281  8468  8468 I Module  : DeviceLockedStatusModuleProvider$Module.updateDeviceLockedStatus():103 repeatCheckTimes = 1, locked = false
05-09 20:39:27.281  8468  8468 I GoogleInputMethodService: GoogleInputMethodService.onStartInput():1446 onStartInput(EditorInfo{EditorInfo{packageName=com.team4.vinilosapp, inputType=28001, inputTypeString=Normal[MultiLine|AutoCorrect], enableLearning=true, autoCorrection=true, autoComplete=true, imeOptions=42000000, privateImeOptions=null, actionName=UNSPECIFIED, actionLabel=null, initialSelStart=0, initialSelEnd=0, initialCapsMode=0, label=null, fieldId=-1, fieldName=null, extras=Bundle[mParcelledData.dataSize=404], hintText=null, hintLocales=[]}}, true)
05-09 20:39:27.281  8468  8468 W SessionManager: SessionManager.beginSession():72 Try to begin an already begun session [INPUT_SESSION], end it first
05-09 20:39:27.281  8468  8468 I AndroidIME: LatinIMEBase.updateInputViewCoverNavigation():322 Update input view padding, isNavbarOverInputWindow=true, bottom inset=72
05-09 20:39:27.281  8468  8468 I Module  : DeviceLockedStatusModuleProvider$Module.updateDeviceLockedStatus():103 repeatCheckTimes = 1, locked = false
05-09 20:39:27.282  8468  8468 I StylusModule: StylusModule.onUpdateToolType():774 Update tool type = 2
05-09 20:39:27.283  8468  8493 I ScribeHandwritingRecognizerWrapper: ScribeHandwritingRecognizerWrapper.setupRecognizer():111 model paths
05-09 20:39:27.283  8468  8493 I ScribeHandwritingRecognizerWrapper: gesture recospec=null
05-09 20:39:27.283  8468  8493 I ScribeHandwritingRecognizerWrapper: gesture lstm=null
05-09 20:39:27.283  8468  8493 I ScribeHandwritingRecognizerWrapper: writing recospec=null
05-09 20:39:27.283  8468  8493 I ScribeHandwritingRecognizerWrapper: confidence model=null
05-09 20:39:27.283  8468  8493 I ScribeHandwritingRecognizerWrapper: writing segmentor=null
05-09 20:39:27.283  8468  8493 I ScribeHandwritingRecognizerWrapper: writinglstm=null
05-09 20:39:27.283  8468  8493 I ScribeHandwritingRecognizerWrapper: writingfst=null
05-09 20:39:27.283  8468  8493 I ScribeHandwritingRecognizerWrapper:
05-09 20:39:27.285  2573  2573 I AssistStructure: Flattened final assist data: 836 bytes, containing 1 windows, 5 views
05-09 20:39:27.291  1098  1098 V InlineSuggestionRenderService: handleDestroySuggestionViews called for 0:1699307383
05-09 20:39:27.310  2573  2573 W RemoteInputConnectionImpl: requestCursorUpdates on inactive InputConnection
05-09 20:39:27.310  2573  2573 D Autofill Status: Autofill popup isn't shown because autofill is not available.
05-09 20:39:27.310  2573  2573 D Autofill Status:
05-09 20:39:27.310  2573  2573 D Autofill Status: Did you set up autofill?
05-09 20:39:27.310  2573  2573 D Autofill Status: 1. Go to Settings > System > Languages&input > Advanced > Autofill Service
05-09 20:39:27.310  2573  2573 D Autofill Status: 2. Pick a service
05-09 20:39:27.310  2573  2573 D Autofill Status:
05-09 20:39:27.310  2573  2573 D Autofill Status: Did you add an account?
05-09 20:39:27.310  2573  2573 D Autofill Status: 1. Go to Settings > System > Languages&input > Advanced
05-09 20:39:27.310  2573  2573 D Autofill Status: 2. Click on the settings icon next to the Autofill Service
05-09 20:39:27.310  2573  2573 D Autofill Status: 3. Add your account
05-09 20:39:27.313  8468  8468 I GoogleInputMethodService: GoogleInputMethodService.onStartInputView():1532 onStartInputView(EditorInfo{EditorInfo{packageName=com.team4.vinilosapp, inputType=28001, inputTypeString=Normal[MultiLine|AutoCorrect], enableLearning=true, autoCorrection=true, autoComplete=true, imeOptions=42000000, privateImeOptions=null, actionName=UNSPECIFIED, actionLabel=null, initialSelStart=0, initialSelEnd=0, initialCapsMode=0, label=null, fieldId=-1, fieldName=null, extras=Bundle[{android.support.text.emoji.emojiCompat_metadataVersion=11, androidx.core.view.inputmethod.EditorInfoCompat.STYLUS_HANDWRITING_ENABLED=true, android.support.text.emoji.emojiCompat_replaceAll=false}], hintText=null, hintLocales=[]}}, false)
05-09 20:39:27.315  8468  8493 I ScribeHandwritingRecognizerWrapper: ScribeHandwritingRecognizerWrapper.setupRecognizer():111 model paths
05-09 20:39:27.315  8468  8493 I ScribeHandwritingRecognizerWrapper: gesture recospec=null
05-09 20:39:27.315  8468  8493 I ScribeHandwritingRecognizerWrapper: gesture lstm=null
05-09 20:39:27.315  8468  8493 I ScribeHandwritingRecognizerWrapper: writing recospec=null
05-09 20:39:27.315  8468  8493 I ScribeHandwritingRecognizerWrapper: confidence model=null
05-09 20:39:27.315  8468  8493 I ScribeHandwritingRecognizerWrapper: writing segmentor=null
05-09 20:39:27.315  8468  8493 I ScribeHandwritingRecognizerWrapper: writinglstm=null
05-09 20:39:27.315  8468  8493 I ScribeHandwritingRecognizerWrapper: writingfst=null
05-09 20:39:27.315  8468  8493 I ScribeHandwritingRecognizerWrapper:
05-09 20:39:27.315  8468  8494 W ModuleManager: ModuleManager.loadModule():634 Module pyg is not available
05-09 20:39:27.317  8468  8468 I KeyboardHeightUtil: KeyboardHeightUtil.getOemKeyboardHeightRatio():81 systemKeyboardHeightRatio:1.000000.
05-09 20:39:27.321  8468  8468 I AndroidIME: InputBundleManager.startInput():357 startInput2 restarting=false
05-09 20:39:27.321  8468  8468 I AndroidIME: InputBundleManager.loadActiveInputBundleId():542 loadActiveInputBundleId: en-US, ime_english_united_states
05-09 20:39:27.321  8468  8468 I InputBundle: InputBundle.activateIme():597 activateIme: INACTIVE, keyboardType=accessory
05-09 20:39:27.322  8468  8468 I AndroidIME: AbstractIme.onActivate():95 LatinIme.onActivate() : EditorInfo = EditorInfo{packageName=com.team4.vinilosapp, inputType=28001, inputTypeString=Normal[MultiLine|AutoCorrect], enableLearning=true, autoCorrection=true, autoComplete=true, imeOptions=42000000, privateImeOptions=null, actionName=UNSPECIFIED, actionLabel=null, initialSelStart=0, initialSelEnd=0, initialCapsMode=0, label=null, fieldId=-1, fieldName=null, extras=Bundle[{android.support.text.emoji.emojiCompat_metadataVersion=11, androidx.core.view.inputmethod.EditorInfoCompat.STYLUS_HANDWRITING_ENABLED=true, android.support.text.emoji.emojiCompat_replaceAll=false}], hintText=null, hintLocales=[]}, IncognitoMode = false, DeviceLocked = false
05-09 20:39:27.322  8468  8468 I InputBundle: InputBundle.consumeEvent():1051 Skip consuming an event as keyboard status is INACTIVE
05-09 20:39:27.322  8468  8494 I NebulaeTrainingCacheMetricsProcessor: NebulaeTrainingCacheMetricsProcessor.processBeginSession():252 Begin training cache session: com.team4.vinilosapp_-1/
05-09 20:39:27.323  8468  8468 I Delight5Facilitator: Delight5Facilitator.initializeForIme():745 initializeForIme() : Locale = [en_US], layout = qwerty
05-09 20:39:27.324  8468  8468 I LatinIme: LatinIme.updateEnableInlineSuggestionsOnDecoderSideFlags():1277 inline flag updated to:false
05-09 20:39:27.324  8468  8468 I LatinIme: LatinIme.updateEnableInlineSuggestionsOnDecoderSideFlags():1277 inline flag updated to:false
05-09 20:39:27.325  8468  8468 I InputBundle: InputBundle.consumeEvent():1051 Skip consuming an event as keyboard status is INACTIVE
05-09 20:39:27.326  8468  8468 I LatinIme: LatinIme.resetInputContext():2284 resetInputContext(): reason=1, externalEditsInfo=ExternalEditsInfo{action=0, offset=-1, text=null, originalText=null, edits=null}
05-09 20:39:27.326  8468  8468 I InputBundle: InputBundle.consumeEvent():1051 Skip consuming an event as keyboard status is INACTIVE
05-09 20:39:27.326  8468  8468 I InputBundle: InputBundle.activateKeyboard():652 activateKeyboard: ACTIVE, type=ocu[keyboardType=accessory, payload=null]
05-09 20:39:27.326  8468  8468 I KeyboardWrapper: KeyboardWrapper.activateKeyboard():592 activateKeyboard(): type=accessory, status=INACTIVE, imeDef=obp{stringId=ime_english_united_states, language=en-US, languageTag=en-US, processedConditions={writing_helper_enable_by_word_revert=false, true=true, enable_number_row=false, device=phone, enable_pk_simulator=false}, className=com.google.android.apps.inputmethod.libs.latin5.LatinIme, label=0, keyEventInterpreter=null, inlineComposing=true, autoCapital=true, announceAutoSelectedCandidate=true, statusIcon=0, indicatorIcon=0, indicatorLabel=US, displayAppCompletions=true, extraValues=obi{#0x7f0b02e5=TypedValue{t=0x3/d=0x0 "com.google.android.apps.inputmethod.libs.latin5.LatinIme"}}, processors=odh@e67bcdb, unacceptableMetaKeys=4098, languageSpecificSettings=0, asciiCapable=true, alwaysShowSuggestions=false, useAsciiPasswordKeyboard=false, keyboardGroupDef=ocq@cb47bbd, phenotypeFlagId=0, localizationLanguageTag=null, supportsInlineSuggestion=true}
05-09 20:39:27.326  8468  8468 I KeyboardManager: KeyboardManager.requestKeyboard():249 Creating keyboard accessory, imeId=ime_english_united_states, cacheKey=theme,!gsf,!pgsans,!pgsf,!use_system_font,BORDER,FLAVOR_DPI=XXHDPI,IS_LIGHT,KEYBOARD_WIDTH_CATEGORY=NORMAL,KEY_BORDER_SHAPE=1,LIGHT_THEME=true,PHYSICAL_DIAGONAL=6.225089,POPUP,SCREEN_SHORTEST_WIDTH=427,SCREEN_SHORTEST_WIDTH_NO_SCALE=427,SW400DP,XXHDPI,bottom4dp,enable_popup_on_keypress=true,keyboard_redesign_google_sans=true,non_linear_scale,noshadow,overlay_builtin_dynamic_color_light_base.binarypb:gm3-light-fffaf8fe-ff4c5e8b-4fb1adea13304a190d4abf12326cf60c,silkpopup
05-09 20:39:27.326  8468  8468 I KeyboardWrapper: KeyboardWrapper.onKeyboardReady():226 onKeyboardReady(): type=accessory(accessory), kb=com.google.android.libraries.inputmethod.keyboard.impl.Keyboard@28401c2
05-09 20:39:27.326  8468  8504 I Delight5Decoder: Delight5DecoderWrapper.setKeyboardLayout():551 setKeyboardLayout()
05-09 20:39:27.326  8468  8468 I KeyboardWrapper: KeyboardWrapper.doActivateKeyboard():624 doActivateKeyboard(): accessory
05-09 20:39:27.326  8468  8468 W Keyboard: Keyboard.getKeyboardViewHelper():607 null helper is returned: keyboardDef=oci{processedConditions={}, globalConditions={}, className=com.google.android.libraries.inputmethod.keyboard.impl.Keyboard, resourceIds=[#0x7f17004e], initialStates=0, keyboardViewDefs=[], persistentStates=0, persistentStatesPrefKey=null, popupBubbleLayoutId=#0x0, recentKeyLayoutId=#0x0, recentKeyPopupLayoutId=#0x0, recentKeyType=null, rememberRecentKey=NONE, sessionStates=0}, type=HEADER, helpersCreated={}, context.getResources().getConfiguration(): {1.0 310mcc260mnc [en_US] ldltr sw427dp w427dp h952dp 480dpi nrml long compactNeeded port finger qwerty/v/v dpad/v winConfig={ mBounds=Rect(0, 0 - 1280, 2856) mAppBounds=Rect(0, 0 - 1280, 2856) mMaxBounds=Rect(0, 0 - 1280, 2856) mDisplayRotation=ROTATION_0 mWindowingMode=fullscreen mActivityType=undefined mAlwaysOnTop=undefined mRotation=ROTATION_0} as.3 s.52 fontWeightAdjustment=0}
05-09 20:39:27.326  8468  8468 W Keyboard: Keyboard.getKeyboardViewHelper():607 null helper is returned: keyboardDef=oci{processedConditions={}, globalConditions={}, className=com.google.android.libraries.inputmethod.keyboard.impl.Keyboard, resourceIds=[#0x7f17004e], initialStates=0, keyboardViewDefs=[], persistentStates=0, persistentStatesPrefKey=null, popupBubbleLayoutId=#0x0, recentKeyLayoutId=#0x0, recentKeyPopupLayoutId=#0x0, recentKeyType=null, rememberRecentKey=NONE, sessionStates=0}, type=BODY, helpersCreated={}, context.getResources().getConfiguration(): {1.0 310mcc260mnc [en_US] ldltr sw427dp w427dp h952dp 480dpi nrml long compactNeeded port finger qwerty/v/v dpad/v winConfig={ mBounds=Rect(0, 0 - 1280, 2856) mAppBounds=Rect(0, 0 - 1280, 2856) mMaxBounds=Rect(0, 0 - 1280, 2856) mDisplayRotation=ROTATION_0 mWindowingMode=fullscreen mActivityType=undefined mAlwaysOnTop=undefined mRotation=ROTATION_0} as.3 s.52 fontWeightAdjustment=0}
05-09 20:39:27.327  8468  8468 I GlobeKeyExtension: GlobeKeyExtension.getKeyboardInitialStates():186
05-09 20:39:27.327  8468  8468 W Keyboard: Keyboard.getKeyboardViewHelper():607 null helper is returned: keyboardDef=oci{processedConditions={}, globalConditions={}, className=com.google.android.libraries.inputmethod.keyboard.impl.Keyboard, resourceIds=[#0x7f17004e], initialStates=0, keyboardViewDefs=[], persistentStates=0, persistentStatesPrefKey=null, popupBubbleLayoutId=#0x0, recentKeyLayoutId=#0x0, recentKeyPopupLayoutId=#0x0, recentKeyType=null, rememberRecentKey=NONE, sessionStates=0}, type=HEADER, helpersCreated={}, context.getResources().getConfiguration(): {1.0 310mcc260mnc [en_US] ldltr sw427dp w427dp h952dp 480dpi nrml long compactNeeded port finger qwerty/v/v dpad/v winConfig={ mBounds=Rect(0, 0 - 1280, 2856) mAppBounds=Rect(0, 0 - 1280, 2856) mMaxBounds=Rect(0, 0 - 1280, 2856) mDisplayRotation=ROTATION_0 mWindowingMode=fullscreen mActivityType=undefined mAlwaysOnTop=undefined mRotation=ROTATION_0} as.3 s.52 fontWeightAdjustment=0}
05-09 20:39:27.327  8468  8468 W Keyboard: Keyboard.getKeyboardViewHelper():607 null helper is returned: keyboardDef=oci{processedConditions={}, globalConditions={}, className=com.google.android.libraries.inputmethod.keyboard.impl.Keyboard, resourceIds=[#0x7f17004e], initialStates=0, keyboardViewDefs=[], persistentStates=0, persistentStatesPrefKey=null, popupBubbleLayoutId=#0x0, recentKeyLayoutId=#0x0, recentKeyPopupLayoutId=#0x0, recentKeyType=null, rememberRecentKey=NONE, sessionStates=0}, type=BODY, helpersCreated={}, context.getResources().getConfiguration(): {1.0 310mcc260mnc [en_US] ldltr sw427dp w427dp h952dp 480dpi nrml long compactNeeded port finger qwerty/v/v dpad/v winConfig={ mBounds=Rect(0, 0 - 1280, 2856) mAppBounds=Rect(0, 0 - 1280, 2856) mMaxBounds=Rect(0, 0 - 1280, 2856) mDisplayRotation=ROTATION_0 mWindowingMode=fullscreen mActivityType=undefined mAlwaysOnTop=undefined mRotation=ROTATION_0} as.3 s.52 fontWeightAdjustment=0}
05-09 20:39:27.327  8468  8468 W Keyboard: Keyboard.getKeyboardViewHelper():607 null helper is returned: keyboardDef=oci{processedConditions={}, globalConditions={}, className=com.google.android.libraries.inputmethod.keyboard.impl.Keyboard, resourceIds=[#0x7f17004e], initialStates=0, keyboardViewDefs=[], persistentStates=0, persistentStatesPrefKey=null, popupBubbleLayoutId=#0x0, recentKeyLayoutId=#0x0, recentKeyPopupLayoutId=#0x0, recentKeyType=null, rememberRecentKey=NONE, sessionStates=0}, type=FLOATING_CANDIDATES, helpersCreated={}, context.getResources().getConfiguration(): {1.0 310mcc260mnc [en_US] ldltr sw427dp w427dp h952dp 480dpi nrml long compactNeeded port finger qwerty/v/v dpad/v winConfig={ mBounds=Rect(0, 0 - 1280, 2856) mAppBounds=Rect(0, 0 - 1280, 2856) mMaxBounds=Rect(0, 0 - 1280, 2856) mDisplayRotation=ROTATION_0 mWindowingMode=fullscreen mActivityType=undefined mAlwaysOnTop=undefined mRotation=ROTATION_0} as.3 s.52 fontWeightAdjustment=0}
05-09 20:39:27.327  8468  8468 W Keyboard: Keyboard.getKeyboardViewHelper():607 null helper is returned: keyboardDef=oci{processedConditions={}, globalConditions={}, className=com.google.android.libraries.inputmethod.keyboard.impl.Keyboard, resourceIds=[#0x7f17004e], initialStates=0, keyboardViewDefs=[], persistentStates=0, persistentStatesPrefKey=null, popupBubbleLayoutId=#0x0, recentKeyLayoutId=#0x0, recentKeyPopupLayoutId=#0x0, recentKeyType=null, rememberRecentKey=NONE, sessionStates=0}, type=WIDGET, helpersCreated={}, context.getResources().getConfiguration(): {1.0 310mcc260mnc [en_US] ldltr sw427dp w427dp h952dp 480dpi nrml long compactNeeded port finger qwerty/v/v dpad/v winConfig={ mBounds=Rect(0, 0 - 1280, 2856) mAppBounds=Rect(0, 0 - 1280, 2856) mMaxBounds=Rect(0, 0 - 1280, 2856) mDisplayRotation=ROTATION_0 mWindowingMode=fullscreen mActivityType=undefined mAlwaysOnTop=undefined mRotation=ROTATION_0} as.3 s.52 fontWeightAdjustment=0}
05-09 20:39:27.327  8468  8468 I KeyboardManager: KeyboardManager.requestKeyboard():249 Creating keyboard accessory_candidates_consumer, imeId=ime_english_united_states, cacheKey=theme,!gsf,!pgsans,!pgsf,!use_system_font,BORDER,FLAVOR_DPI=XXHDPI,IS_LIGHT,KEYBOARD_WIDTH_CATEGORY=NORMAL,KEY_BORDER_SHAPE=1,LIGHT_THEME=true,PHYSICAL_DIAGONAL=6.225089,POPUP,SCREEN_SHORTEST_WIDTH=427,SCREEN_SHORTEST_WIDTH_NO_SCALE=427,SW400DP,XXHDPI,bottom4dp,enable_popup_on_keypress=true,keyboard_redesign_google_sans=true,non_linear_scale,noshadow,overlay_builtin_dynamic_color_light_base.binarypb:gm3-light-fffaf8fe-ff4c5e8b-4fb1adea13304a190d4abf12326cf60c,silkpopup
05-09 20:39:27.328  8468  8468 I KeyboardDefManager: KeyboardDefManager.requestKeyboardDef():181 requestKeyboardDef(): type=accessory_candidates_consumer, info=ocn{defIds=[#0x7f17004d], defIdsCacheKey=[2132213837]}
05-09 20:39:27.328  8468  8468 I KeyboardDefManager: KeyboardDefManager.requestKeyboardDef():243 requestKeyboardDef(): getOrCreate from cache, info=ocn{defIds=[#0x7f17004d], defIdsCacheKey=[2132213837]}
05-09 20:39:27.328  8468  8468 I KeyboardDefManager: KeyboardDefManager$1.onSuccess():277 requestKeyboardDef onSuccess(): info=ocn{defIds=[#0x7f17004d], defIdsCacheKey=[2132213837]}
05-09 20:39:27.328  8468  8468 I GlobeKeyExtension: GlobeKeyExtension.getKeyboardInitialStates():186
05-09 20:39:27.328  8468  8468 W Keyboard: Keyboard.getKeyboardViewHelper():607 null helper is returned: keyboardDef=oci{processedConditions={}, globalConditions={global_theme_key=theme,!gsf,!pgsans,!pgsf,!use_system_font,BORDER,FLAVOR_DPI=XXHDPI,IS_LIGHT,KEYBOARD_WIDTH_CATEGORY=NORMAL,KEY_BORDER_SHAPE=1,LIGHT_THEME=true,PHYSICAL_DIAGONAL=6.225089,POPUP,SCREEN_SHORTEST_WIDTH=427,SCREEN_SHORTEST_WIDTH_NO_SCALE=427,SW400DP,XXHDPI,bottom4dp,enable_popup_on_keypress=true,keyboard_redesign_google_sans=true,non_linear_scale,noshadow,overlay_builtin_dynamic_color_light_base.binarypb:gm3-light-fffaf8fe-ff4c5e8b-4fb1adea13304a190d4abf12326cf60c,silkpopup, global_locale=en_US, global_density_dpi=480, global_orientation=1}, className=.latin.keyboard.AccessoryKeyboard, resourceIds=[#0x7f17004d], initialStates=0, keyboardViewDefs=[ocy{direction=null, id=#0x7f0b0229, isScalable=false, layoutId=#0x7f0e0030, type=FLOATING_CANDIDATES, touchable=true, defaultShow=false}], persistentStates=0, persistentStatesPrefKey=null, popupBubbleLayoutId=#0x7f0e0611, recentKeyLayoutId=#0x0, recentKeyPopupLayoutId=#0x0, recentKeyType=null, rememberRecentKey=NONE, sessionStates=0}, type=HEADER, helpersCreated={FLOATING_CANDIDATES=nnb@79f9b62}, context.getResources().getConfiguration(): {1.0 310mcc260mnc [en_US] ldltr sw427dp w427dp h952dp 480dpi nrml long compactNeeded port finger qwerty/v/v dpad/v winConfig={ mBounds=Rect(0, 0 - 1280, 2856) mAppBounds=Rect(0, 0 - 1280, 2856) mMaxBounds=Rect(0, 0 - 1280, 2856) mDisplayRotation=ROTATION_0 mWindowingMode=fullscreen mActivityType=undefined mAlwaysOnTop=undefined mRotation=ROTATION_0} as.3 s.52 fontWeightAdjustment=0}
05-09 20:39:27.328  8468  8468 W Keyboard: Keyboard.getKeyboardViewHelper():607 null helper is returned: keyboardDef=oci{processedConditions={}, globalConditions={global_theme_key=theme,!gsf,!pgsans,!pgsf,!use_system_font,BORDER,FLAVOR_DPI=XXHDPI,IS_LIGHT,KEYBOARD_WIDTH_CATEGORY=NORMAL,KEY_BORDER_SHAPE=1,LIGHT_THEME=true,PHYSICAL_DIAGONAL=6.225089,POPUP,SCREEN_SHORTEST_WIDTH=427,SCREEN_SHORTEST_WIDTH_NO_SCALE=427,SW400DP,XXHDPI,bottom4dp,enable_popup_on_keypress=true,keyboard_redesign_google_sans=true,non_linear_scale,noshadow,overlay_builtin_dynamic_color_light_base.binarypb:gm3-light-fffaf8fe-ff4c5e8b-4fb1adea13304a190d4abf12326cf60c,silkpopup, global_locale=en_US, global_density_dpi=480, global_orientation=1}, className=.latin.keyboard.AccessoryKeyboard, resourceIds=[#0x7f17004d], initialStates=0, keyboardViewDefs=[ocy{direction=null, id=#0x7f0b0229, isScalable=false, layoutId=#0x7f0e0030, type=FLOATING_CANDIDATES, touchable=true, defaultShow=false}], persistentStates=0, persistentStatesPrefKey=null, popupBubbleLayoutId=#0x7f0e0611, recentKeyLayoutId=#0x0, recentKeyPopupLayoutId=#0x0, recentKeyType=null, rememberRecentKey=NONE, sessionStates=0}, type=BODY, helpersCreated={FLOATING_CANDIDATES=nnb@79f9b62}, context.getResources().getConfiguration(): {1.0 310mcc260mnc [en_US] ldltr sw427dp w427dp h952dp 480dpi nrml long compactNeeded port finger qwerty/v/v dpad/v winConfig={ mBounds=Rect(0, 0 - 1280, 2856) mAppBounds=Rect(0, 0 - 1280, 2856) mMaxBounds=Rect(0, 0 - 1280, 2856) mDisplayRotation=ROTATION_0 mWindowingMode=fullscreen mActivityType=undefined mAlwaysOnTop=undefined mRotation=ROTATION_0} as.3 s.52 fontWeightAdjustment=0}
05-09 20:39:27.329  8468  8468 I AndroidIME: InputBundleManager.startInput():372 startInput() with ocu[keyboardType=accessory, payload=null]
05-09 20:39:27.329  8468  8468 I PkModeUpdater: PkModeUpdater.onActivate():76 onActivate false true
05-09 20:39:27.329  8468  8468 I AccessoryInputModeManager: AccessoryInputModeManager.onModeStarted():346 Accessory input mode started: STYLUS
05-09 20:39:27.329  8468  8468 W ExtensionWrapper: ExtensionWrapper.setAllowUpdateNavigationBarStyle():887 class kwe is not activate
05-09 20:39:27.329  8468  8468 I WidgetViewShowingController: WidgetViewShowingController.showWidgetKeyboardInternal():532 Show companion widget
05-09 20:39:27.329  8468  8468 W StatusViewController: StatusViewController.updateKeyboardView():46 Failed to inflate voice header view [UD]
05-09 20:39:27.332  8468  8468 W ExtensionWrapper: ExtensionWrapper.setAllowUpdateNavigationBarStyle():887 class kwe is not activate
05-09 20:39:27.332  8468  8468 I WidgetViewShowingPositionHandler: WidgetViewShowingPositionHandler.updateAvailableArea():199 update available area Rect(24, 180 - 1256, 2778)
05-09 20:39:27.333  8468  8468 W SupplementaryKeyboardsWrapper: SupplementaryKeyboardsWrapper.deactivateKeyboard():162 keyboard composing_text_consumer is not activated before!
05-09 20:39:27.333  8468  8468 I GlobeKeyExtension: GlobeKeyExtension.onActivate():130
05-09 20:39:27.333  8468  8468 I BaseKeyboardSizeHelper: BaseKeyboardSizeHelper.calculateMaxKeyboardBodyHeight():73 leave 321 height for app when ime window height:2628, header height:132 and isFullscreenMode:false, so the max keyboard body height is:2175
05-09 20:39:27.333  8468  8468 I BaseKeyboardSizeHelper: BaseKeyboardSizeHelper.calculateMaxKeyboardBodyHeight():73 leave 321 height for app when ime window height:2628, header height:132 and isFullscreenMode:false, so the max keyboard body height is:2175
05-09 20:39:27.333  8468  8468 W ExtensionWrapper: ExtensionWrapper.setExtensionViewVisibility():878 interface nqy is not activate
05-09 20:39:27.333  8468  8468 I VoiceInputManagerWrapper: VoiceInputManagerWrapper.cancelShutdown():109 cancelShutdown()
05-09 20:39:27.333  8468  8468 I VoiceInputManagerWrapper: VoiceInputManagerWrapper.syncLanguagePacks():121 syncLanguagePacks()
05-09 20:39:27.334  8468  8468 I VoiceInputManager: VoiceInputManager.onKeyboardActivated():1204 onKeyboardActivated() [UD]
05-09 20:39:27.334  8468 10614 I SpeechFactory: SpeechRecognitionFactory.maybeScheduleAutoPackDownloadForFallback():221 maybeScheduleAutoPackDownloadForFallback()
05-09 20:39:27.334  8468  8468 I UniversalDictationUiProvider: UniversalDictationUiProvider.onActivate():63 onActivate() [UD]
05-09 20:39:27.334  8468  8468 I HardKeyTracker: HardKeyTracker.unregisterKeySequence():259 Unregister key sequence pbd{labelResId=2132020490, callback=fdy@2a5140c, lastModifier=2, keyCodes=[56], actions=[0]}
05-09 20:39:27.334  8468  8468 I HardKeyTracker: HardKeyTracker.unregisterKeySequence():259 Unregister key sequence pbd{labelResId=2132020490, callback=fdy@9ad6155, lastModifier=0, keyCodes=[317], actions=[0]}
05-09 20:39:27.334  8468  8468 I HardKeyTracker: HardKeyTracker.registerKeySequence():201 Register key sequence pbd{labelResId=2132020490, callback=fdy@37b17d0, lastModifier=2, keyCodes=[56], actions=[0]}
05-09 20:39:27.334  8468  8468 I HardKeyTracker: HardKeyTracker.registerKeySequence():201 Register key sequence pbd{labelResId=2132020490, callback=fdy@78ab3c9, lastModifier=0, keyCodes=[317], actions=[0]}
05-09 20:39:27.334  8468  8468 W AccessPointsManager: AccessPointsManager.addAccessPoint():1097 The holder controller #0x7f0b248b is not registered
05-09 20:39:27.336  8468  8468 W AutoPasteSuggestionHelper: AutoPasteSuggestionHelper.setMaxWidthOfChipTextView():1079 Failed to get the width of the proactive suggestion view holder in HEADER.
05-09 20:39:27.336  8468  8468 W AutoPasteSuggestionHelper: AutoPasteSuggestionHelper.setMaxWidthOfChipTextView():1079 Failed to get the width of the proactive suggestion view holder in HEADER.
05-09 20:39:27.337  8468 10614 I FallbackOnDeviceRecognitionProvider: FallbackOnDeviceRecognitionProvider.maybeScheduleAutoPackDownload():213 maybeScheduleAutoPackDownload() for language tag en-US
05-09 20:39:27.338  8468  8468 W AutoPasteSuggestionHelper: AutoPasteSuggestionHelper.setMaxWidthOfChipTextView():1079 Failed to get the width of the proactive suggestion view holder in WIDGET.
05-09 20:39:27.338  8468  8468 I ProactiveSuggestionsHolderManager: ProactiveSuggestionsHolderManager$displaySuggestionsListener$1.display():238 Requesting to show proactive suggestions: CLIPBOARD PREEMPTIVE_WITH_SUPPRESSION in HEADER
05-09 20:39:27.338  8468  8468 I ProactiveSuggestionsHolderManager: ProactiveSuggestionsHolderManager$displaySuggestionsListener$1.display():259 suggestions CLIPBOARD are pending to show on HEADER
05-09 20:39:27.338  8468  8468 I ProactiveSuggestionsHolderManager: ProactiveSuggestionsHolderManager$displaySuggestionsListener$1.display():238 Requesting to show proactive suggestions: CLIPBOARD PREEMPTIVE_WITH_SUPPRESSION in FLOATING_CANDIDATES
05-09 20:39:27.338  8468  8468 I ProactiveSuggestionsHolderManager: ProactiveSuggestionsHolderManager$displaySuggestionsListener$1.display():238 Requesting to show proactive suggestions: CLIPBOARD PREEMPTIVE_WITH_SUPPRESSION in WIDGET
05-09 20:39:27.338  8468  8468 I ProactiveSuggestionsHolderManager: ProactiveSuggestionsHolderManager$displaySuggestionsListener$1.display():259 suggestions CLIPBOARD are pending to show on WIDGET
05-09 20:39:27.338  8468  8468 I ProactiveSuggestionsHolderManager: ProactiveSuggestionsHolderManager$displaySuggestionsListener$1.display():238 Requesting to show proactive suggestions: CLIPBOARD PREEMPTIVE_WITH_SUPPRESSION in HEADER
05-09 20:39:27.338  8468  8468 I ProactiveSuggestionsHolderManager: ProactiveSuggestionsHolderManager$displaySuggestionsListener$1.display():259 suggestions CLIPBOARD are pending to show on HEADER
05-09 20:39:27.338  8468  8468 I ProactiveSuggestionsHolderManager: ProactiveSuggestionsHolderManager$displaySuggestionsListener$1.display():238 Requesting to show proactive suggestions: CLIPBOARD PREEMPTIVE_WITH_SUPPRESSION in FLOATING_CANDIDATES
05-09 20:39:27.339  8468  8468 I ProactiveSuggestionsHolderManager: ProactiveSuggestionsHolderManager$displaySuggestionsListener$1.display():238 Requesting to show proactive suggestions: CLIPBOARD PREEMPTIVE_WITH_SUPPRESSION in WIDGET
05-09 20:39:27.339  8468  8468 I ProactiveSuggestionsHolderManager: ProactiveSuggestionsHolderManager$displaySuggestionsListener$1.display():259 suggestions CLIPBOARD are pending to show on WIDGET
05-09 20:39:27.339  8468  8468 I Module  : DeviceLockedStatusModuleProvider$Module.updateDeviceLockedStatus():103 repeatCheckTimes = 1, locked = false
05-09 20:39:27.340   499   602 W skia    : AGTM parsing failed flags.readFromStream(s) at 159
05-09 20:39:27.341  8468  8468 I NoticeManager: NoticeManager.post():160 Posting notice [import_user_contacts] to default priority queue
05-09 20:39:27.342  8468  8468 I HardKeyTracker: HardKeyTracker.unregisterKeySequence():259 Unregister key sequence pbd{labelResId=2132020490, callback=fdy@ccfb036, lastModifier=2, keyCodes=[56], actions=[0]}
05-09 20:39:27.342  8468  8468 I HardKeyTracker: HardKeyTracker.unregisterKeySequence():259 Unregister key sequence pbd{labelResId=2132020490, callback=fdy@be2ab37, lastModifier=0, keyCodes=[317], actions=[0]}
05-09 20:39:27.342  8468  8468 I HardKeyTracker: HardKeyTracker.registerKeySequence():201 Register key sequence pbd{labelResId=2132020490, callback=fdy@a6ebe30, lastModifier=2, keyCodes=[56], actions=[0]}
05-09 20:39:27.342  8468  8468 I HardKeyTracker: HardKeyTracker.registerKeySequence():201 Register key sequence pbd{labelResId=2132020490, callback=fdy@839caa9, lastModifier=0, keyCodes=[317], actions=[0]}
05-09 20:39:27.342  8468  8468 I VoiceImeExtension: VoiceImeExtension.shouldStartVoiceInputAutomaticallyInCurrentInputBox():384 No private IME option set to start voice input.
05-09 20:39:27.343  8468  8468 D ImeBackCallbackSender: Register OnBackInvokedCallback with priority=-1 at app window (packageName=com.team4.vinilosapp)
05-09 20:39:27.345  8468  8468 I Surface : Creating surface for consumer unnamed-8468-76 with slotExpansion=1 for 64 slots
05-09 20:39:27.345  8468  8468 I Surface : Creating surface for consumer VRI[InputMethod]#76(BLAST Consumer)76 with slotExpansion=1 for 64 slots
05-09 20:39:27.348  2573  2573 D WindowOnBackDispatcher: setTopOnBackInvokedCallback (unwrapped): android.view.ImeBackAnimationController@8f47d3c
05-09 20:39:27.348  8468  8476 W SP      : File ref is being finalized but wasn't closed, file: pack_mapping_v1_lstm_20260206[489]
05-09 20:39:27.348  8468  8476 W SP      : File ref is being finalized but wasn't closed, file: pack_mapping_v1_lstm_20260206[489]
05-09 20:39:27.348  8468  8476 W SP      : File ref is being finalized but wasn't closed, file: pack_mapping_v1_lstm_20260206[489]
05-09 20:39:27.348  8468  8476 W SP      : File ref is being finalized but wasn't closed, file: pack_mapping_v1_lstm_20260206[489]
05-09 20:39:27.348  8468   991 I SystemHapticSettings: SystemHapticSettings.updateSystemVibrationState():63 update vibration state: true
05-09 20:39:27.348  8468  8476 W SP      : File ref is being finalized but wasn't closed, file: pack_mapping_v1_lstm_20260206[489]
05-09 20:39:27.348  8468  8476 W SP      : File ref is being finalized but wasn't closed, file: pack_mapping_v1_lstm_20260206[489]
05-09 20:39:27.437  8468  8468 I GoogleInputMethodService: GoogleInputMethodService$1.onKeyboardViewShown():344 onKeyboardViewShown: keyboardType=accessory, keyboardViewType=HEADER keyboardView=null
05-09 20:39:27.437  8468  8468 W Keyboard: Keyboard.getKeyboardViewHelper():607 null helper is returned: keyboardDef=oci{processedConditions={}, globalConditions={}, className=com.google.android.libraries.inputmethod.keyboard.impl.Keyboard, resourceIds=[#0x7f17004e], initialStates=0, keyboardViewDefs=[], persistentStates=0, persistentStatesPrefKey=null, popupBubbleLayoutId=#0x0, recentKeyLayoutId=#0x0, recentKeyPopupLayoutId=#0x0, recentKeyType=null, rememberRecentKey=NONE, sessionStates=0}, type=BODY, helpersCreated={}, context.getResources().getConfiguration(): {1.0 310mcc260mnc [en_US] ldltr sw427dp w427dp h952dp 480dpi nrml long compactNeeded port finger qwerty/v/v dpad/v winConfig={ mBounds=Rect(0, 0 - 1280, 2856) mAppBounds=Rect(0, 0 - 1280, 2856) mMaxBounds=Rect(0, 0 - 1280, 2856) mDisplayRotation=ROTATION_0 mWindowingMode=fullscreen mActivityType=undefined mAlwaysOnTop=undefined mRotation=ROTATION_0} as.3 s.52 fontWeightAdjustment=0}
05-09 20:39:27.437  8468  8468 I GoogleInputMethodService: GoogleInputMethodService$1.onKeyboardViewShown():344 onKeyboardViewShown: keyboardType=accessory, keyboardViewType=BODY keyboardView=null
05-09 20:39:27.437  8468  8468 W Keyboard: Keyboard.getKeyboardViewHelper():607 null helper is returned: keyboardDef=oci{processedConditions={}, globalConditions={}, className=com.google.android.libraries.inputmethod.keyboard.impl.Keyboard, resourceIds=[#0x7f17004e], initialStates=0, keyboardViewDefs=[], persistentStates=0, persistentStatesPrefKey=null, popupBubbleLayoutId=#0x0, recentKeyLayoutId=#0x0, recentKeyPopupLayoutId=#0x0, recentKeyType=null, rememberRecentKey=NONE, sessionStates=0}, type=BODY, helpersCreated={}, context.getResources().getConfiguration(): {1.0 310mcc260mnc [en_US] ldltr sw427dp w427dp h952dp 480dpi nrml long compactNeeded port finger qwerty/v/v dpad/v winConfig={ mBounds=Rect(0, 0 - 1280, 2856) mAppBounds=Rect(0, 0 - 1280, 2856) mMaxBounds=Rect(0, 0 - 1280, 2856) mDisplayRotation=ROTATION_0 mWindowingMode=fullscreen mActivityType=undefined mAlwaysOnTop=undefined mRotation=ROTATION_0} as.3 s.52 fontWeightAdjustment=0}
05-09 20:39:27.456   499   602 W skia    : AGTM parsing failed flags.readFromStream(s) at 159
05-09 20:39:27.469  8468  8468 I LatinIme: LatinIme.resetInputContext():2284 resetInputContext(): reason=5, externalEditsInfo=ExternalEditsInfo{action=0, offset=-1, text=null, originalText=null, edits=null}
05-09 20:39:27.473  8468  8468 I UndoStack: UndoStack.offer$mayClearStack():165 InputContext OTHER_TEXT_CHANGE with content updates to clear undo
05-09 20:39:27.534  8468  8468 W TooltipLifecycleManager: TooltipLifecycleManager.dismissTooltips():153 Tooltip with id spell_check_add_to_dictionary not found in tooltipManager.
05-09 20:39:27.547   499   602 W skia    : AGTM parsing failed flags.readFromStream(s) at 159
05-09 20:39:27.706   499   602 W skia    : AGTM parsing failed flags.readFromStream(s) at 159
05-09 20:39:27.706   499   602 W skia    : AGTM parsing failed flags.readFromStream(s) at 159
05-09 20:39:27.787  2573  2573 I AssistStructure: Flattened final assist data: 848 bytes, containing 1 windows, 5 views
05-09 20:39:27.798   663   787 W InputChannel-JNI: Channel already disposed.
05-09 20:39:27.803   499   602 W skia    : AGTM parsing failed flags.readFromStream(s) at 159
05-09 20:39:27.803   499   602 W skia    : AGTM parsing failed flags.readFromStream(s) at 159
05-09 20:39:27.823  8468  8468 I DeviceIntelligenceExtension: DeviceIntelligenceExtension.getInlineSuggestionsRequest():222 Inline suggestions disabled in stylus mode or vertical PK/Voice toolbar
