05-09 20:39:51.463  1076  1076 I Surface : Creating surface for consumer VRI[NexusLauncherActivity]#339(BLAST Consumer)339 with slotExpansion=1 for 64 slots
05-09 20:39:51.465  1076  1076 D BaseDepthController: setSurface:
05-09 20:39:51.465  1076  1076 D BaseDepthController: 	mWaitingOnSurfaceValidity: false
05-09 20:39:51.465  1076  1076 D BaseDepthController: 	mBaseSurface: Surface(name=VRI-com.google.android.apps.nexuslauncher/com.google.android.apps.nexuslauncher.NexusLauncherActivity#13026)/@0x1dd2a08
05-09 20:39:51.465  1076  1076 V BaseDepthController: Applying blur: 0 to Surface(name=VRI-com.google.android.apps.nexuslauncher/com.google.android.apps.nexuslauncher.NexusLauncherActivity#13026)/@0x1dd2a08 applyImmediately: false
05-09 20:39:51.465  1076  1076 D BaseDepthController: shouldBlurWorkspace: false targetState: Normal currentStableState: Normal mCurrentBlur: 0 mLauncher.getDepthBlurTargets(): [com.android.launcher3.Workspace{c8eda3 V.ED..... .......D 0,0-1280,2856 #7f0a0486 app:id/workspace}, com.android.launcher3.Hotseat{d0708a0 V.ED..... .......D 0,2289-1280,2856 #7f0a01f6 app:id/hotseat}]
05-09 20:39:51.476   934  1546 D WallpaperService: onVisibilityChanged(true): com.android.systemui.wallpapers.ImageWallpaper$CanvasEngine@c19c617
05-09 20:39:51.492  1076  1076 D LauncherStateManager: StateManager.createAtomicAnimation: fromState: Normal, toState: Normal, partial trace:
05-09 20:39:51.492  1076  1076 D LauncherStateManager: 	at com.android.quickstep.util.ScalingWorkspaceRevealAnim.<init>(go/retraceme 4b96215a9d9b4c1494121442fbf9d6e89857c91e1d76ddcc689701971259418a:60)
05-09 20:39:51.492  1076  1076 D LauncherStateManager: 	at com.android.launcher3.QuickstepTransitionManager.createWallpaperOpenAnimations(go/retraceme 4b96215a9d9b4c1494121442fbf9d6e89857c91e1d76ddcc689701971259418a:622)
05-09 20:39:51.492  1076  1076 D LauncherStateManager: 	at com.android.launcher3.QuickstepTransitionManager$WallpaperOpenLauncherAnimationRunner.onAnimationStart(go/retraceme 4b96215a9d9b4c1494121442fbf9d6e89857c91e1d76ddcc689701971259418a:135)
05-09 20:39:51.492  1076  1076 D AllAppsTransitionController: shouldProtectHeader: false skipScrim: true state: Normal stateManager.getState(): Normal
05-09 20:39:51.492  1076  1076 D KeyboardInsetsHandler: removePendingImeController: pendingImeController=null
05-09 20:39:51.492  1076  1076 V BaseDepthController: Applying blur: 0 to Surface(name=VRI-com.google.android.apps.nexuslauncher/com.google.android.apps.nexuslauncher.NexusLauncherActivity#13026)/@0x1dd2a08 applyImmediately: false
05-09 20:39:51.492  1076  1076 D BaseDepthController: shouldBlurWorkspace: false targetState: Normal currentStableState: Normal mCurrentBlur: 0 mLauncher.getDepthBlurTargets(): [com.android.launcher3.Workspace{c8eda3 V.ED..... ......ID 0,0-1280,2856 #7f0a0486 app:id/workspace}, com.android.launcher3.Hotseat{d0708a0 V.ED..... ........ 0,2289-1280,2856 #7f0a01f6 app:id/hotseat}]
05-09 20:39:51.492  1076  1076 V BaseDepthController: Applying blur: 0 to Surface(name=VRI-com.google.android.apps.nexuslauncher/com.google.android.apps.nexuslauncher.NexusLauncherActivity#13026)/@0x1dd2a08 applyImmediately: false
05-09 20:39:51.492  1076  1076 D BaseDepthController: shouldBlurWorkspace: false targetState: Normal currentStableState: Normal mCurrentBlur: 0 mLauncher.getDepthBlurTargets(): [com.android.launcher3.Workspace{c8eda3 V.ED..... ......ID 0,0-1280,2856 #7f0a0486 app:id/workspace}, com.android.launcher3.Hotseat{d0708a0 V.ED..... ........ 0,2289-1280,2856 #7f0a01f6 app:id/hotseat}]
05-09 20:39:51.492  1076  1076 D LauncherStateManager: StateManager.cancelAnimation: animation ongoing: false, partial trace:
05-09 20:39:51.492  1076  1076 D LauncherStateManager: 	at com.android.launcher3.statemanager.StateManager.setCurrentAnimation(go/retraceme 4b96215a9d9b4c1494121442fbf9d6e89857c91e1d76ddcc689701971259418a:59)
05-09 20:39:51.492  1076  1076 D LauncherStateManager: 	at com.android.launcher3.QuickstepTransitionManager.createWallpaperOpenAnimations(go/retraceme 4b96215a9d9b4c1494121442fbf9d6e89857c91e1d76ddcc689701971259418a:734)
05-09 20:39:51.492  1076  1076 D LauncherStateManager: 	at com.android.launcher3.QuickstepTransitionManager$WallpaperOpenLauncherAnimationRunner.onAnimationStart(go/retraceme 4b96215a9d9b4c1494121442fbf9d6e89857c91e1d76ddcc689701971259418a:135)
05-09 20:39:51.492  1076  1076 D b/311077782: LauncherAnimationRunner.setAnimation
05-09 20:39:51.492  1076  1076 V BaseDepthController: Applying blur: 0 to Surface(name=VRI-com.google.android.apps.nexuslauncher/com.google.android.apps.nexuslauncher.NexusLauncherActivity#13026)/@0x1dd2a08 applyImmediately: false
05-09 20:39:51.492  1076  1076 D BaseDepthController: shouldBlurWorkspace: false targetState: Normal currentStableState: Normal mCurrentBlur: 0 mLauncher.getDepthBlurTargets(): [com.android.launcher3.Workspace{c8eda3 V.ED..... ......ID 0,0-1280,2856 #7f0a0486 app:id/workspace}, com.android.launcher3.Hotseat{d0708a0 V.ED..... ......ID 0,2289-1280,2856 #7f0a01f6 app:id/hotseat}]
05-09 20:39:51.492  1076  1076 V BaseDepthController: Applying blur: 0 to Surface(name=VRI-com.google.android.apps.nexuslauncher/com.google.android.apps.nexuslauncher.NexusLauncherActivity#13026)/@0x1dd2a08 applyImmediately: false
05-09 20:39:51.492  1076  1076 D BaseDepthController: shouldBlurWorkspace: false targetState: Normal currentStableState: Normal mCurrentBlur: 0 mLauncher.getDepthBlurTargets(): [com.android.launcher3.Workspace{c8eda3 V.ED..... ......ID 0,0-1280,2856 #7f0a0486 app:id/workspace}, com.android.launcher3.Hotseat{d0708a0 V.ED..... ......ID 0,2289-1280,2856 #7f0a01f6 app:id/hotseat}]
05-09 20:39:51.492  1076  1076 V BaseDepthController: Applying blur: 0 to Surface(name=VRI-com.google.android.apps.nexuslauncher/com.google.android.apps.nexuslauncher.NexusLauncherActivity#13026)/@0x1dd2a08 applyImmediately: false
05-09 20:39:51.492  1076  1076 D BaseDepthController: shouldBlurWorkspace: false targetState: Normal currentStableState: Normal mCurrentBlur: 0 mLauncher.getDepthBlurTargets(): [com.android.launcher3.Workspace{c8eda3 V.ED..... ......ID 0,0-1280,2856 #7f0a0486 app:id/workspace}, com.android.launcher3.Hotseat{d0708a0 V.ED..... ......ID 0,2289-1280,2856 #7f0a01f6 app:id/hotseat}]
05-09 20:39:51.492  1076  1076 V BaseDepthController: Applying blur: 0 to Surface(name=VRI-com.google.android.apps.nexuslauncher/com.google.android.apps.nexuslauncher.NexusLauncherActivity#13026)/@0x1dd2a08 applyImmediately: false
05-09 20:39:51.492  1076  1076 D BaseDepthController: shouldBlurWorkspace: false targetState: Normal currentStableState: Normal mCurrentBlur: 0 mLauncher.getDepthBlurTargets(): [com.android.launcher3.Workspace{c8eda3 V.ED..... ......ID 0,0-1280,2856 #7f0a0486 app:id/workspace}, com.android.launcher3.Hotseat{d0708a0 V.ED..... ......ID 0,2289-1280,2856 #7f0a01f6 app:id/hotseat}]
05-09 20:39:51.492  1076  1076 V BaseDepthController: Applying blur: 0 to Surface(name=VRI-com.google.android.apps.nexuslauncher/com.google.android.apps.nexuslauncher.NexusLauncherActivity#13026)/@0x1dd2a08 applyImmediately: false
05-09 20:39:51.492  1076  1076 D BaseDepthController: shouldBlurWorkspace: false targetState: Normal currentStableState: Normal mCurrentBlur: 0 mLauncher.getDepthBlurTargets(): [com.android.launcher3.Workspace{c8eda3 V.ED..... ......ID 0,0-1280,2856 #7f0a0486 app:id/workspace}, com.android.launcher3.Hotseat{d0708a0 V.ED..... ......ID 0,2289-1280,2856 #7f0a01f6 app:id/hotseat}]
05-09 20:39:51.495  1076  1076 V BaseDepthController: Applying blur: 0 to Surface(name=VRI-com.google.android.apps.nexuslauncher/com.google.android.apps.nexuslauncher.NexusLauncherActivity#13026)/@0x1dd2a08 applyImmediately: false
05-09 20:39:51.495  1076  1076 D BaseDepthController: shouldBlurWorkspace: false targetState: Normal currentStableState: Normal mCurrentBlur: 0 mLauncher.getDepthBlurTargets(): [com.android.launcher3.Workspace{c8eda3 V.ED..... ......ID 0,0-1280,2856 #7f0a0486 app:id/workspace}, com.android.launcher3.Hotseat{d0708a0 V.ED..... ......ID 0,2289-1280,2856 #7f0a01f6 app:id/hotseat}]
05-09 20:39:51.496   499   602 W skia    : AGTM parsing failed flags.readFromStream(s) at 159
05-09 20:39:51.502  1076  1076 D SsBaseTemplateCard: Passed-in item info is null
05-09 20:39:51.502  1076  1076 D SsBaseTemplateCard: Passed-in item info is null
05-09 20:39:51.502  1076  1076 D SsBaseTemplateCard: Passed-in item info is null
05-09 20:39:51.502  1076  1076 D SsBaseTemplateCard: Passed-in item info is null
05-09 20:39:51.502  1076  1076 I SsBaseTemplateCard: Secondary card pane is null
05-09 20:39:51.511  1076  1076 V BaseDepthController: Applying blur: 0 to Surface(name=VRI-com.google.android.apps.nexuslauncher/com.google.android.apps.nexuslauncher.NexusLauncherActivity#13026)/@0x1dd2a08 applyImmediately: false
05-09 20:39:51.511  1076  1076 D BaseDepthController: shouldBlurWorkspace: false targetState: Normal currentStableState: Normal mCurrentBlur: 0 mLauncher.getDepthBlurTargets(): [com.android.launcher3.Workspace{c8eda3 V.ED..... ........ 0,0-1280,2856 #7f0a0486 app:id/workspace}, com.android.launcher3.Hotseat{d0708a0 V.ED..... .......D 0,2289-1280,2856 #7f0a01f6 app:id/hotseat}]
05-09 20:39:51.512  1076  1076 D RecentTasksList: invalidateLoadedTasks - previous requestLoadId: -1
05-09 20:39:51.533  1076  1076 V BaseDepthController: Applying blur: 0 to Surface(name=VRI-com.google.android.apps.nexuslauncher/com.google.android.apps.nexuslauncher.NexusLauncherActivity#13026)/@0x1dd2a08 applyImmediately: false
05-09 20:39:51.533  1076  1076 D BaseDepthController: shouldBlurWorkspace: false targetState: Normal currentStableState: Normal mCurrentBlur: 0 mLauncher.getDepthBlurTargets(): [com.android.launcher3.Workspace{c8eda3 V.ED..... ........ 0,0-1280,2856 #7f0a0486 app:id/workspace}, com.android.launcher3.Hotseat{d0708a0 V.ED..... ........ 0,2289-1280,2856 #7f0a01f6 app:id/hotseat}]
05-09 20:39:51.543  1076  1087 W System  : A resource failed to call release.
05-09 20:39:51.543  1076  1087 W System  : A resource failed to call release.
05-09 20:39:51.543  1076  1087 W System  : A resource failed to call release.
05-09 20:39:51.546   463   612 I RanchuHwc: logCompositionFallbackIfChanged: layer 2300 CompositionType fallback from 2 to 1
05-09 20:39:51.546   463   612 I RanchuHwc: logCompositionFallbackIfChanged: layer 2301 CompositionType fallback from 2 to 1
05-09 20:39:51.547   499   602 W skia    : AGTM parsing failed flags.readFromStream(s) at 159
05-09 20:39:51.547   499   602 W skia    : AGTM parsing failed flags.readFromStream(s) at 159
05-09 20:39:51.547   499   602 W skia    : AGTM parsing failed flags.readFromStream(s) at 159
05-09 20:39:51.547   499   602 W skia    : AGTM parsing failed flags.readFromStream(s) at 159
05-09 20:39:51.547   499   602 W skia    : AGTM parsing failed flags.readFromStream(s) at 159
05-09 20:39:51.547   499   602 W skia    : AGTM parsing failed flags.readFromStream(s) at 159
05-09 20:39:51.547   499   602 W skia    : AGTM parsing failed flags.readFromStream(s) at 159
05-09 20:39:51.547  1076  1135 D PreloadThumbnailUseCase: Preloading thumbnails for task ids: [[id=32 windowingMode=0 user=0 lastActiveTime=16921] null, [id=699 windowingMode=1 user=0 lastActiveTime=17636751] null, [id=700 windowingMode=1 user=0 lastActiveTime=17636764] null]
05-09 20:39:51.589   499   602 W skia    : AGTM parsing failed flags.readFromStream(s) at 159
05-09 20:39:51.597   499   602 W skia    : AGTM parsing failed flags.readFromStream(s) at 159
05-09 20:39:51.598   499   602 W skia    : AGTM parsing failed flags.readFromStream(s) at 159
05-09 20:39:51.598   499   602 W skia    : AGTM parsing failed flags.readFromStream(s) at 159
05-09 20:39:51.598   499   602 W skia    : AGTM parsing failed flags.readFromStream(s) at 159
05-09 20:39:51.598   499   602 W skia    : AGTM parsing failed flags.readFromStream(s) at 159
05-09 20:39:51.598   499   602 W skia    : AGTM parsing failed flags.readFromStream(s) at 159
05-09 20:39:51.603  1076  1076 V BaseDepthController: Applying blur: 0 to Surface(name=VRI-com.google.android.apps.nexuslauncher/com.google.android.apps.nexuslauncher.NexusLauncherActivity#13026)/@0x1dd2a08 applyImmediately: false
05-09 20:39:51.604  1076  1076 D BaseDepthController: shouldBlurWorkspace: false targetState: Normal currentStableState: Normal mCurrentBlur: 0 mLauncher.getDepthBlurTargets(): [com.android.launcher3.Workspace{c8eda3 V.ED..... ........ 0,0-1280,2856 #7f0a0486 app:id/workspace}, com.android.launcher3.Hotseat{d0708a0 V.ED..... ........ 0,2289-1280,2856 #7f0a01f6 app:id/hotseat}]
05-09 20:39:51.652   499   602 W skia    : AGTM parsing failed flags.readFromStream(s) at 159
05-09 20:39:51.652   499   602 W skia    : AGTM parsing failed flags.readFromStream(s) at 159
05-09 20:39:51.652   499   602 W skia    : AGTM parsing failed flags.readFromStream(s) at 159
05-09 20:39:51.652   499   602 W skia    : AGTM parsing failed flags.readFromStream(s) at 159
05-09 20:39:51.652   499   602 W skia    : AGTM parsing failed flags.readFromStream(s) at 159
05-09 20:39:51.652   499   602 W skia    : AGTM parsing failed flags.readFromStream(s) at 159
05-09 20:39:51.652   499   602 W skia    : AGTM parsing failed flags.readFromStream(s) at 159
05-09 20:39:51.696   499   602 W skia    : AGTM parsing failed flags.readFromStream(s) at 159
05-09 20:39:51.696   499   602 W skia    : AGTM parsing failed flags.readFromStream(s) at 159
05-09 20:39:51.696   499   602 W skia    : AGTM parsing failed flags.readFromStream(s) at 159
05-09 20:39:51.696   499   602 W skia    : AGTM parsing failed flags.readFromStream(s) at 159
05-09 20:39:51.696   499   602 W skia    : AGTM parsing failed flags.readFromStream(s) at 159
05-09 20:39:51.696   499   602 W skia    : AGTM parsing failed flags.readFromStream(s) at 159
05-09 20:39:51.696   499   602 W skia    : AGTM parsing failed flags.readFromStream(s) at 159
05-09 20:39:51.702  1076  1076 D RecentTasksList: invalidateLoadedTasks - previous requestLoadId: -1
05-09 20:39:51.702  1076  1076 D BaseActivity: Launcher flags updated: [state_started|state_resumed|state_deferred_resumed|state_window_focused|state_user_active] +[state_window_focused]
05-09 20:39:51.704   663   787 W InputChannel-JNI: Channel already disposed.
05-09 20:39:51.710  1076  1076 V BaseDepthController: Applying blur: 0 to Surface(name=VRI-com.google.android.apps.nexuslauncher/com.google.android.apps.nexuslauncher.NexusLauncherActivity#13026)/@0x1dd2a08 applyImmediately: false
05-09 20:39:51.710  1076  1076 D BaseDepthController: setEarlyWakeup: true
05-09 20:39:51.710  1076  1076 D BaseDepthController: shouldBlurWorkspace: false targetState: Normal currentStableState: Normal mCurrentBlur: 0 mLauncher.getDepthBlurTargets(): [com.android.launcher3.Workspace{c8eda3 V.ED..... ........ 0,0-1280,2856 #7f0a0486 app:id/workspace}, com.android.launcher3.Hotseat{d0708a0 V.ED..... .......D 0,2289-1280,2856 #7f0a01f6 app:id/hotseat}]
05-09 20:39:51.734   499   602 W skia    : AGTM parsing failed flags.readFromStream(s) at 159
05-09 20:39:51.734   499   602 W skia    : AGTM parsing failed flags.readFromStream(s) at 159
05-09 20:39:51.735  8468  8468 I GoogleInputMethodService: GoogleInputMethodService.onFinishInput():2259
05-09 20:39:51.735  8468  8468 I Module  : DeviceLockedStatusModuleProvider$Module.updateDeviceLockedStatus():103 repeatCheckTimes = 0, locked = false
05-09 20:39:51.735  8468  8468 I GoogleInputMethodService: GoogleInputMethodService.onStartInput():1446 onStartInput(EditorInfo{EditorInfo{packageName=com.google.android.apps.nexuslauncher, inputType=0, inputTypeString=NULL, enableLearning=false, autoCorrection=false, autoComplete=false, imeOptions=0, privateImeOptions=null, actionName=UNSPECIFIED, actionLabel=null, initialSelStart=-1, initialSelEnd=-1, initialCapsMode=0, label=null, fieldId=0, fieldName=null, extras=null, hintText=null, hintLocales=[]}}, false)
05-09 20:39:51.736  8468  8468 I AndroidIME: LatinIMEBase.updateInputViewCoverNavigation():322 Update input view padding, isNavbarOverInputWindow=true, bottom inset=72
05-09 20:39:51.736  1076  1076 V BaseDepthController: Applying blur: 0 to Surface(name=VRI-com.google.android.apps.nexuslauncher/com.google.android.apps.nexuslauncher.NexusLauncherActivity#13026)/@0x1dd2a08 applyImmediately: false
05-09 20:39:51.736  1076  1076 D BaseDepthController: shouldBlurWorkspace: false targetState: Normal currentStableState: Normal mCurrentBlur: 0 mLauncher.getDepthBlurTargets(): [com.android.launcher3.Workspace{c8eda3 V.ED..... ........ 0,0-1280,2856 #7f0a0486 app:id/workspace}, com.android.launcher3.Hotseat{d0708a0 V.ED..... .......D 0,2289-1280,2856 #7f0a01f6 app:id/hotseat}]
05-09 20:39:51.736  8468  8468 I Module  : DeviceLockedStatusModuleProvider$Module.updateDeviceLockedStatus():103 repeatCheckTimes = 1, locked = false
05-09 20:39:51.771   499   602 W skia    : AGTM parsing failed flags.readFromStream(s) at 159
05-09 20:39:51.771   499   602 W skia    : AGTM parsing failed flags.readFromStream(s) at 159
05-09 20:39:51.771   499   602 W skia    : AGTM parsing failed flags.readFromStream(s) at 159
05-09 20:39:51.771   499   602 W skia    : AGTM parsing failed flags.readFromStream(s) at 159
05-09 20:39:51.771   499   602 W skia    : AGTM parsing failed flags.readFromStream(s) at 159
05-09 20:39:51.771   499   602 W skia    : AGTM parsing failed flags.readFromStream(s) at 159
05-09 20:39:51.771   499   602 W skia    : AGTM parsing failed flags.readFromStream(s) at 159
05-09 20:39:51.795   499   602 W skia    : AGTM parsing failed flags.readFromStream(s) at 159
05-09 20:39:51.795   499   602 W skia    : AGTM parsing failed flags.readFromStream(s) at 159
05-09 20:39:51.795   499   602 W skia    : AGTM parsing failed flags.readFromStream(s) at 159
05-09 20:39:51.795   499   602 W skia    : AGTM parsing failed flags.readFromStream(s) at 159
05-09 20:39:51.795   499   602 W skia    : AGTM parsing failed flags.readFromStream(s) at 159
05-09 20:39:51.795   499   602 W skia    : AGTM parsing failed flags.readFromStream(s) at 159
05-09 20:39:51.795   499   602 W skia    : AGTM parsing failed flags.readFromStream(s) at 159
05-09 20:39:51.851   499   602 W skia    : AGTM parsing failed flags.readFromStream(s) at 159
05-09 20:39:51.851   499   602 W skia    : AGTM parsing failed flags.readFromStream(s) at 159
05-09 20:39:51.869   547  2771 W libbinder.IPCThreadState: Sending oneway calls to frozen process.
05-09 20:39:51.890  1076  1076 V BaseDepthController: Applying blur: 0 to Surface(name=VRI-com.google.android.apps.nexuslauncher/com.google.android.apps.nexuslauncher.NexusLauncherActivity#13026)/@0x1dd2a08 applyImmediately: false
05-09 20:39:51.890  1076  1076 D BaseDepthController: shouldBlurWorkspace: false targetState: Normal currentStableState: Normal mCurrentBlur: 0 mLauncher.getDepthBlurTargets(): [com.android.launcher3.Workspace{c8eda3 V.ED..... ........ 0,0-1280,2856 #7f0a0486 app:id/workspace}, com.android.launcher3.Hotseat{d0708a0 V.ED..... ........ 0,2289-1280,2856 #7f0a01f6 app:id/hotseat}]
05-09 20:39:51.897  1076  1076 V BaseDepthController: Applying blur: 0 to Surface(name=VRI-com.google.android.apps.nexuslauncher/com.google.android.apps.nexuslauncher.NexusLauncherActivity#13026)/@0x1dd2a08 applyImmediately: false
05-09 20:39:51.897  1076  1076 D BaseDepthController: shouldBlurWorkspace: false targetState: Normal currentStableState: Normal mCurrentBlur: 0 mLauncher.getDepthBlurTargets(): [com.android.launcher3.Workspace{c8eda3 V.ED..... ........ 0,0-1280,2856 #7f0a0486 app:id/workspace}, com.android.launcher3.Hotseat{d0708a0 V.ED..... ........ 0,2289-1280,2856 #7f0a01f6 app:id/hotseat}]
05-09 20:39:51.964   499   602 W skia    : AGTM parsing failed flags.readFromStream(s) at 159
05-09 20:39:51.964   499   602 W skia    : AGTM parsing failed flags.readFromStream(s) at 159
05-09 20:39:52.082  2573  2692 W libc    : Access denied finding property "vendor.mesa.virtgpu.kumquat"
05-09 20:39:52.082  1076  1076 V BaseDepthController: Applying blur: 0 to Surface(name=VRI-com.google.android.apps.nexuslauncher/com.google.android.apps.nexuslauncher.NexusLauncherActivity#13026)/@0x1dd2a08 applyImmediately: false
05-09 20:39:52.082  1076  1076 D BaseDepthController: shouldBlurWorkspace: false targetState: Normal currentStableState: Normal mCurrentBlur: 0 mLauncher.getDepthBlurTargets(): [com.android.launcher3.Workspace{c8eda3 V.ED..... ........ 0,0-1280,2856 #7f0a0486 app:id/workspace}, com.android.launcher3.Hotseat{d0708a0 V.ED..... ........ 0,2289-1280,2856 #7f0a01f6 app:id/hotseat}]
05-09 20:39:52.083   499   602 W skia    : AGTM parsing failed flags.readFromStream(s) at 159
05-09 20:39:52.083   499   602 W skia    : AGTM parsing failed flags.readFromStream(s) at 159
05-09 20:39:52.161  1076  1076 V BaseDepthController: Applying blur: 0 to Surface(name=VRI-com.google.android.apps.nexuslauncher/com.google.android.apps.nexuslauncher.NexusLauncherActivity#13026)/@0x1dd2a08 applyImmediately: false
05-09 20:39:52.161  1076  1076 D BaseDepthController: shouldBlurWorkspace: false targetState: Normal currentStableState: Normal mCurrentBlur: 0 mLauncher.getDepthBlurTargets(): [com.android.launcher3.Workspace{c8eda3 V.ED..... ........ 0,0-1280,2856 #7f0a0486 app:id/workspace}, com.android.launcher3.Hotseat{d0708a0 V.ED..... ........ 0,2289-1280,2856 #7f0a01f6 app:id/hotseat}]
05-09 20:39:52.192  1076  1076 V BaseDepthController: Applying blur: 0 to Surface(name=VRI-com.google.android.apps.nexuslauncher/com.google.android.apps.nexuslauncher.NexusLauncherActivity#13026)/@0x1dd2a08 applyImmediately: false
05-09 20:39:52.192  1076  1076 D BaseDepthController: shouldBlurWorkspace: false targetState: Normal currentStableState: Normal mCurrentBlur: 0 mLauncher.getDepthBlurTargets(): [com.android.launcher3.Workspace{c8eda3 V.ED..... ........ 0,0-1280,2856 #7f0a0486 app:id/workspace}, com.android.launcher3.Hotseat{d0708a0 V.ED..... ........ 0,2289-1280,2856 #7f0a01f6 app:id/hotseat}]
05-09 20:39:52.214   499   602 W skia    : AGTM parsing failed flags.readFromStream(s) at 159
05-09 20:39:52.214   499   602 W skia    : AGTM parsing failed flags.readFromStream(s) at 159
05-09 20:39:52.240  1076  1076 V BaseDepthController: Applying blur: 0 to Surface(name=VRI-com.google.android.apps.nexuslauncher/com.google.android.apps.nexuslauncher.NexusLauncherActivity#13026)/@0x1dd2a08 applyImmediately: false
05-09 20:39:52.240  1076  1076 D BaseDepthController: shouldBlurWorkspace: false targetState: Normal currentStableState: Normal mCurrentBlur: 0 mLauncher.getDepthBlurTargets(): [com.android.launcher3.Workspace{c8eda3 V.ED..... ........ 0,0-1280,2856 #7f0a0486 app:id/workspace}, com.android.launcher3.Hotseat{d0708a0 V.ED..... ........ 0,2289-1280,2856 #7f0a01f6 app:id/hotseat}]
05-09 20:39:52.296  1076  1076 V BaseDepthController: Applying blur: 0 to Surface(name=VRI-com.google.android.apps.nexuslauncher/com.google.android.apps.nexuslauncher.NexusLauncherActivity#13026)/@0x1dd2a08 applyImmediately: false
05-09 20:39:52.296  1076  1076 D BaseDepthController: shouldBlurWorkspace: false targetState: Normal currentStableState: Normal mCurrentBlur: 0 mLauncher.getDepthBlurTargets(): [com.android.launcher3.Workspace{c8eda3 V.ED..... ........ 0,0-1280,2856 #7f0a0486 app:id/workspace}, com.android.launcher3.Hotseat{d0708a0 V.ED..... ........ 0,2289-1280,2856 #7f0a01f6 app:id/hotseat}]
05-09 20:39:52.302   499   602 W skia    : AGTM parsing failed flags.readFromStream(s) at 159
05-09 20:39:52.303   499   602 W skia    : AGTM parsing failed flags.readFromStream(s) at 159
05-09 20:39:52.336  1076  1076 V BaseDepthController: Applying blur: 0 to Surface(name=VRI-com.google.android.apps.nexuslauncher/com.google.android.apps.nexuslauncher.NexusLauncherActivity#13026)/@0x1dd2a08 applyImmediately: false
05-09 20:39:52.336  1076  1076 D BaseDepthController: setEarlyWakeup: false
05-09 20:39:52.336  1076  1076 D BaseDepthController: shouldBlurWorkspace: false targetState: Normal currentStableState: Normal mCurrentBlur: 0 mLauncher.getDepthBlurTargets(): [com.android.launcher3.Workspace{c8eda3 V.ED..... ........ 0,0-1280,2856 #7f0a0486 app:id/workspace}, com.android.launcher3.Hotseat{d0708a0 V.ED..... ........ 0,2289-1280,2856 #7f0a01f6 app:id/hotseat}]
05-09 20:39:52.447   499   602 W skia    : AGTM parsing failed flags.readFromStream(s) at 159
05-09 20:39:52.447   499   602 W skia    : AGTM parsing failed flags.readFromStream(s) at 159
05-09 20:39:52.478  1076  1076 D ScalingWorkspaceRevealAnim: onAnimationEnd, workspace and hotseat are visible
05-09 20:39:52.478  1076  1076 V BaseDepthController: Applying blur: 0 to Surface(name=VRI-com.google.android.apps.nexuslauncher/com.google.android.apps.nexuslauncher.NexusLauncherActivity#13026)/@0x1dd2a08 applyImmediately: false
05-09 20:39:52.478  1076  1076 D BaseDepthController: shouldBlurWorkspace: false targetState: Normal currentStableState: Normal mCurrentBlur: 0 mLauncher.getDepthBlurTargets(): [com.android.launcher3.Workspace{c8eda3 V.ED..... ......ID 0,0-1280,2856 #7f0a0486 app:id/workspace}, com.android.launcher3.Hotseat{d0708a0 V.ED..... ......ID 0,2289-1280,2856 #7f0a01f6 app:id/hotseat}]
05-09 20:39:52.488  2573  2573 D VRI[MainActivity]: visibilityChanged oldVisibility=true newVisibility=false
05-09 20:39:52.507  2573  2589 D HWUI    : endAllActiveAnimators on 0xb4007bca040790a0 (UnprojectedRipple) with handle 0xb4007bc93405b2e0
05-09 20:39:52.507  2605  2605 D WindowOnBackDispatcher: setTopOnBackInvokedCallback (unwrapped): null
05-09 20:39:52.534  2605  2605 D ViewRootImpl: Skipping stats log for color mode
05-09 20:39:52.535  2573  2573 D WindowOnBackDispatcher: setTopOnBackInvokedCallback (unwrapped): android.app.Activity$$ExternalSyntheticLambda0@edaa7f2
05-09 20:39:52.547   663   905 I Surface : Creating surface for consumer unnamed-663-373 with slotExpansion=1 for 64 slots
05-09 20:39:52.548   663   905 I Surface : Creating surface for consumer ImageReader-1024x2284f1m1-663-373 with slotExpansion=1 for 64 slots
05-09 20:39:52.548   663   905 W ImageReader_JNI: Unable to acquire a buffer item, very likely client tried to acquire more than maxImages buffers
05-09 20:39:52.567  2573  2573 I AutofillManager: onInvisibleForAutofill(): expiringResponse
05-09 20:39:52.567  2573  2573 D LifecycleMonitor: Lifecycle status change: com.team4.vinilosapp.MainActivity@ebfe88d in: STOPPED
05-09 20:39:52.567  2573  2573 V ActivityScenario: Update currentActivityStage to STOPPED, currentActivity=com.team4.vinilosapp.MainActivity@ebfe88d
05-09 20:39:52.583   663   905 E ConsumerBase: [ImageReader-1024x2284f1m1-663-373] abandonLocked: ConsumerBase is abandoned!
05-09 20:39:52.606  2573  2573 D WindowOnBackDispatcher: setTopOnBackInvokedCallback (unwrapped): null
05-09 20:39:52.606  2573  2573 D LifecycleMonitor: Lifecycle status change: com.team4.vinilosapp.MainActivity@ebfe88d in: DESTROYED
05-09 20:39:52.606  2573  2573 V ActivityScenario: Update currentActivityStage to DESTROYED, currentActivity=null
05-09 20:39:52.608  2573  2587 D IdlingRegistry: Unregistering idling resources: [androidx.compose.ui.test.EspressoLink@4cb0263]
05-09 20:39:52.610  2573  2573 D ViewRootImpl: Skipping stats log for color mode
05-09 20:39:52.611  1076  1076 D RecentsView: onTaskRemoved: 700, not handling task stack changes
05-09 20:39:52.611  1076  1076 D RecentsView: onTaskRemoved: 700, not handling task stack changes
05-09 20:39:52.611  1076  1076 D RecentTasksList: invalidateLoadedTasks - previous requestLoadId: -1
05-09 20:39:52.634  2573  2587 I TestRunner: finished: associatePrizeToArtist_andValidateItIsDisplayedInArtistDetail(com.team4.vinilosapp.ui.AssociatePrizeArtistScreenTest)
