05-09 20:39:39.567  3713  3713 I artd    : GetBestInfo: dm (/data/app/~~mhgDiNMgaDWl5PolxioL9w==/com.google.android.gms-xnyh92E0gCB97NnydWtj9g==/split_MeasurementDynamite_installtime.dm) is kOatUpToDate with filter 'verify' executable 'false'
05-09 20:39:39.571  3713  3713 I artd    : GetBestInfo: dm (/data/app/~~mhgDiNMgaDWl5PolxioL9w==/com.google.android.gms-xnyh92E0gCB97NnydWtj9g==/split_all_locale_splits.dm) is kOatUpToDate with filter 'verify' executable 'false'
05-09 20:39:39.571  3713  4136 I artd    : GetBestInfo: /data/user_de/0/com.google.android.gms/app_chimera/m/00000001/CronetDynamite.apk has no usable artifacts
05-09 20:39:39.571  3713  4136 I artd    : GetBestInfo: /data/user_de/0/com.google.android.gms/app_chimera/m/00000002/DynamiteLoader.apk has no usable artifacts
05-09 20:39:39.571  3713  4136 I artd    : GetBestInfo: /data/user_de/0/com.google.android.gms/app_chimera/m/00000005/GoogleCertificates.apk has no usable artifacts
05-09 20:39:39.572  3713  4136 I artd    : GetBestInfo: /data/user_de/0/com.google.android.gms/app_chimera/m/00000013/dl-MlkitBarcodeUi.optional_261332100400.apk has no usable artifacts
05-09 20:39:39.575  3713  4136 I artd    : GetBestInfo: /data/user_de/0/com.google.android.gms/app_chimera/m/00000015/dl-MlkitOcrCommon.optional_261332100400.apk has no usable artifacts
05-09 20:39:39.577  3713  3713 I artd    : GetBestInfo: /data/user_de/0/com.google.android.gms/app_chimera/m/0000000d/dl-Appsearch.optional_261136100400.apk has no usable artifacts
05-09 20:39:39.579  3713  3713 I artd    : GetBestInfo: /data/user_de/0/com.google.android.gms/app_chimera/m/00000012/dl-PlayCloudSearch.optional_261332100000.apk has no usable artifacts
05-09 20:39:39.586  3713  3713 I artd    : GetBestInfo: /data/user_de/0/com.google.android.gms/app_chimera/m/0000000a/dl-MlkitOcrCommon.optional_261136100400.apk has no usable artifacts
05-09 20:39:39.588  3713  4136 I artd    : GetBestInfo: /data/user_de/0/com.google.android.gms/app_chimera/m/00000008/dl-TfliteDynamiteDynamite.integ_252130102100400.apk has no usable artifacts
05-09 20:39:39.589  3713  4136 I artd    : GetBestInfo: vdex next to the dex file (/data/user/0/com.google.android.gms/app_dg_cache/87E7746227FF4E457A2EB56043B95E41006DE49F/oat/arm64/the.vdex) is kOatUpToDate with filter 'verify' executable 'false'
05-09 20:39:39.590  3713  4136 I artd    : GetBestInfo: /data/user_de/0/com.google.android.gms/app_chimera/m/00000009/dl-VisionOcr.optional_261136100000.apk has no usable artifacts
05-09 20:39:39.591  3713  3713 I artd    : GetBestInfo: /data/user_de/0/com.google.android.gms/app_chimera/m/00000010/dl-VisionOcr.optional_261332100000.apk has no usable artifacts
05-09 20:39:39.595  3713  3713 I artd    : GetBestInfo: vdex next to the dex file (/data/user/0/com.google.android.gms/app_dg_cache/21A90BF1C1C388089206DCE215FB60D7882BFA18/oat/arm64/the.vdex) is kOatUpToDate with filter 'verify' executable 'false'
05-09 20:39:39.595  3713  3713 I artd    : GetBestInfo: /data/user_de/0/com.google.android.gms/app_chimera/m/0000001d/dl-IdentityCredentialsPlacebo.optional_261332100400.apk has no usable artifacts
05-09 20:39:39.597  3713  4136 I artd    : GetBestInfo: /data/user_de/0/com.google.android.gms/app_chimera/m/0000000e/dl-MlkitBarcodeUi.optional_261136100400.apk has no usable artifacts
05-09 20:39:39.605  3713  3713 I artd    : GetBestInfo: /data/user/0/com.google.android.gms/app_dg_cache/707FFD883BF2A7896692338F9625CA52336E933B/the.apk has no usable artifacts
05-09 20:39:39.605  3713  4136 I artd    : GetBestInfo: /data/user_de/0/com.google.android.gms/app_chimera/m/00000007/MeasurementDynamite.apk has no usable artifacts
05-09 20:39:39.607  3713  3713 I artd    : GetBestInfo: /data/user_de/0/com.google.android.gms/app_chimera/m/0000000b/dl-PlayCloudSearch.optional_261136100000.apk has no usable artifacts
05-09 20:39:39.612  3713  4136 I artd    : GetBestInfo: /data/user_de/0/com.google.android.gms/app_chimera/m/00000011/dl-Appsearch.optional_261332100400.apk has no usable artifacts
05-09 20:39:39.642   499   602 W skia    : AGTM parsing failed flags.readFromStream(s) at 159
05-09 20:39:39.642   499   602 W skia    : AGTM parsing failed flags.readFromStream(s) at 159
05-09 20:39:39.642  1076  1076 V BaseDepthController: Applying blur: 0 to Surface(name=VRI-com.google.android.apps.nexuslauncher/com.google.android.apps.nexuslauncher.NexusLauncherActivity#12866)/@0x1dd2a08 applyImmediately: false
05-09 20:39:39.642  1076  1076 D BaseDepthController: shouldBlurWorkspace: false targetState: Normal currentStableState: Normal mCurrentBlur: 0 mLauncher.getDepthBlurTargets(): [com.android.launcher3.Workspace{c8eda3 V.ED..... ........ 0,0-1280,2856 #7f0a0486 app:id/workspace}, com.android.launcher3.Hotseat{d0708a0 V.ED..... ........ 0,2289-1280,2856 #7f0a01f6 app:id/hotseat}]
05-09 20:39:39.743  1076  1076 V BaseDepthController: Applying blur: 0 to Surface(name=VRI-com.google.android.apps.nexuslauncher/com.google.android.apps.nexuslauncher.NexusLauncherActivity#12866)/@0x1dd2a08 applyImmediately: false
05-09 20:39:39.743  1076  1076 D BaseDepthController: shouldBlurWorkspace: false targetState: Normal currentStableState: Normal mCurrentBlur: 0 mLauncher.getDepthBlurTargets(): [com.android.launcher3.Workspace{c8eda3 V.ED..... ........ 0,0-1280,2856 #7f0a0486 app:id/workspace}, com.android.launcher3.Hotseat{d0708a0 V.ED..... ........ 0,2289-1280,2856 #7f0a01f6 app:id/hotseat}]
05-09 20:39:39.916   499   602 W skia    : AGTM parsing failed flags.readFromStream(s) at 159
05-09 20:39:39.916   499   602 W skia    : AGTM parsing failed flags.readFromStream(s) at 159
05-09 20:39:39.955   547 27315 W libbinder.IPCThreadState: Sending oneway calls to frozen process.
05-09 20:39:39.985  1076  1076 V BaseDepthController: Applying blur: 0 to Surface(name=VRI-com.google.android.apps.nexuslauncher/com.google.android.apps.nexuslauncher.NexusLauncherActivity#12866)/@0x1dd2a08 applyImmediately: false
05-09 20:39:39.985  1076  1076 D BaseDepthController: shouldBlurWorkspace: false targetState: Normal currentStableState: Normal mCurrentBlur: 0 mLauncher.getDepthBlurTargets(): [com.android.launcher3.Workspace{c8eda3 V.ED..... ........ 0,0-1280,2856 #7f0a0486 app:id/workspace}, com.android.launcher3.Hotseat{d0708a0 V.ED..... ........ 0,2289-1280,2856 #7f0a01f6 app:id/hotseat}]
05-09 20:39:40.067   934   946 W System  : A resource failed to call release.
05-09 20:39:40.067   934   946 W System  : A resource failed to call release.
05-09 20:39:40.067   934   946 W System  : A resource failed to call release.
05-09 20:39:40.067   934   946 W System  : A resource failed to call release.
05-09 20:39:40.067   934   946 W System  : A resource failed to call release.
05-09 20:39:40.067   934   946 W System  : A resource failed to call release.
05-09 20:39:40.067   934   946 W System  : A resource failed to call release.
05-09 20:39:40.067   934   946 W System  : A resource failed to call release.
05-09 20:39:40.067   934   946 W System  : A resource failed to call release.
05-09 20:39:40.068   934   946 W System  : A resource failed to call release.
05-09 20:39:40.068   934   946 W System  : A resource failed to call release.
05-09 20:39:40.068   934   946 W System  : A resource failed to call release.
05-09 20:39:40.068   934   946 W System  : A resource failed to call release.
05-09 20:39:40.068   934   946 W System  : A resource failed to call release.
05-09 20:39:40.068   934   946 W System  : A resource failed to call release.
05-09 20:39:40.068   934   946 W System  : A resource failed to call release.
05-09 20:39:40.068   934   946 W System  : A resource failed to call release.
05-09 20:39:40.068   934   946 W System  : A resource failed to call release.
05-09 20:39:40.068   934   946 W System  : A resource failed to call release.
05-09 20:39:40.068   934   946 W System  : A resource failed to call release.
05-09 20:39:40.068   934   946 W System  : A resource failed to call release.
05-09 20:39:40.068   934   946 W System  : A resource failed to call release.
05-09 20:39:40.068   934   946 W System  : A resource failed to call release.
05-09 20:39:40.080  1076  1076 V BaseDepthController: Applying blur: 0 to Surface(name=VRI-com.google.android.apps.nexuslauncher/com.google.android.apps.nexuslauncher.NexusLauncherActivity#12866)/@0x1dd2a08 applyImmediately: false
05-09 20:39:40.080  1076  1076 D BaseDepthController: shouldBlurWorkspace: false targetState: Normal currentStableState: Normal mCurrentBlur: 0 mLauncher.getDepthBlurTargets(): [com.android.launcher3.Workspace{c8eda3 V.ED..... ........ 0,0-1280,2856 #7f0a0486 app:id/workspace}, com.android.launcher3.Hotseat{d0708a0 V.ED..... ........ 0,2289-1280,2856 #7f0a01f6 app:id/hotseat}]
05-09 20:39:40.129  1076  1076 V BaseDepthController: Applying blur: 0 to Surface(name=VRI-com.google.android.apps.nexuslauncher/com.google.android.apps.nexuslauncher.NexusLauncherActivity#12866)/@0x1dd2a08 applyImmediately: false
05-09 20:39:40.129  1076  1076 D BaseDepthController: setEarlyWakeup: false
05-09 20:39:40.129  1076  1076 D BaseDepthController: shouldBlurWorkspace: false targetState: Normal currentStableState: Normal mCurrentBlur: 0 mLauncher.getDepthBlurTargets(): [com.android.launcher3.Workspace{c8eda3 V.ED..... ........ 0,0-1280,2856 #7f0a0486 app:id/workspace}, com.android.launcher3.Hotseat{d0708a0 V.ED..... ........ 0,2289-1280,2856 #7f0a01f6 app:id/hotseat}]
05-09 20:39:40.178   499   602 W skia    : AGTM parsing failed flags.readFromStream(s) at 159
05-09 20:39:40.178   499   602 W skia    : AGTM parsing failed flags.readFromStream(s) at 159
05-09 20:39:40.285   499   602 W skia    : AGTM parsing failed flags.readFromStream(s) at 159
05-09 20:39:40.285   499   602 W skia    : AGTM parsing failed flags.readFromStream(s) at 159
05-09 20:39:40.285  1076  1076 D ScalingWorkspaceRevealAnim: onAnimationEnd, workspace and hotseat are visible
05-09 20:39:40.285  1076  1076 V BaseDepthController: Applying blur: 0 to Surface(name=VRI-com.google.android.apps.nexuslauncher/com.google.android.apps.nexuslauncher.NexusLauncherActivity#12866)/@0x1dd2a08 applyImmediately: false
05-09 20:39:40.285  1076  1076 D BaseDepthController: shouldBlurWorkspace: false targetState: Normal currentStableState: Normal mCurrentBlur: 0 mLauncher.getDepthBlurTargets(): [com.android.launcher3.Workspace{c8eda3 V.ED..... ......ID 0,0-1280,2856 #7f0a0486 app:id/workspace}, com.android.launcher3.Hotseat{d0708a0 V.ED..... ......ID 0,2289-1280,2856 #7f0a01f6 app:id/hotseat}]
05-09 20:39:40.294  2573  2573 D VRI[ComponentActivity]: visibilityChanged oldVisibility=true newVisibility=false
05-09 20:39:40.315   663   905 I Surface : Creating surface for consumer unnamed-663-369 with slotExpansion=1 for 64 slots
05-09 20:39:40.315   663   905 I Surface : Creating surface for consumer ImageReader-1024x2284f1m1-663-369 with slotExpansion=1 for 64 slots
05-09 20:39:40.315   663   905 W ImageReader_JNI: Unable to acquire a buffer item, very likely client tried to acquire more than maxImages buffers
05-09 20:39:40.319  2605  2605 D WindowOnBackDispatcher: setTopOnBackInvokedCallback (unwrapped): null
05-09 20:39:40.324  2573  2573 D LifecycleMonitor: Lifecycle status change: androidx.activity.ComponentActivity@9ca1ab3 in: STOPPED
05-09 20:39:40.324  2573  2573 V ActivityScenario: Update currentActivityStage to STOPPED, currentActivity=androidx.activity.ComponentActivity@9ca1ab3
05-09 20:39:40.329  2605  2605 D ViewRootImpl: Skipping stats log for color mode
05-09 20:39:40.331   663   905 E ConsumerBase: [ImageReader-1024x2284f1m1-663-369] abandonLocked: ConsumerBase is abandoned!
05-09 20:39:40.343  2573  2573 D WindowOnBackDispatcher: setTopOnBackInvokedCallback (unwrapped): null
05-09 20:39:40.345  2573  2573 D LifecycleMonitor: Lifecycle status change: androidx.activity.ComponentActivity@9ca1ab3 in: DESTROYED
05-09 20:39:40.345  2573  2573 V ActivityScenario: Update currentActivityStage to DESTROYED, currentActivity=null
05-09 20:39:40.356  2573  2587 D IdlingRegistry: Unregistering idling resources: [androidx.compose.ui.test.EspressoLink@561a77d]
05-09 20:39:40.376  2573  2573 D ViewRootImpl: Skipping stats log for color mode
05-09 20:39:40.383  2573  2587 I TestRunner: finished: albumsScreen_appliesFilter_andClosesBottomSheet(com.team4.vinilosapp.ui.AlbumsScreenTest)
